--------- beginning of main
01-30 10:27:32.108 30183 30183 I m.techducat.ajo: Late-enabling -Xcheck:jni
01-30 10:27:32.145 30183 30183 I m.techducat.ajo: Using CollectorTypeCMC GC.
01-30 10:27:32.158 30183 30183 D nativeloader: Load libframework-connectivity-tiramisu-jni.so using APEX ns com_android_tethering for caller /apex/com.android.tethering/javalib/framework-connectivity-t.jar: ok
01-30 10:27:32.216 30183 30183 D ApplicationLoaders: Returning zygote-cached class loader: /system_ext/framework/androidx.window.extensions.jar
01-30 10:27:32.217 30183 30183 D ApplicationLoaders: Returning zygote-cached class loader: /system_ext/framework/androidx.window.sidecar.jar
01-30 10:27:33.256 30183 30183 D nativeloader: Configuring clns-7 for other apk /data/app/~~t6nLZwgNcghAEHi7rorVtA==/com.techducat.ajo-g9CdA3lXad13x2UZq-gmWQ==/base.apk. target_sdk_version=35, uses_libraries=, library_path=/data/app/~~t6nLZwgNcghAEHi7rorVtA==/com.techducat.ajo-g9CdA3lXad13x2UZq-gmWQ==/lib/arm64:/data/app/~~t6nLZwgNcghAEHi7rorVtA==/com.techducat.ajo-g9CdA3lXad13x2UZq-gmWQ==/base.apk!/lib/arm64-v8a, permitted_path=/data:/mnt/expand:/data/user/0/com.techducat.ajo
01-30 10:27:33.258 30183 30183 W CheckTime: App running slow: Executing application classloader create took 1041ms
01-30 10:27:33.259 30183 30183 D CompatChangeReporter: Compat change id reported: 202956589; UID 10340; state: ENABLED
01-30 10:27:33.271 30183 30183 V GraphicsEnvironment: Currently set values for:
01-30 10:27:33.271 30183 30183 V GraphicsEnvironment:   angle_gl_driver_selection_pkgs=[]
01-30 10:27:33.271 30183 30183 V GraphicsEnvironment:   angle_gl_driver_selection_values=[]
01-30 10:27:33.271 30183 30183 V GraphicsEnvironment: Global.Settings values are invalid: number of packages: 0, number of values: 0
01-30 10:27:33.271 30183 30183 V GraphicsEnvironment: Neither updatable production driver nor prerelease driver is supported.
01-30 10:27:33.323 30183 30183 I FirebaseApp: Device unlocked: initializing all Firebase APIs for app [DEFAULT]
01-30 10:27:33.329 30183 30183 I FirebaseInitProvider: FirebaseApp initialization successful
01-30 10:27:33.338 30183 30183 D WM-WrkMgrInitializer: Initializing WorkManager with default configuration.
01-30 10:27:33.396 30183 30183 D nativeloader: Load libunipnp_jni.so using system ns (caller=/system_ext/framework/unipnp-framework.jar): ok
01-30 10:27:33.402 30183 30183 D CompatChangeReporter: Compat change id reported: 279646685; UID 10340; state: ENABLED
01-30 10:27:33.475 30183 30183 D com.techducat.ajo.util.AuthStateManager: Auth state check - UserId: 105624496574884292174, Google: osun.payroll@gmail.com, Authenticated: true
01-30 10:27:33.475 30183 30183 I AjoApplication: AuthStateManager initialized
01-30 10:27:33.475 30183 30183 I AjoApplication: Setting up WalletSuite listeners (wallet not initialized yet)
01-30 10:27:33.496 30183 30183 W WalletSuite: No config found in assets; using defaults
01-30 10:27:33.560 30183 30183 D nativeloader: Load /data/app/~~t6nLZwgNcghAEHi7rorVtA==/com.techducat.ajo-g9CdA3lXad13x2UZq-gmWQ==/base.apk!/lib/arm64-v8a/libmonerujo.so using class loader ns clns-7 (caller=/data/app/~~t6nLZwgNcghAEHi7rorVtA==/com.techducat.ajo-g9CdA3lXad13x2UZq-gmWQ==/base.apk!classes6.dex): ok
01-30 10:27:33.560 30183 30183 I WalletNDK: JNI_OnLoad
01-30 10:27:33.561 30183 30183 I AjoApplication: AjoApplication initialized successfully
01-30 10:27:33.575 30183 30206 D vulkan  : searching for layers in '/data/app/~~t6nLZwgNcghAEHi7rorVtA==/com.techducat.ajo-g9CdA3lXad13x2UZq-gmWQ==/lib/arm64'
01-30 10:27:33.576 30183 30206 D vulkan  : searching for layers in '/data/app/~~t6nLZwgNcghAEHi7rorVtA==/com.techducat.ajo-g9CdA3lXad13x2UZq-gmWQ==/base.apk!/lib/arm64-v8a'
01-30 10:27:33.575 30183 30183 W RenderThread: type=1400 audit(0.0:586901): avc:  denied  { read } for  name="large_page_conf" dev="sysfs" ino=56790 scontext=u:r:untrusted_app:s0:c84,c257,c512,c768 tcontext=u:object_r:sysfs:s0 tclass=file permissive=0 app=com.techducat.ajo
01-30 10:27:33.617 30183 30183 D AppCompatDelegate: Checking for metadata for AppLocalesMetadataHolderService : Service not found
01-30 10:27:33.662 30183 30183 D CompatChangeReporter: Compat change id reported: 309578419; UID 10340; state: ENABLED
01-30 10:27:33.688 30183 30183 I m.techducat.ajo: hiddenapi: Accessing hidden method Landroid/view/ViewGroup;->makeOptionalFitsSystemWindows()V (runtime_flags=0, domain=platform, api=unsupported) from Landroidx/appcompat/widget/ViewUtils; (domain=app) using reflection: allowed
01-30 10:27:33.717 30183 30183 D CompatChangeReporter: Compat change id reported: 63938206; UID 10340; state: ENABLED
01-30 10:27:33.740 30183 30183 D com.techducat.ajo.ui.splash.SplashActivity: Normal app launch (no deep link)
01-30 10:27:33.763 30183 30183 D com.techducat.ajo.ui.splash.SplashActivity: Initializing app...
01-30 10:27:33.763 30183 30183 D com.techducat.ajo.ui.splash.SplashActivity: Wallet initialization skipped or handled elsewhere
01-30 10:27:33.775 30183 30183 I ContentCaptureHelper: Setting logging level to OFF
01-30 10:27:33.795 30183 30183 W HWUI    : Unknown dataspace 0
01-30 10:27:33.853 30183 30183 I m.techducat.ajo: hook_module_init libgui_unisoc_utils.so over, map size:3, library handle:0xd1a18165a1b81501
01-30 10:27:33.853 30183 30183 I UnisocBufferQueueHelper: Unisoc-Graphics: UnisocBufferQueueHelper create, this:0xb4000073559ac0f0, size:88
01-30 10:27:33.853 30183 30183 I m.techducat.ajo: createUnisocBufferQueueHelperFactory success, get instance 0xb4000073559ac0f0
01-30 10:27:33.853 30183 30183 I m.techducat.ajo: Unisoc-Graphics: UnisocFrameRecord create, this:0xb4000074959df730, size:296, enable:0
01-30 10:27:33.853 30183 30183 I m.techducat.ajo: createUnisocFrameRecordFactory success, get instance 0xb4000074959df730
01-30 10:27:33.865 30183 30223 D mali_gralloc: register: id=44000022cba, handle=0xb4000074759c7530, importpid=30183
01-30 10:27:33.867 30183 30223 D mali_gralloc: register: id=44000022cbb, handle=0xb4000074759c71d0, importpid=30183
01-30 10:27:33.868 30183 30223 D mali_gralloc: register: id=44000022cbc, handle=0xb4000074759c68d0, importpid=30183
01-30 10:27:33.870 30183 30223 D mali_gralloc: register: id=44000022cbd, handle=0xb4000074759c72f0, importpid=30183
01-30 10:27:33.874 30183 30183 E DisplayEventDispatcher: dispatcher 0xb4000073c59b4840 ~ last event processed while scheduling was for 454941985
01-30 10:27:33.907 30183 30183 W Choreographer: Already have a pending vsync event.  There should only be one at a time.
01-30 10:27:34.251 30183 30188 I m.techducat.ajo: Compiler allocated 4134KB to compile void android.widget.TextView.<init>(android.content.Context, android.util.AttributeSet, int, int)
01-30 10:27:34.689 30183 30188 I m.techducat.ajo: Compiler allocated 6495KB to compile void android.view.ViewRootImpl.performTraversals()
01-30 10:27:36.032 30183 30249 I RoscaManager: === SYNCING MEMBER MULTISIG INFO (IMPROVED) ===
01-30 10:27:36.032 30183 30249 D RoscaManager: User ID: 105624496574884292174
01-30 10:27:36.048 30183 30255 V com.techducat.ajo.data.local.DatabaseConverters: toMultisigInfo: Input JSON: {"address":"56ysxofWMrAAuFCpdhvCg6hyhDgKQBmfzcC8Z88nzTaeZwN8sf9hoxE7uNv6Ptgm7yfPYoykVQjqNFPf3xDib9ipQeS3iHa","viewKey":"","isReady":false,"exchangeState":"MultisigxV2R1SqsxqoGGPEABAcs7K7kxgrPzdFmC8cdCBKVBfdtfoSY8drSDGqtCTJH6AFt8KmdDJcX2VBCyDBzPJSe4AAQEnRirjUoBex3BocMXmLyZ2yRRcwJauWWRSrdEMXaBHv5ZKnU9WgRVCGRz5RjK3b1AajzYMhiJJkXReL2fCNeg11CCVKRW"}
01-30 10:27:36.049 30183 30255 D com.techducat.ajo.data.local.DatabaseConverters: toMultisigInfo: Successfully converted from JSON
01-30 10:27:36.049 30183 30249 I com.techducat.ajo.util.Logger: com.techducat.ajo.service.ContributionHandler: Restored 0 pending contributions
01-30 10:27:36.054 30183 30255 D com.techducat.ajo.data.local.DatabaseConverters:   address: 56ysxofWMrAAuFCpdhvC...
01-30 10:27:36.054 30183 30255 D com.techducat.ajo.data.local.DatabaseConverters:   viewKey length: 0
01-30 10:27:36.054 30183 30255 D com.techducat.ajo.data.local.DatabaseConverters:   isReady: false
01-30 10:27:36.054 30183 30255 D com.techducat.ajo.data.local.DatabaseConverters:   exchangeState: MultisigxV2R1SqsxqoGGPEABAcs7K7kxgrPzdFmC8cdCBKVBfdtfoSY8drSDGqtCTJH6AFt8KmdDJcX2VBCyDBzPJSe4AAQEnRirjUoBex3BocMXmLyZ2yRRcwJauWWRSrdEMXaBHv5ZKnU9WgRVCGRz5RjK3b1AajzYMhiJJkXReL2fCNeg11CCVKRW
01-30 10:27:36.056 30183 30255 V com.techducat.ajo.data.local.DatabaseConverters: toMultisigInfo: Input JSON: {"address":"52Eo2e4TtkZaWnQhpqashacEEVUcPLKtaYcPzZKFWjUwNwoKuMhAzyC2z8hkFoRJBN1yktQeqhstZXfpLQk7bnxHB1m34Z9","viewKey":"","isReady":false,"exchangeState":"MultisigxV2R1ZCPVbD5QM4cSqBDhpUkxAP3EQ7WQC3Utwcy6SQ1hRcH4ZUe13M4grA79AF9YuDQNN8axtd1HBduLb4wHMzc4sG4x3o59QYNUskFYPU1oVxL5mniL2Bj9rv37r9Hh8RqwnVd38oHWm7EGTAnVX2iBiYfdHKDzrRsqs77btjiXsbjWUATY"}
01-30 10:27:36.056 30183 30255 D com.techducat.ajo.data.local.DatabaseConverters: toMultisigInfo: Successfully converted from JSON
01-30 10:27:36.056 30183 30255 D com.techducat.ajo.data.local.DatabaseConverters:   address: 52Eo2e4TtkZaWnQhpqas...
01-30 10:27:36.056 30183 30255 D com.techducat.ajo.data.local.DatabaseConverters:   viewKey length: 0
01-30 10:27:36.056 30183 30255 D com.techducat.ajo.data.local.DatabaseConverters:   isReady: false
01-30 10:27:36.056 30183 30255 D com.techducat.ajo.data.local.DatabaseConverters:   exchangeState: MultisigxV2R1ZCPVbD5QM4cSqBDhpUkxAP3EQ7WQC3Utwcy6SQ1hRcH4ZUe13M4grA79AF9YuDQNN8axtd1HBduLb4wHMzc4sG4x3o59QYNUskFYPU1oVxL5mniL2Bj9rv37r9Hh8RqwnVd38oHWm7EGTAnVX2iBiYfdHKDzrRsqs77btjiXsbjWUATY
01-30 10:27:36.057 30183 30249 D com.techducat.ajo.repository.impl.RoscaRepositoryImpl: Retrieved 2 members from database
01-30 10:27:36.057 30183 30249 D MemberEntity: toDomain conversion:
01-30 10:27:36.057 30183 30249 D MemberEntity:   ID: 4b335ba0-ddf8-46c3-aedc-5e3e1fbc26ac
01-30 10:27:36.057 30183 30249 D MemberEntity:   UserId: 101162925197083414687
01-30 10:27:36.058 30183 30249 D MemberEntity:   Name: Creator
01-30 10:27:36.058 30183 30249 D MemberEntity:   MultisigInfo before conversion: true
01-30 10:27:36.059 30183 30249 D MemberEntity:   MultisigInfo after conversion: true
01-30 10:27:36.059 30183 30249 D MemberEntity:     Address: 56ysxofWMrAAuFCpdhvC...
01-30 10:27:36.059 30183 30249 D MemberEntity:     IsReady: false
01-30 10:27:36.059 30183 30249 D MemberEntity:   Resolved walletAddress: 56ysxofWMrAAuFCpdhvC...
01-30 10:27:36.060 30183 30249 D MemberEntity: toDomain conversion:
01-30 10:27:36.060 30183 30249 D MemberEntity:   ID: 3f792859-dd64-4f54-b8f2-80742b2da7d4
01-30 10:27:36.060 30183 30249 D MemberEntity:   UserId: 106565310936244799465
01-30 10:27:36.060 30183 30249 D MemberEntity:   Name: 
01-30 10:27:36.060 30183 30249 D MemberEntity:   MultisigInfo before conversion: true
01-30 10:27:36.060 30183 30249 D MemberEntity:   MultisigInfo after conversion: true
01-30 10:27:36.060 30183 30249 D MemberEntity:     Address: 52Eo2e4TtkZaWnQhpqas...
01-30 10:27:36.060 30183 30249 D MemberEntity:     IsReady: false
01-30 10:27:36.060 30183 30249 D MemberEntity:   Resolved walletAddress: 52Eo2e4TtkZaWnQhpqas...
01-30 10:27:36.060 30183 30249 D RoscaManager: Found 0 ROSCA memberships for user
01-30 10:27:36.060 30183 30249 I RoscaManager: === SYNC COMPLETE ===
01-30 10:27:36.061 30183 30249 I RoscaManager: ✓ Updated: 0
01-30 10:27:36.061 30183 30249 I RoscaManager: ⏭️ Skipped: 0 (already have info)
01-30 10:27:36.061 30183 30249 I RoscaManager: ❌ Failed: 0
01-30 10:27:36.119 30183 30183 D CompatChangeReporter: Compat change id reported: 303326708; UID 10340; state: ENABLED
01-30 10:27:36.187 30183 30183 D ApplicationLoaders: Returning zygote-cached class loader: /system/framework/org.apache.http.legacy.jar
01-30 10:27:36.190 30183 30183 D nativeloader: Configuring clns-8 for other apk /system/framework/com.android.media.remotedisplay.jar. target_sdk_version=36, uses_libraries=ALL, library_path=/data/app/~~V0EfA3khrezAvZrX0FxrCg==/com.google.android.gms-9_OtI11JdJPDBPRkJjSfzg==/lib/arm64:/data/app/~~V0EfA3khrezAvZrX0FxrCg==/com.google.android.gms-9_OtI11JdJPDBPRkJjSfzg==/base.apk!/lib/arm64-v8a, permitted_path=/data:/mnt/expand:/data/user/0/com.google.android.gms
01-30 10:27:36.193 30183 30183 W m.techducat.ajo: Loading /data/misc/apexdata/com.android.art/dalvik-cache/arm64/system@framework@com.android.location.provider.jar@classes.odex non-executable as it requires an image which we failed to load
01-30 10:27:36.195 30183 30183 D nativeloader: Configuring clns-9 for other apk /system/framework/com.android.location.provider.jar. target_sdk_version=36, uses_libraries=ALL, library_path=/data/app/~~V0EfA3khrezAvZrX0FxrCg==/com.google.android.gms-9_OtI11JdJPDBPRkJjSfzg==/lib/arm64:/data/app/~~V0EfA3khrezAvZrX0FxrCg==/com.google.android.gms-9_OtI11JdJPDBPRkJjSfzg==/base.apk!/lib/arm64-v8a, permitted_path=/data:/mnt/expand:/data/user/0/com.google.android.gms
01-30 10:27:36.196 30183 30183 D ApplicationLoaders: Returning zygote-cached class loader: /system_ext/framework/androidx.window.extensions.jar
01-30 10:27:36.196 30183 30183 D ApplicationLoaders: Returning zygote-cached class loader: /system_ext/framework/androidx.window.sidecar.jar
01-30 10:27:36.200 30183 30183 W m.techducat.ajo: Loading /data/app/~~V0EfA3khrezAvZrX0FxrCg==/com.google.android.gms-9_OtI11JdJPDBPRkJjSfzg==/oat/arm64/base.odex non-executable as it requires an image which we failed to load
01-30 10:27:36.206 30183 30183 D nativeloader: Configuring clns-10 for other apk /data/app/~~V0EfA3khrezAvZrX0FxrCg==/com.google.android.gms-9_OtI11JdJPDBPRkJjSfzg==/base.apk. target_sdk_version=36, uses_libraries=, library_path=/data/app/~~V0EfA3khrezAvZrX0FxrCg==/com.google.android.gms-9_OtI11JdJPDBPRkJjSfzg==/lib/arm64:/data/app/~~V0EfA3khrezAvZrX0FxrCg==/com.google.android.gms-9_OtI11JdJPDBPRkJjSfzg==/base.apk!/lib/arm64-v8a, permitted_path=/data:/mnt/expand:/data/user/0/com.google.android.gms
01-30 10:27:36.226 30183 30183 I DynamiteModule: Considering local module com.google.android.gms.signinbutton_dynamite:0 and remote module com.google.android.gms.signinbutton_dynamite:2
01-30 10:27:36.226 30183 30183 I DynamiteModule: Selected remote version of com.google.android.gms.signinbutton_dynamite, version >= 2
01-30 10:27:36.238 30183 30183 W System  : ClassLoader referenced unknown path: 
01-30 10:27:36.239 30183 30183 D nativeloader: Configuring clns-11 for other apk . target_sdk_version=36, uses_libraries=, library_path=/data/app/~~V0EfA3khrezAvZrX0FxrCg==/com.google.android.gms-9_OtI11JdJPDBPRkJjSfzg==/lib/arm64:/data/app/~~V0EfA3khrezAvZrX0FxrCg==/com.google.android.gms-9_OtI11JdJPDBPRkJjSfzg==/base.apk!/lib/arm64-v8a, permitted_path=/data:/mnt/expand:/data/user/0/com.google.android.gms
01-30 10:27:36.246 30183 30183 W m.techducat.ajo: ClassLoaderContext classpath element checksum mismatch. expected=624981421, found=2609992454 (DLC[];PCL[base.apk*624981421]{PCL[/system/framework/org.apache.http.legacy.jar*437079508]#PCL[/system/framework/com.android.media.remotedisplay.jar*2042759013]#PCL[/system/framework/com.android.location.provider.jar*3414091812]#PCL[/system_ext/framework/androidx.window.extensions.jar*3754569658]#PCL[/system_ext/framework/androidx.window.sidecar.jar*372857576]} | DLC[];PCL[/data/app/~~t6nLZwgNcghAEHi7rorVtA==/com.techducat.ajo-g9CdA3lXad13x2UZq-gmWQ==/base.apk*2609992454]{PCL[/system_ext/framework/androidx.window.extensions.jar*3754569658]#PCL[/system_ext/framework/androidx.window.sidecar.jar*372857576]})
01-30 10:27:36.332 30183 30183 D com.techducat.ajo.ui.dashboard.DashboardFragment: === USER IDENTITY DEBUG ===
01-30 10:27:36.332 30183 30183 D com.techducat.ajo.ui.dashboard.DashboardFragment: SharedPrefs user_id: 105624496574884292174
01-30 10:27:36.332 30183 30183 D com.techducat.ajo.ui.dashboard.DashboardFragment: Wallet address: null
01-30 10:27:36.332 30183 30183 D com.techducat.ajo.ui.dashboard.DashboardFragment: Match: false
01-30 10:27:36.332 30183 30183 D com.techducat.ajo.ui.dashboard.DashboardFragment: User logged in with ID: 105624496574884292174, loading ROSCAs
01-30 10:27:36.333 30183 30183 D com.techducat.ajo.ui.dashboard.DashboardFragment: Loading ROSCAs for user: 105624496574884292174
01-30 10:27:36.334 30183 30248 I RoscaManager: === SYNCING MEMBER MULTISIG INFO (IMPROVED) ===
01-30 10:27:36.334 30183 30248 D RoscaManager: User ID: 105624496574884292174
01-30 10:27:36.336 30183 30254 V com.techducat.ajo.data.local.DatabaseConverters: toMultisigInfo: Input JSON: {"address":"56ysxofWMrAAuFCpdhvCg6hyhDgKQBmfzcC8Z88nzTaeZwN8sf9hoxE7uNv6Ptgm7yfPYoykVQjqNFPf3xDib9ipQeS3iHa","viewKey":"","isReady":false,"exchangeState":"MultisigxV2R1SqsxqoGGPEABAcs7K7kxgrPzdFmC8cdCBKVBfdtfoSY8drSDGqtCTJH6AFt8KmdDJcX2VBCyDBzPJSe4AAQEnRirjUoBex3BocMXmLyZ2yRRcwJauWWRSrdEMXaBHv5ZKnU9WgRVCGRz5RjK3b1AajzYMhiJJkXReL2fCNeg11CCVKRW"}
01-30 10:27:36.337 30183 30254 D com.techducat.ajo.data.local.DatabaseConverters: toMultisigInfo: Successfully converted from JSON
01-30 10:27:36.337 30183 30254 D com.techducat.ajo.data.local.DatabaseConverters:   address: 56ysxofWMrAAuFCpdhvC...
01-30 10:27:36.337 30183 30254 D com.techducat.ajo.data.local.DatabaseConverters:   viewKey length: 0
01-30 10:27:36.337 30183 30254 D com.techducat.ajo.data.local.DatabaseConverters:   isReady: false
01-30 10:27:36.337 30183 30254 D com.techducat.ajo.data.local.DatabaseConverters:   exchangeState: MultisigxV2R1SqsxqoGGPEABAcs7K7kxgrPzdFmC8cdCBKVBfdtfoSY8drSDGqtCTJH6AFt8KmdDJcX2VBCyDBzPJSe4AAQEnRirjUoBex3BocMXmLyZ2yRRcwJauWWRSrdEMXaBHv5ZKnU9WgRVCGRz5RjK3b1AajzYMhiJJkXReL2fCNeg11CCVKRW
01-30 10:27:36.337 30183 30254 V com.techducat.ajo.data.local.DatabaseConverters: toMultisigInfo: Input JSON: {"address":"52Eo2e4TtkZaWnQhpqashacEEVUcPLKtaYcPzZKFWjUwNwoKuMhAzyC2z8hkFoRJBN1yktQeqhstZXfpLQk7bnxHB1m34Z9","viewKey":"","isReady":false,"exchangeState":"MultisigxV2R1ZCPVbD5QM4cSqBDhpUkxAP3EQ7WQC3Utwcy6SQ1hRcH4ZUe13M4grA79AF9YuDQNN8axtd1HBduLb4wHMzc4sG4x3o59QYNUskFYPU1oVxL5mniL2Bj9rv37r9Hh8RqwnVd38oHWm7EGTAnVX2iBiYfdHKDzrRsqs77btjiXsbjWUATY"}
01-30 10:27:36.337 30183 30261 V com.techducat.ajo.data.local.DatabaseConverters: toMultisigInfo: Input JSON: {"address":"56ysxofWMrAAuFCpdhvCg6hyhDgKQBmfzcC8Z88nzTaeZwN8sf9hoxE7uNv6Ptgm7yfPYoykVQjqNFPf3xDib9ipQeS3iHa","viewKey":"","isReady":false,"exchangeState":"MultisigxV2R1SqsxqoGGPEABAcs7K7kxgrPzdFmC8cdCBKVBfdtfoSY8drSDGqtCTJH6AFt8KmdDJcX2VBCyDBzPJSe4AAQEnRirjUoBex3BocMXmLyZ2yRRcwJauWWRSrdEMXaBHv5ZKnU9WgRVCGRz5RjK3b1AajzYMhiJJkXReL2fCNeg11CCVKRW"}
01-30 10:27:36.337 30183 30254 D com.techducat.ajo.data.local.DatabaseConverters: toMultisigInfo: Successfully converted from JSON
01-30 10:27:36.337 30183 30254 D com.techducat.ajo.data.local.DatabaseConverters:   address: 52Eo2e4TtkZaWnQhpqas...
01-30 10:27:36.337 30183 30254 D com.techducat.ajo.data.local.DatabaseConverters:   viewKey length: 0
01-30 10:27:36.337 30183 30254 D com.techducat.ajo.data.local.DatabaseConverters:   isReady: false
01-30 10:27:36.337 30183 30254 D com.techducat.ajo.data.local.DatabaseConverters:   exchangeState: MultisigxV2R1ZCPVbD5QM4cSqBDhpUkxAP3EQ7WQC3Utwcy6SQ1hRcH4ZUe13M4grA79AF9YuDQNN8axtd1HBduLb4wHMzc4sG4x3o59QYNUskFYPU1oVxL5mniL2Bj9rv37r9Hh8RqwnVd38oHWm7EGTAnVX2iBiYfdHKDzrRsqs77btjiXsbjWUATY
01-30 10:27:36.337 30183 30261 D com.techducat.ajo.data.local.DatabaseConverters: toMultisigInfo: Successfully converted from JSON
01-30 10:27:36.337 30183 30261 D com.techducat.ajo.data.local.DatabaseConverters:   address: 56ysxofWMrAAuFCpdhvC...
01-30 10:27:36.337 30183 30261 D com.techducat.ajo.data.local.DatabaseConverters:   viewKey length: 0
01-30 10:27:36.337 30183 30261 D com.techducat.ajo.data.local.DatabaseConverters:   isReady: false
01-30 10:27:36.337 30183 30261 D com.techducat.ajo.data.local.DatabaseConverters:   exchangeState: MultisigxV2R1SqsxqoGGPEABAcs7K7kxgrPzdFmC8cdCBKVBfdtfoSY8drSDGqtCTJH6AFt8KmdDJcX2VBCyDBzPJSe4AAQEnRirjUoBex3BocMXmLyZ2yRRcwJauWWRSrdEMXaBHv5ZKnU9WgRVCGRz5RjK3b1AajzYMhiJJkXReL2fCNeg11CCVKRW
01-30 10:27:36.337 30183 30261 V com.techducat.ajo.data.local.DatabaseConverters: toMultisigInfo: Input JSON: {"address":"52Eo2e4TtkZaWnQhpqashacEEVUcPLKtaYcPzZKFWjUwNwoKuMhAzyC2z8hkFoRJBN1yktQeqhstZXfpLQk7bnxHB1m34Z9","viewKey":"","isReady":false,"exchangeState":"MultisigxV2R1ZCPVbD5QM4cSqBDhpUkxAP3EQ7WQC3Utwcy6SQ1hRcH4ZUe13M4grA79AF9YuDQNN8axtd1HBduLb4wHMzc4sG4x3o59QYNUskFYPU1oVxL5mniL2Bj9rv37r9Hh8RqwnVd38oHWm7EGTAnVX2iBiYfdHKDzrRsqs77btjiXsbjWUATY"}
01-30 10:27:36.337 30183 30261 D com.techducat.ajo.data.local.DatabaseConverters: toMultisigInfo: Successfully converted from JSON
01-30 10:27:36.337 30183 30261 D com.techducat.ajo.data.local.DatabaseConverters:   address: 52Eo2e4TtkZaWnQhpqas...
01-30 10:27:36.338 30183 30249 D com.techducat.ajo.repository.impl.RoscaRepositoryImpl: Retrieved 2 members from database
01-30 10:27:36.338 30183 30261 D com.techducat.ajo.data.local.DatabaseConverters:   viewKey length: 0
01-30 10:27:36.338 30183 30249 D MemberEntity: toDomain conversion:
01-30 10:27:36.338 30183 30249 D MemberEntity:   ID: 4b335ba0-ddf8-46c3-aedc-5e3e1fbc26ac
01-30 10:27:36.338 30183 30249 D MemberEntity:   UserId: 101162925197083414687
01-30 10:27:36.338 30183 30249 D MemberEntity:   Name: Creator
01-30 10:27:36.338 30183 30249 D MemberEntity:   MultisigInfo before conversion: true
01-30 10:27:36.338 30183 30261 D com.techducat.ajo.data.local.DatabaseConverters:   isReady: false
01-30 10:27:36.338 30183 30249 D MemberEntity:   MultisigInfo after conversion: true
01-30 10:27:36.338 30183 30261 D com.techducat.ajo.data.local.DatabaseConverters:   exchangeState: MultisigxV2R1ZCPVbD5QM4cSqBDhpUkxAP3EQ7WQC3Utwcy6SQ1hRcH4ZUe13M4grA79AF9YuDQNN8axtd1HBduLb4wHMzc4sG4x3o59QYNUskFYPU1oVxL5mniL2Bj9rv37r9Hh8RqwnVd38oHWm7EGTAnVX2iBiYfdHKDzrRsqs77btjiXsbjWUATY
01-30 10:27:36.338 30183 30249 D MemberEntity:     Address: 56ysxofWMrAAuFCpdhvC...
01-30 10:27:36.338 30183 30249 D MemberEntity:     IsReady: false
01-30 10:27:36.338 30183 30249 D MemberEntity:   Resolved walletAddress: 56ysxofWMrAAuFCpdhvC...
01-30 10:27:36.338 30183 30249 D MemberEntity: toDomain conversion:
01-30 10:27:36.338 30183 30249 D MemberEntity:   ID: 3f792859-dd64-4f54-b8f2-80742b2da7d4
01-30 10:27:36.338 30183 30249 D MemberEntity:   UserId: 106565310936244799465
01-30 10:27:36.338 30183 30249 D MemberEntity:   Name: 
01-30 10:27:36.338 30183 30249 D MemberEntity:   MultisigInfo before conversion: true
01-30 10:27:36.339 30183 30249 D MemberEntity:   MultisigInfo after conversion: true
01-30 10:27:36.339 30183 30249 D MemberEntity:     Address: 52Eo2e4TtkZaWnQhpqas...
01-30 10:27:36.339 30183 30249 D MemberEntity:     IsReady: false
01-30 10:27:36.339 30183 30249 D MemberEntity:   Resolved walletAddress: 52Eo2e4TtkZaWnQhpqas...
01-30 10:27:36.339 30183 30248 D com.techducat.ajo.repository.impl.RoscaRepositoryImpl: Retrieved 2 members from database
01-30 10:27:36.339 30183 30248 D MemberEntity: toDomain conversion:
01-30 10:27:36.339 30183 30248 D MemberEntity:   ID: 4b335ba0-ddf8-46c3-aedc-5e3e1fbc26ac
01-30 10:27:36.339 30183 30248 D MemberEntity:   UserId: 101162925197083414687
01-30 10:27:36.339 30183 30248 D MemberEntity:   Name: Creator
01-30 10:27:36.339 30183 30249 D RoscaManager: Found 0 ROSCA memberships for user
01-30 10:27:36.339 30183 30248 D MemberEntity:   MultisigInfo before conversion: true
01-30 10:27:36.339 30183 30249 I RoscaManager: === SYNC COMPLETE ===
01-30 10:27:36.339 30183 30249 I RoscaManager: ✓ Updated: 0
01-30 10:27:36.339 30183 30249 I RoscaManager: ⏭️ Skipped: 0 (already have info)
01-30 10:27:36.339 30183 30248 D MemberEntity:   MultisigInfo after conversion: true
01-30 10:27:36.339 30183 30249 I RoscaManager: ❌ Failed: 0
01-30 10:27:36.339 30183 30248 D MemberEntity:     Address: 56ysxofWMrAAuFCpdhvC...
01-30 10:27:36.339 30183 30248 D MemberEntity:     IsReady: false
01-30 10:27:36.339 30183 30248 D MemberEntity:   Resolved walletAddress: 56ysxofWMrAAuFCpdhvC...
01-30 10:27:36.339 30183 30248 D MemberEntity: toDomain conversion:
01-30 10:27:36.339 30183 30248 D MemberEntity:   ID: 3f792859-dd64-4f54-b8f2-80742b2da7d4
01-30 10:27:36.339 30183 30248 D MemberEntity:   UserId: 106565310936244799465
01-30 10:27:36.339 30183 30248 D MemberEntity:   Name: 
01-30 10:27:36.339 30183 30248 D MemberEntity:   MultisigInfo before conversion: true
01-30 10:27:36.339 30183 30252 D com.techducat.ajo.repository.impl.RoscaRepositoryImpl: Retrieved 1 ROSCAs from database
01-30 10:27:36.340 30183 30248 D MemberEntity:   MultisigInfo after conversion: true
01-30 10:27:36.340 30183 30248 D MemberEntity:     Address: 52Eo2e4TtkZaWnQhpqas...
01-30 10:27:36.340 30183 30248 D MemberEntity:     IsReady: false
01-30 10:27:36.340 30183 30248 D MemberEntity:   Resolved walletAddress: 52Eo2e4TtkZaWnQhpqas...
01-30 10:27:36.342 30183 30183 I ContentCaptureHelper: Setting logging level to OFF
01-30 10:27:36.345 30183 30183 D com.techducat.ajo.ui.dashboard.DashboardFragment: onResume: User logged in, refreshing data
01-30 10:27:36.345 30183 30183 D com.techducat.ajo.ui.dashboard.DashboardFragment: User logged in with ID: 105624496574884292174, loading ROSCAs
01-30 10:27:36.346 30183 30183 D com.techducat.ajo.ui.dashboard.DashboardFragment: Loading ROSCAs for user: 105624496574884292174
01-30 10:27:36.347 30183 30248 I RoscaManager: === SYNCING MEMBER MULTISIG INFO (IMPROVED) ===
01-30 10:27:36.347 30183 30248 D RoscaManager: User ID: 105624496574884292174
01-30 10:27:36.349 30183 30255 V com.techducat.ajo.data.local.DatabaseConverters: toMultisigInfo: Input JSON: {"address":"56ysxofWMrAAuFCpdhvCg6hyhDgKQBmfzcC8Z88nzTaeZwN8sf9hoxE7uNv6Ptgm7yfPYoykVQjqNFPf3xDib9ipQeS3iHa","viewKey":"","isReady":false,"exchangeState":"MultisigxV2R1SqsxqoGGPEABAcs7K7kxgrPzdFmC8cdCBKVBfdtfoSY8drSDGqtCTJH6AFt8KmdDJcX2VBCyDBzPJSe4AAQEnRirjUoBex3BocMXmLyZ2yRRcwJauWWRSrdEMXaBHv5ZKnU9WgRVCGRz5RjK3b1AajzYMhiJJkXReL2fCNeg11CCVKRW"}
01-30 10:27:36.349 30183 30255 D com.techducat.ajo.data.local.DatabaseConverters: toMultisigInfo: Successfully converted from JSON
01-30 10:27:36.349 30183 30255 D com.techducat.ajo.data.local.DatabaseConverters:   address: 56ysxofWMrAAuFCpdhvC...
01-30 10:27:36.349 30183 30255 D com.techducat.ajo.data.local.DatabaseConverters:   viewKey length: 0
01-30 10:27:36.349 30183 30255 D com.techducat.ajo.data.local.DatabaseConverters:   isReady: false
01-30 10:27:36.349 30183 30255 D com.techducat.ajo.data.local.DatabaseConverters:   exchangeState: MultisigxV2R1SqsxqoGGPEABAcs7K7kxgrPzdFmC8cdCBKVBfdtfoSY8drSDGqtCTJH6AFt8KmdDJcX2VBCyDBzPJSe4AAQEnRirjUoBex3BocMXmLyZ2yRRcwJauWWRSrdEMXaBHv5ZKnU9WgRVCGRz5RjK3b1AajzYMhiJJkXReL2fCNeg11CCVKRW
01-30 10:27:36.350 30183 30255 V com.techducat.ajo.data.local.DatabaseConverters: toMultisigInfo: Input JSON: {"address":"52Eo2e4TtkZaWnQhpqashacEEVUcPLKtaYcPzZKFWjUwNwoKuMhAzyC2z8hkFoRJBN1yktQeqhstZXfpLQk7bnxHB1m34Z9","viewKey":"","isReady":false,"exchangeState":"MultisigxV2R1ZCPVbD5QM4cSqBDhpUkxAP3EQ7WQC3Utwcy6SQ1hRcH4ZUe13M4grA79AF9YuDQNN8axtd1HBduLb4wHMzc4sG4x3o59QYNUskFYPU1oVxL5mniL2Bj9rv37r9Hh8RqwnVd38oHWm7EGTAnVX2iBiYfdHKDzrRsqs77btjiXsbjWUATY"}
01-30 10:27:36.350 30183 30254 V com.techducat.ajo.data.local.DatabaseConverters: toMultisigInfo: Input JSON: {"address":"56ysxofWMrAAuFCpdhvCg6hyhDgKQBmfzcC8Z88nzTaeZwN8sf9hoxE7uNv6Ptgm7yfPYoykVQjqNFPf3xDib9ipQeS3iHa","viewKey":"","isReady":false,"exchangeState":"MultisigxV2R1SqsxqoGGPEABAcs7K7kxgrPzdFmC8cdCBKVBfdtfoSY8drSDGqtCTJH6AFt8KmdDJcX2VBCyDBzPJSe4AAQEnRirjUoBex3BocMXmLyZ2yRRcwJauWWRSrdEMXaBHv5ZKnU9WgRVCGRz5RjK3b1AajzYMhiJJkXReL2fCNeg11CCVKRW"}
01-30 10:27:36.350 30183 30255 D com.techducat.ajo.data.local.DatabaseConverters: toMultisigInfo: Successfully converted from JSON
01-30 10:27:36.350 30183 30255 D com.techducat.ajo.data.local.DatabaseConverters:   address: 52Eo2e4TtkZaWnQhpqas...
01-30 10:27:36.350 30183 30254 D com.techducat.ajo.data.local.DatabaseConverters: toMultisigInfo: Successfully converted from JSON
01-30 10:27:36.350 30183 30255 D com.techducat.ajo.data.local.DatabaseConverters:   viewKey length: 0
01-30 10:27:36.350 30183 30255 D com.techducat.ajo.data.local.DatabaseConverters:   isReady: false
01-30 10:27:36.350 30183 30254 D com.techducat.ajo.data.local.DatabaseConverters:   address: 56ysxofWMrAAuFCpdhvC...
01-30 10:27:36.350 30183 30254 D com.techducat.ajo.data.local.DatabaseConverters:   viewKey length: 0
01-30 10:27:36.350 30183 30254 D com.techducat.ajo.data.local.DatabaseConverters:   isReady: false
01-30 10:27:36.350 30183 30254 D com.techducat.ajo.data.local.DatabaseConverters:   exchangeState: MultisigxV2R1SqsxqoGGPEABAcs7K7kxgrPzdFmC8cdCBKVBfdtfoSY8drSDGqtCTJH6AFt8KmdDJcX2VBCyDBzPJSe4AAQEnRirjUoBex3BocMXmLyZ2yRRcwJauWWRSrdEMXaBHv5ZKnU9WgRVCGRz5RjK3b1AajzYMhiJJkXReL2fCNeg11CCVKRW
01-30 10:27:36.350 30183 30255 D com.techducat.ajo.data.local.DatabaseConverters:   exchangeState: MultisigxV2R1ZCPVbD5QM4cSqBDhpUkxAP3EQ7WQC3Utwcy6SQ1hRcH4ZUe13M4grA79AF9YuDQNN8axtd1HBduLb4wHMzc4sG4x3o59QYNUskFYPU1oVxL5mniL2Bj9rv37r9Hh8RqwnVd38oHWm7EGTAnVX2iBiYfdHKDzrRsqs77btjiXsbjWUATY
01-30 10:27:36.350 30183 30254 V com.techducat.ajo.data.local.DatabaseConverters: toMultisigInfo: Input JSON: {"address":"52Eo2e4TtkZaWnQhpqashacEEVUcPLKtaYcPzZKFWjUwNwoKuMhAzyC2z8hkFoRJBN1yktQeqhstZXfpLQk7bnxHB1m34Z9","viewKey":"","isReady":false,"exchangeState":"MultisigxV2R1ZCPVbD5QM4cSqBDhpUkxAP3EQ7WQC3Utwcy6SQ1hRcH4ZUe13M4grA79AF9YuDQNN8axtd1HBduLb4wHMzc4sG4x3o59QYNUskFYPU1oVxL5mniL2Bj9rv37r9Hh8RqwnVd38oHWm7EGTAnVX2iBiYfdHKDzrRsqs77btjiXsbjWUATY"}
01-30 10:27:36.351 30183 30254 D com.techducat.ajo.data.local.DatabaseConverters: toMultisigInfo: Successfully converted from JSON
01-30 10:27:36.351 30183 30254 D com.techducat.ajo.data.local.DatabaseConverters:   address: 52Eo2e4TtkZaWnQhpqas...
01-30 10:27:36.351 30183 30254 D com.techducat.ajo.data.local.DatabaseConverters:   viewKey length: 0
01-30 10:27:36.351 30183 30254 D com.techducat.ajo.data.local.DatabaseConverters:   isReady: false
01-30 10:27:36.351 30183 30254 D com.techducat.ajo.data.local.DatabaseConverters:   exchangeState: MultisigxV2R1ZCPVbD5QM4cSqBDhpUkxAP3EQ7WQC3Utwcy6SQ1hRcH4ZUe13M4grA79AF9YuDQNN8axtd1HBduLb4wHMzc4sG4x3o59QYNUskFYPU1oVxL5mniL2Bj9rv37r9Hh8RqwnVd38oHWm7EGTAnVX2iBiYfdHKDzrRsqs77btjiXsbjWUATY
01-30 10:27:36.351 30183 30251 D com.techducat.ajo.repository.impl.RoscaRepositoryImpl: Retrieved 2 members from database
01-30 10:27:36.351 30183 30248 D com.techducat.ajo.repository.impl.RoscaRepositoryImpl: Retrieved 2 members from database
01-30 10:27:36.351 30183 30251 D MemberEntity: toDomain conversion:
01-30 10:27:36.351 30183 30248 D MemberEntity: toDomain conversion:
01-30 10:27:36.351 30183 30251 D MemberEntity:   ID: 4b335ba0-ddf8-46c3-aedc-5e3e1fbc26ac
01-30 10:27:36.351 30183 30248 D MemberEntity:   ID: 4b335ba0-ddf8-46c3-aedc-5e3e1fbc26ac
01-30 10:27:36.351 30183 30251 D MemberEntity:   UserId: 101162925197083414687
01-30 10:27:36.351 30183 30248 D MemberEntity:   UserId: 101162925197083414687
01-30 10:27:36.351 30183 30251 D MemberEntity:   Name: Creator
01-30 10:27:36.351 30183 30248 D MemberEntity:   Name: Creator
01-30 10:27:36.351 30183 30251 D MemberEntity:   MultisigInfo before conversion: true
01-30 10:27:36.351 30183 30248 D MemberEntity:   MultisigInfo before conversion: true
01-30 10:27:36.351 30183 30251 D MemberEntity:   MultisigInfo after conversion: true
01-30 10:27:36.351 30183 30251 D MemberEntity:     Address: 56ysxofWMrAAuFCpdhvC...
01-30 10:27:36.351 30183 30248 D MemberEntity:   MultisigInfo after conversion: true
01-30 10:27:36.351 30183 30251 D MemberEntity:     IsReady: false
01-30 10:27:36.351 30183 30251 D MemberEntity:   Resolved walletAddress: 56ysxofWMrAAuFCpdhvC...
01-30 10:27:36.351 30183 30248 D MemberEntity:     Address: 56ysxofWMrAAuFCpdhvC...
01-30 10:27:36.351 30183 30251 D MemberEntity: toDomain conversion:
01-30 10:27:36.352 30183 30248 D MemberEntity:     IsReady: false
01-30 10:27:36.352 30183 30251 D MemberEntity:   ID: 3f792859-dd64-4f54-b8f2-80742b2da7d4
01-30 10:27:36.352 30183 30248 D MemberEntity:   Resolved walletAddress: 56ysxofWMrAAuFCpdhvC...
01-30 10:27:36.352 30183 30251 D MemberEntity:   UserId: 106565310936244799465
01-30 10:27:36.352 30183 30248 D MemberEntity: toDomain conversion:
01-30 10:27:36.352 30183 30251 D MemberEntity:   Name: 
01-30 10:27:36.352 30183 30251 D MemberEntity:   MultisigInfo before conversion: true
01-30 10:27:36.352 30183 30251 D MemberEntity:   MultisigInfo after conversion: true
01-30 10:27:36.352 30183 30251 D MemberEntity:     Address: 52Eo2e4TtkZaWnQhpqas...
01-30 10:27:36.352 30183 30251 D MemberEntity:     IsReady: false
01-30 10:27:36.352 30183 30248 D MemberEntity:   ID: 3f792859-dd64-4f54-b8f2-80742b2da7d4
01-30 10:27:36.352 30183 30251 D MemberEntity:   Resolved walletAddress: 52Eo2e4TtkZaWnQhpqas...
01-30 10:27:36.352 30183 30248 D MemberEntity:   UserId: 106565310936244799465
01-30 10:27:36.352 30183 30248 D MemberEntity:   Name: 
01-30 10:27:36.352 30183 30248 D MemberEntity:   MultisigInfo before conversion: true
01-30 10:27:36.352 30183 30248 D MemberEntity:   MultisigInfo after conversion: true
01-30 10:27:36.352 30183 30248 D MemberEntity:     Address: 52Eo2e4TtkZaWnQhpqas...
01-30 10:27:36.352 30183 30248 D MemberEntity:     IsReady: false
01-30 10:27:36.352 30183 30248 D MemberEntity:   Resolved walletAddress: 52Eo2e4TtkZaWnQhpqas...
01-30 10:27:36.352 30183 30248 D RoscaManager: Found 0 ROSCA memberships for user
01-30 10:27:36.352 30183 30248 I RoscaManager: === SYNC COMPLETE ===
01-30 10:27:36.352 30183 30248 I RoscaManager: ✓ Updated: 0
01-30 10:27:36.352 30183 30248 I RoscaManager: ⏭️ Skipped: 0 (already have info)
01-30 10:27:36.352 30183 30248 I RoscaManager: ❌ Failed: 0
01-30 10:27:36.355 30183 30183 E DisplayEventDispatcher: dispatcher 0xb4000073c59b4840 ~ last event processed while scheduling was for 454944185
01-30 10:27:36.363 30183 30183 D VRI[SplashActivity]: visibilityChanged oldVisibility=true newVisibility=false
01-30 10:27:36.364 30183 30183 D com.techducat.ajo.ui.dashboard.DashboardFragment: Loaded 0 ROSCAs
01-30 10:27:36.365 30183 30183 D com.techducat.ajo.ui.dashboard.DashboardFragment: === CHECKING CREATOR FINALIZATION TASKS ===
01-30 10:27:36.365 30183 30183 D com.techducat.ajo.ui.dashboard.DashboardFragment: User ID: 105624496574884292174
01-30 10:27:36.365 30183 30183 D com.techducat.ajo.ui.dashboard.DashboardFragment: Found 0 ROSCAs created by this user
01-30 10:27:36.365 30183 30183 D com.techducat.ajo.ui.dashboard.DashboardFragment: === CREATOR FINALIZATION CHECK COMPLETE ===
01-30 10:27:36.365 30183 30183 D com.techducat.ajo.ui.dashboard.DashboardFragment: Total ROSCAs in database: 1
01-30 10:27:36.365 30183 30183 D com.techducat.ajo.ui.dashboard.DashboardFragment:   ROSCA: rosca (ID: rosca_1769765098568_108701876)
01-30 10:27:36.366 30183 30183 D com.techducat.ajo.ui.dashboard.DashboardFragment: Loaded 0 ROSCAs
01-30 10:27:36.367 30183 30261 V com.techducat.ajo.data.local.DatabaseConverters: toMultisigInfo: Input JSON: {"address":"56ysxofWMrAAuFCpdhvCg6hyhDgKQBmfzcC8Z88nzTaeZwN8sf9hoxE7uNv6Ptgm7yfPYoykVQjqNFPf3xDib9ipQeS3iHa","viewKey":"","isReady":false,"exchangeState":"MultisigxV2R1SqsxqoGGPEABAcs7K7kxgrPzdFmC8cdCBKVBfdtfoSY8drSDGqtCTJH6AFt8KmdDJcX2VBCyDBzPJSe4AAQEnRirjUoBex3BocMXmLyZ2yRRcwJauWWRSrdEMXaBHv5ZKnU9WgRVCGRz5RjK3b1AajzYMhiJJkXReL2fCNeg11CCVKRW"}
01-30 10:27:36.367 30183 30261 D com.techducat.ajo.data.local.DatabaseConverters: toMultisigInfo: Successfully converted from JSON
01-30 10:27:36.367 30183 30261 D com.techducat.ajo.data.local.DatabaseConverters:   address: 56ysxofWMrAAuFCpdhvC...
01-30 10:27:36.367 30183 30261 D com.techducat.ajo.data.local.DatabaseConverters:   viewKey length: 0
01-30 10:27:36.367 30183 30261 D com.techducat.ajo.data.local.DatabaseConverters:   isReady: false
01-30 10:27:36.367 30183 30261 D com.techducat.ajo.data.local.DatabaseConverters:   exchangeState: MultisigxV2R1SqsxqoGGPEABAcs7K7kxgrPzdFmC8cdCBKVBfdtfoSY8drSDGqtCTJH6AFt8KmdDJcX2VBCyDBzPJSe4AAQEnRirjUoBex3BocMXmLyZ2yRRcwJauWWRSrdEMXaBHv5ZKnU9WgRVCGRz5RjK3b1AajzYMhiJJkXReL2fCNeg11CCVKRW
01-30 10:27:36.367 30183 30183 D com.techducat.ajo.ui.dashboard.DashboardFragment: === CHECKING CREATOR FINALIZATION TASKS ===
01-30 10:27:36.367 30183 30183 D com.techducat.ajo.ui.dashboard.DashboardFragment: User ID: 105624496574884292174
01-30 10:27:36.367 30183 30183 D com.techducat.ajo.ui.dashboard.DashboardFragment: Found 0 ROSCAs created by this user
01-30 10:27:36.367 30183 30261 V com.techducat.ajo.data.local.DatabaseConverters: toMultisigInfo: Input JSON: {"address":"52Eo2e4TtkZaWnQhpqashacEEVUcPLKtaYcPzZKFWjUwNwoKuMhAzyC2z8hkFoRJBN1yktQeqhstZXfpLQk7bnxHB1m34Z9","viewKey":"","isReady":false,"exchangeState":"MultisigxV2R1ZCPVbD5QM4cSqBDhpUkxAP3EQ7WQC3Utwcy6SQ1hRcH4ZUe13M4grA79AF9YuDQNN8axtd1HBduLb4wHMzc4sG4x3o59QYNUskFYPU1oVxL5mniL2Bj9rv37r9Hh8RqwnVd38oHWm7EGTAnVX2iBiYfdHKDzrRsqs77btjiXsbjWUATY"}
01-30 10:27:36.367 30183 30183 D com.techducat.ajo.ui.dashboard.DashboardFragment: === CREATOR FINALIZATION CHECK COMPLETE ===
01-30 10:27:36.367 30183 30261 D com.techducat.ajo.data.local.DatabaseConverters: toMultisigInfo: Successfully converted from JSON
01-30 10:27:36.367 30183 30261 D com.techducat.ajo.data.local.DatabaseConverters:   address: 52Eo2e4TtkZaWnQhpqas...
01-30 10:27:36.367 30183 30261 D com.techducat.ajo.data.local.DatabaseConverters:   viewKey length: 0
01-30 10:27:36.367 30183 30261 D com.techducat.ajo.data.local.DatabaseConverters:   isReady: false
01-30 10:27:36.367 30183 30261 D com.techducat.ajo.data.local.DatabaseConverters:   exchangeState: MultisigxV2R1ZCPVbD5QM4cSqBDhpUkxAP3EQ7WQC3Utwcy6SQ1hRcH4ZUe13M4grA79AF9YuDQNN8axtd1HBduLb4wHMzc4sG4x3o59QYNUskFYPU1oVxL5mniL2Bj9rv37r9Hh8RqwnVd38oHWm7EGTAnVX2iBiYfdHKDzrRsqs77btjiXsbjWUATY
01-30 10:27:36.368 30183 30248 D com.techducat.ajo.repository.impl.RoscaRepositoryImpl: Retrieved 2 members from database
01-30 10:27:36.368 30183 30248 D MemberEntity: toDomain conversion:
01-30 10:27:36.368 30183 30248 D MemberEntity:   ID: 4b335ba0-ddf8-46c3-aedc-5e3e1fbc26ac
01-30 10:27:36.368 30183 30248 D MemberEntity:   UserId: 101162925197083414687
01-30 10:27:36.368 30183 30248 D MemberEntity:   Name: Creator
01-30 10:27:36.368 30183 30248 D MemberEntity:   MultisigInfo before conversion: true
01-30 10:27:36.368 30183 30248 D MemberEntity:   MultisigInfo after conversion: true
01-30 10:27:36.368 30183 30248 D MemberEntity:     Address: 56ysxofWMrAAuFCpdhvC...
01-30 10:27:36.368 30183 30248 D MemberEntity:     IsReady: false
01-30 10:27:36.368 30183 30248 D MemberEntity:   Resolved walletAddress: 56ysxofWMrAAuFCpdhvC...
01-30 10:27:36.368 30183 30248 D MemberEntity: toDomain conversion:
01-30 10:27:36.368 30183 30248 D MemberEntity:   ID: 3f792859-dd64-4f54-b8f2-80742b2da7d4
01-30 10:27:36.368 30183 30248 D MemberEntity:   UserId: 106565310936244799465
01-30 10:27:36.368 30183 30248 D MemberEntity:   Name: 
01-30 10:27:36.368 30183 30248 D MemberEntity:   MultisigInfo before conversion: true
01-30 10:27:36.368 30183 30248 D MemberEntity:   MultisigInfo after conversion: true
01-30 10:27:36.368 30183 30248 D MemberEntity:     Address: 52Eo2e4TtkZaWnQhpqas...
01-30 10:27:36.369 30183 30248 D MemberEntity:     IsReady: false
01-30 10:27:36.369 30183 30248 D MemberEntity:   Resolved walletAddress: 52Eo2e4TtkZaWnQhpqas...
01-30 10:27:36.437 30183 30264 D mali_gralloc: register: id=44000022cc2, handle=0xb4000074759d7fd0, importpid=30183
01-30 10:27:36.438 30183 30264 D mali_gralloc: register: id=44000022cc3, handle=0xb4000074759d4c10, importpid=30183
01-30 10:27:36.440 30183 30264 D mali_gralloc: register: id=44000022cc4, handle=0xb4000074759d8b10, importpid=30183
01-30 10:27:36.441 30183 30264 D mali_gralloc: register: id=44000022cc5, handle=0xb4000074759d7eb0, importpid=30183
01-30 10:27:36.527 30183 30206 D mali_gralloc: unregister: id=44000022cbb, handle=0xb4000074759c71d0, base=0x0, importpid=30183, clone_count=0
01-30 10:27:36.536 30183 30183 W Choreographer: Already have a pending vsync event.  There should only be one at a time.
01-30 10:27:36.538 30183 30226 D mali_gralloc: unregister: id=44000022cba, handle=0xb4000074759c7530, base=0x0, importpid=30183, clone_count=0
01-30 10:27:36.542 30183 30183 D com.techducat.ajo.ui.dashboard.DashboardFragment: All members (2):
01-30 10:27:36.542 30183 30183 D com.techducat.ajo.ui.dashboard.DashboardFragment:   - Member ID: 4b335ba0-ddf8-46c3-aedc-5e3e1fbc26ac
01-30 10:27:36.542 30183 30183 D com.techducat.ajo.ui.dashboard.DashboardFragment:     userId: 101162925197083414687
01-30 10:27:36.542 30183 30183 D com.techducat.ajo.ui.dashboard.DashboardFragment:     walletAddress: 56ysxofWMrAAuFCpdhvCg6hyhDgKQBmfzcC8Z88nzTaeZwN8sf9hoxE7uNv6Ptgm7yfPYoykVQjqNFPf3xDib9ipQeS3iHa
01-30 10:27:36.542 30183 30183 D com.techducat.ajo.ui.dashboard.DashboardFragment:     roscaId: rosca_1769765098568_108701876
01-30 10:27:36.542 30183 30183 D com.techducat.ajo.ui.dashboard.DashboardFragment:     name: Creator
01-30 10:27:36.542 30183 30183 D com.techducat.ajo.ui.dashboard.DashboardFragment:   - Member ID: 3f792859-dd64-4f54-b8f2-80742b2da7d4
01-30 10:27:36.542 30183 30183 D com.techducat.ajo.ui.dashboard.DashboardFragment:     userId: 106565310936244799465
01-30 10:27:36.542 30183 30183 D com.techducat.ajo.ui.dashboard.DashboardFragment:     walletAddress: 52Eo2e4TtkZaWnQhpqashacEEVUcPLKtaYcPzZKFWjUwNwoKuMhAzyC2z8hkFoRJBN1yktQeqhstZXfpLQk7bnxHB1m34Z9
01-30 10:27:36.542 30183 30183 D com.techducat.ajo.ui.dashboard.DashboardFragment:     roscaId: rosca_1769765098568_108701876
01-30 10:27:36.542 30183 30183 D com.techducat.ajo.ui.dashboard.DashboardFragment:     name: 
01-30 10:27:36.542 30183 30183 D com.techducat.ajo.ui.dashboard.DashboardFragment: =========================
01-30 10:27:36.549 30183 30226 D mali_gralloc: unregister: id=44000022cbd, handle=0xb4000074759c72f0, base=0x0, importpid=30183, clone_count=0
01-30 10:27:36.550 30183 30226 D mali_gralloc: unregister: id=44000022cbc, handle=0xb4000074759c68d0, base=0x0, importpid=30183, clone_count=0
01-30 10:27:36.639 30183 30183 W WindowOnBackDispatcher: sendCancelIfRunning: isInProgress=false callback=android.view.ViewRootImpl$$ExternalSyntheticLambda11@ad09338
01-30 10:27:39.311 30183 30321 D ProfileInstaller: Installing profile for com.techducat.ajo
01-30 10:27:44.537 30183 30330 D mali_gralloc: register: id=44000022ccb, handle=0xb4000074759d41f0, importpid=30183
01-30 10:27:44.538 30183 30330 D mali_gralloc: register: id=44000022ccc, handle=0xb4000074759d1610, importpid=30183
01-30 10:27:44.539 30183 30330 D mali_gralloc: register: id=44000022ccd, handle=0xb4000074759de1b0, importpid=30183
01-30 10:27:44.541 30183 30330 D mali_gralloc: register: id=44000022cce, handle=0xb4000074759d2a50, importpid=30183
01-30 10:27:44.567 30183 30183 I AssistStructure: Flattened final assist data: 7556 bytes, containing 3 windows, 57 views
01-30 10:27:44.589 30183 30331 D mali_gralloc: register: id=44000022ccf, handle=0xb4000074759d65f0, importpid=30183
01-30 10:27:44.590 30183 30331 D mali_gralloc: register: id=44000022cd0, handle=0xb4000074759cb550, importpid=30183
01-30 10:27:44.591 30183 30331 D mali_gralloc: register: id=44000022cd1, handle=0xb4000074759c4dd0, importpid=30183
01-30 10:27:44.592 30183 30331 D mali_gralloc: register: id=44000022cd2, handle=0xb4000074759de990, importpid=30183
01-30 10:27:45.505 30183 30183 W SystemServiceRegistry: No service published for: HMDEnterpriseService
01-30 10:27:45.536 30183 30183 W WindowOnBackDispatcher: sendCancelIfRunning: isInProgress=false callback=android.view.ViewRootImpl$$ExternalSyntheticLambda11@278acdd
01-30 10:27:45.540 30183 30206 D mali_gralloc: unregister: id=44000022cd2, handle=0xb4000074759de990, base=0x0, importpid=30183, clone_count=0
01-30 10:27:45.540 30183 30206 D mali_gralloc: unregister: id=44000022cd1, handle=0xb4000074759c4dd0, base=0x0, importpid=30183, clone_count=0
01-30 10:27:45.541 30183 30206 D mali_gralloc: unregister: id=44000022cd0, handle=0xb4000074759cb550, base=0x0, importpid=30183, clone_count=0
01-30 10:27:45.542 30183 30183 D mali_gralloc: unregister: id=44000022ccf, handle=0xb4000074759d65f0, base=0x0, importpid=30183, clone_count=0
01-30 10:27:45.800 30183 30183 W WindowOnBackDispatcher: sendCancelIfRunning: isInProgress=false callback=android.view.ViewRootImpl$$ExternalSyntheticLambda11@72040f2
01-30 10:27:45.805 30183 30206 D mali_gralloc: unregister: id=44000022ccc, handle=0xb4000074759d1610, base=0x0, importpid=30183, clone_count=0
01-30 10:27:45.805 30183 30206 D mali_gralloc: unregister: id=44000022ccd, handle=0xb4000074759de1b0, base=0x0, importpid=30183, clone_count=0
01-30 10:27:45.805 30183 30206 D mali_gralloc: unregister: id=44000022cce, handle=0xb4000074759d2a50, base=0x0, importpid=30183, clone_count=0
01-30 10:27:45.806 30183 30206 D HWUI    : endAllActiveAnimators on 0xb400007525a167a0 (RippleDrawable) with handle 0xb400007375a01b20
01-30 10:27:45.807 30183 30183 D mali_gralloc: unregister: id=44000022ccb, handle=0xb4000074759d41f0, base=0x0, importpid=30183, clone_count=0
01-30 10:27:46.897 30183 30183 W SystemServiceRegistry: No service published for: HMDEnterpriseService
01-30 10:27:46.915 30183 30251 D com.techducat.ajo.repository.impl.RoscaRepositoryImpl: getMembersByRoscaId: Querying for ROSCA: rosca_1769765098568_108701876
01-30 10:27:46.918 30183 30251 V com.techducat.ajo.data.local.DatabaseConverters: toMultisigInfo: Input JSON: {"address":"56ysxofWMrAAuFCpdhvCg6hyhDgKQBmfzcC8Z88nzTaeZwN8sf9hoxE7uNv6Ptgm7yfPYoykVQjqNFPf3xDib9ipQeS3iHa","viewKey":"","isReady":false,"exchangeState":"MultisigxV2R1SqsxqoGGPEABAcs7K7kxgrPzdFmC8cdCBKVBfdtfoSY8drSDGqtCTJH6AFt8KmdDJcX2VBCyDBzPJSe4AAQEnRirjUoBex3BocMXmLyZ2yRRcwJauWWRSrdEMXaBHv5ZKnU9WgRVCGRz5RjK3b1AajzYMhiJJkXReL2fCNeg11CCVKRW"}
01-30 10:27:46.918 30183 30251 D com.techducat.ajo.data.local.DatabaseConverters: toMultisigInfo: Successfully converted from JSON
01-30 10:27:46.918 30183 30251 D com.techducat.ajo.data.local.DatabaseConverters:   address: 56ysxofWMrAAuFCpdhvC...
01-30 10:27:46.918 30183 30251 D com.techducat.ajo.data.local.DatabaseConverters:   viewKey length: 0
01-30 10:27:46.918 30183 30251 D com.techducat.ajo.data.local.DatabaseConverters:   isReady: false
01-30 10:27:46.918 30183 30251 D com.techducat.ajo.data.local.DatabaseConverters:   exchangeState: MultisigxV2R1SqsxqoGGPEABAcs7K7kxgrPzdFmC8cdCBKVBfdtfoSY8drSDGqtCTJH6AFt8KmdDJcX2VBCyDBzPJSe4AAQEnRirjUoBex3BocMXmLyZ2yRRcwJauWWRSrdEMXaBHv5ZKnU9WgRVCGRz5RjK3b1AajzYMhiJJkXReL2fCNeg11CCVKRW
01-30 10:27:46.918 30183 30251 V com.techducat.ajo.data.local.DatabaseConverters: toMultisigInfo: Input JSON: {"address":"52Eo2e4TtkZaWnQhpqashacEEVUcPLKtaYcPzZKFWjUwNwoKuMhAzyC2z8hkFoRJBN1yktQeqhstZXfpLQk7bnxHB1m34Z9","viewKey":"","isReady":false,"exchangeState":"MultisigxV2R1ZCPVbD5QM4cSqBDhpUkxAP3EQ7WQC3Utwcy6SQ1hRcH4ZUe13M4grA79AF9YuDQNN8axtd1HBduLb4wHMzc4sG4x3o59QYNUskFYPU1oVxL5mniL2Bj9rv37r9Hh8RqwnVd38oHWm7EGTAnVX2iBiYfdHKDzrRsqs77btjiXsbjWUATY"}
01-30 10:27:46.918 30183 30251 D com.techducat.ajo.data.local.DatabaseConverters: toMultisigInfo: Successfully converted from JSON
01-30 10:27:46.918 30183 30251 D com.techducat.ajo.data.local.DatabaseConverters:   address: 52Eo2e4TtkZaWnQhpqas...
01-30 10:27:46.918 30183 30251 D com.techducat.ajo.data.local.DatabaseConverters:   viewKey length: 0
01-30 10:27:46.918 30183 30251 D com.techducat.ajo.data.local.DatabaseConverters:   isReady: false
01-30 10:27:46.918 30183 30251 D com.techducat.ajo.data.local.DatabaseConverters:   exchangeState: MultisigxV2R1ZCPVbD5QM4cSqBDhpUkxAP3EQ7WQC3Utwcy6SQ1hRcH4ZUe13M4grA79AF9YuDQNN8axtd1HBduLb4wHMzc4sG4x3o59QYNUskFYPU1oVxL5mniL2Bj9rv37r9Hh8RqwnVd38oHWm7EGTAnVX2iBiYfdHKDzrRsqs77btjiXsbjWUATY
01-30 10:27:46.919 30183 30251 D com.techducat.ajo.repository.impl.RoscaRepositoryImpl: getMembersByRoscaId: Retrieved 2 member entities
01-30 10:27:46.919 30183 30251 D com.techducat.ajo.repository.impl.RoscaRepositoryImpl:   Member 0:
01-30 10:27:46.919 30183 30251 D com.techducat.ajo.repository.impl.RoscaRepositoryImpl:     ID: 4b335ba0-ddf8-46c3-aedc-5e3e1fbc26ac
01-30 10:27:46.919 30183 30251 D com.techducat.ajo.repository.impl.RoscaRepositoryImpl:     User ID: 101162925197083414687
01-30 10:27:46.919 30183 30251 D com.techducat.ajo.repository.impl.RoscaRepositoryImpl:     Name: Creator
01-30 10:27:46.919 30183 30251 D com.techducat.ajo.repository.impl.RoscaRepositoryImpl:     MultisigInfo: present
01-30 10:27:46.919 30183 30251 D MemberEntity: toDomain conversion:
01-30 10:27:46.919 30183 30251 D MemberEntity:   ID: 4b335ba0-ddf8-46c3-aedc-5e3e1fbc26ac
01-30 10:27:46.919 30183 30251 D MemberEntity:   UserId: 101162925197083414687
01-30 10:27:46.919 30183 30251 D MemberEntity:   Name: Creator
01-30 10:27:46.919 30183 30251 D MemberEntity:   MultisigInfo before conversion: true
01-30 10:27:46.919 30183 30251 D MemberEntity:   MultisigInfo after conversion: true
01-30 10:27:46.919 30183 30251 D MemberEntity:     Address: 56ysxofWMrAAuFCpdhvC...
01-30 10:27:46.919 30183 30251 D MemberEntity:     IsReady: false
01-30 10:27:46.919 30183 30251 D MemberEntity:   Resolved walletAddress: 56ysxofWMrAAuFCpdhvC...
01-30 10:27:46.919 30183 30251 D com.techducat.ajo.repository.impl.RoscaRepositoryImpl:   Member 1:
01-30 10:27:46.919 30183 30251 D com.techducat.ajo.repository.impl.RoscaRepositoryImpl:     ID: 3f792859-dd64-4f54-b8f2-80742b2da7d4
01-30 10:27:46.919 30183 30251 D com.techducat.ajo.repository.impl.RoscaRepositoryImpl:     User ID: 106565310936244799465
01-30 10:27:46.919 30183 30251 D com.techducat.ajo.repository.impl.RoscaRepositoryImpl:     Name: 
01-30 10:27:46.919 30183 30251 D com.techducat.ajo.repository.impl.RoscaRepositoryImpl:     MultisigInfo: present
01-30 10:27:46.919 30183 30251 D MemberEntity: toDomain conversion:
01-30 10:27:46.919 30183 30251 D MemberEntity:   ID: 3f792859-dd64-4f54-b8f2-80742b2da7d4
01-30 10:27:46.919 30183 30251 D MemberEntity:   UserId: 106565310936244799465
01-30 10:27:46.919 30183 30251 D MemberEntity:   Name: 
01-30 10:27:46.919 30183 30251 D MemberEntity:   MultisigInfo before conversion: true
