01-30 10:27:46.919 30183 30251 D MemberEntity:   MultisigInfo after conversion: true
01-30 10:27:46.919 30183 30251 D MemberEntity:     Address: 52Eo2e4TtkZaWnQhpqas...
01-30 10:27:46.919 30183 30251 D MemberEntity:     IsReady: false
01-30 10:27:46.919 30183 30251 D MemberEntity:   Resolved walletAddress: 52Eo2e4TtkZaWnQhpqas...
01-30 10:27:46.919 30183 30251 D com.techducat.ajo.repository.impl.RoscaRepositoryImpl: getMembersByRoscaId: Converted to 2 domain members
01-30 10:27:46.919 30183 30251 D com.techducat.ajo.repository.impl.RoscaRepositoryImpl: getMembersByRoscaId: 2/2 members have multisig info
01-30 10:27:46.921 30183 30251 D com.techducat.ajo.repository.impl.RoscaRepositoryImpl: getMembersByRoscaId: Querying for ROSCA: rosca_1769765098568_108701876
01-30 10:27:46.923 30183 30251 V com.techducat.ajo.data.local.DatabaseConverters: toMultisigInfo: Input JSON: {"address":"56ysxofWMrAAuFCpdhvCg6hyhDgKQBmfzcC8Z88nzTaeZwN8sf9hoxE7uNv6Ptgm7yfPYoykVQjqNFPf3xDib9ipQeS3iHa","viewKey":"","isReady":false,"exchangeState":"MultisigxV2R1SqsxqoGGPEABAcs7K7kxgrPzdFmC8cdCBKVBfdtfoSY8drSDGqtCTJH6AFt8KmdDJcX2VBCyDBzPJSe4AAQEnRirjUoBex3BocMXmLyZ2yRRcwJauWWRSrdEMXaBHv5ZKnU9WgRVCGRz5RjK3b1AajzYMhiJJkXReL2fCNeg11CCVKRW"}
01-30 10:27:46.923 30183 30251 D com.techducat.ajo.data.local.DatabaseConverters: toMultisigInfo: Successfully converted from JSON
01-30 10:27:46.923 30183 30251 D com.techducat.ajo.data.local.DatabaseConverters:   address: 56ysxofWMrAAuFCpdhvC...
01-30 10:27:46.923 30183 30251 D com.techducat.ajo.data.local.DatabaseConverters:   viewKey length: 0
01-30 10:27:46.923 30183 30251 D com.techducat.ajo.data.local.DatabaseConverters:   isReady: false
01-30 10:27:46.923 30183 30251 D com.techducat.ajo.data.local.DatabaseConverters:   exchangeState: MultisigxV2R1SqsxqoGGPEABAcs7K7kxgrPzdFmC8cdCBKVBfdtfoSY8drSDGqtCTJH6AFt8KmdDJcX2VBCyDBzPJSe4AAQEnRirjUoBex3BocMXmLyZ2yRRcwJauWWRSrdEMXaBHv5ZKnU9WgRVCGRz5RjK3b1AajzYMhiJJkXReL2fCNeg11CCVKRW
01-30 10:27:46.923 30183 30251 V com.techducat.ajo.data.local.DatabaseConverters: toMultisigInfo: Input JSON: {"address":"52Eo2e4TtkZaWnQhpqashacEEVUcPLKtaYcPzZKFWjUwNwoKuMhAzyC2z8hkFoRJBN1yktQeqhstZXfpLQk7bnxHB1m34Z9","viewKey":"","isReady":false,"exchangeState":"MultisigxV2R1ZCPVbD5QM4cSqBDhpUkxAP3EQ7WQC3Utwcy6SQ1hRcH4ZUe13M4grA79AF9YuDQNN8axtd1HBduLb4wHMzc4sG4x3o59QYNUskFYPU1oVxL5mniL2Bj9rv37r9Hh8RqwnVd38oHWm7EGTAnVX2iBiYfdHKDzrRsqs77btjiXsbjWUATY"}
01-30 10:27:46.923 30183 30251 D com.techducat.ajo.data.local.DatabaseConverters: toMultisigInfo: Successfully converted from JSON
01-30 10:27:46.923 30183 30251 D com.techducat.ajo.data.local.DatabaseConverters:   address: 52Eo2e4TtkZaWnQhpqas...
01-30 10:27:46.923 30183 30251 D com.techducat.ajo.data.local.DatabaseConverters:   viewKey length: 0
01-30 10:27:46.923 30183 30251 D com.techducat.ajo.data.local.DatabaseConverters:   isReady: false
01-30 10:27:46.923 30183 30251 D com.techducat.ajo.data.local.DatabaseConverters:   exchangeState: MultisigxV2R1ZCPVbD5QM4cSqBDhpUkxAP3EQ7WQC3Utwcy6SQ1hRcH4ZUe13M4grA79AF9YuDQNN8axtd1HBduLb4wHMzc4sG4x3o59QYNUskFYPU1oVxL5mniL2Bj9rv37r9Hh8RqwnVd38oHWm7EGTAnVX2iBiYfdHKDzrRsqs77btjiXsbjWUATY
01-30 10:27:46.923 30183 30251 D com.techducat.ajo.repository.impl.RoscaRepositoryImpl: getMembersByRoscaId: Retrieved 2 member entities
01-30 10:27:46.923 30183 30251 D com.techducat.ajo.repository.impl.RoscaRepositoryImpl:   Member 0:
01-30 10:27:46.923 30183 30251 D com.techducat.ajo.repository.impl.RoscaRepositoryImpl:     ID: 4b335ba0-ddf8-46c3-aedc-5e3e1fbc26ac
01-30 10:27:46.924 30183 30251 D com.techducat.ajo.repository.impl.RoscaRepositoryImpl:     User ID: 101162925197083414687
01-30 10:27:46.924 30183 30251 D com.techducat.ajo.repository.impl.RoscaRepositoryImpl:     Name: Creator
01-30 10:27:46.924 30183 30251 D com.techducat.ajo.repository.impl.RoscaRepositoryImpl:     MultisigInfo: present
01-30 10:27:46.924 30183 30251 D MemberEntity: toDomain conversion:
01-30 10:27:46.924 30183 30251 D MemberEntity:   ID: 4b335ba0-ddf8-46c3-aedc-5e3e1fbc26ac
01-30 10:27:46.924 30183 30251 D MemberEntity:   UserId: 101162925197083414687
01-30 10:27:46.924 30183 30251 D MemberEntity:   Name: Creator
01-30 10:27:46.924 30183 30251 D MemberEntity:   MultisigInfo before conversion: true
01-30 10:27:46.924 30183 30251 D MemberEntity:   MultisigInfo after conversion: true
01-30 10:27:46.924 30183 30251 D MemberEntity:     Address: 56ysxofWMrAAuFCpdhvC...
01-30 10:27:46.924 30183 30251 D MemberEntity:     IsReady: false
01-30 10:27:46.924 30183 30251 D MemberEntity:   Resolved walletAddress: 56ysxofWMrAAuFCpdhvC...
01-30 10:27:46.924 30183 30251 D com.techducat.ajo.repository.impl.RoscaRepositoryImpl:   Member 1:
01-30 10:27:46.924 30183 30251 D com.techducat.ajo.repository.impl.RoscaRepositoryImpl:     ID: 3f792859-dd64-4f54-b8f2-80742b2da7d4
01-30 10:27:46.924 30183 30251 D com.techducat.ajo.repository.impl.RoscaRepositoryImpl:     User ID: 106565310936244799465
01-30 10:27:46.924 30183 30251 D com.techducat.ajo.repository.impl.RoscaRepositoryImpl:     Name: 
01-30 10:27:46.924 30183 30251 D com.techducat.ajo.repository.impl.RoscaRepositoryImpl:     MultisigInfo: present
01-30 10:27:46.924 30183 30251 D MemberEntity: toDomain conversion:
01-30 10:27:46.924 30183 30251 D MemberEntity:   ID: 3f792859-dd64-4f54-b8f2-80742b2da7d4
01-30 10:27:46.924 30183 30251 D MemberEntity:   UserId: 106565310936244799465
01-30 10:27:46.924 30183 30251 D MemberEntity:   Name: 
01-30 10:27:46.924 30183 30251 D MemberEntity:   MultisigInfo before conversion: true
01-30 10:27:46.924 30183 30251 D MemberEntity:   MultisigInfo after conversion: true
01-30 10:27:46.924 30183 30251 D MemberEntity:     Address: 52Eo2e4TtkZaWnQhpqas...
01-30 10:27:46.924 30183 30251 D MemberEntity:     IsReady: false
01-30 10:27:46.924 30183 30251 D MemberEntity:   Resolved walletAddress: 52Eo2e4TtkZaWnQhpqas...
01-30 10:27:46.924 30183 30251 D com.techducat.ajo.repository.impl.RoscaRepositoryImpl: getMembersByRoscaId: Converted to 2 domain members
01-30 10:27:46.924 30183 30251 D com.techducat.ajo.repository.impl.RoscaRepositoryImpl: getMembersByRoscaId: 2/2 members have multisig info
01-30 10:27:47.023 30183 30340 D mali_gralloc: register: id=44000022cd5, handle=0xb4000074759c4dd0, importpid=30183
01-30 10:27:47.023 30183 30340 D mali_gralloc: register: id=44000022cd6, handle=0xb4000074759dd0d0, importpid=30183
01-30 10:27:47.024 30183 30340 D mali_gralloc: register: id=44000022cd7, handle=0xb4000074759d00b0, importpid=30183
01-30 10:27:47.026 30183 30340 D mali_gralloc: register: id=44000022cd8, handle=0xb4000074759e4390, importpid=30183
01-30 10:27:47.049 30183 30183 W TextView: onProvideContentCaptureStructure(): calling assumeLayout()
01-30 10:27:47.926 30183 30183 W SystemServiceRegistry: No service published for: HMDEnterpriseService
01-30 10:27:47.934 30183 30183 I ImeTracker: com.techducat.ajo:2d26436b: onRequestHide at ORIGIN_CLIENT reason HIDE_SOFT_INPUT_FROM_VIEW fromUser false
01-30 10:27:47.944 30183 30183 D com.techducat.ajo.ui.dashboard.DashboardFragment: Joining ROSCA via RoscaManager for invite: 17BF3A50
01-30 10:27:47.947 30183 30251 I RoscaManager: === JOINING ROSCA (FRESH WALLET) ===
01-30 10:27:47.947 30183 30251 I RoscaManager: ROSCA ID: rosca_1769765098568_108701876
01-30 10:27:47.947 30183 30183 W WindowOnBackDispatcher: sendCancelIfRunning: isInProgress=false callback=android.view.ViewRootImpl$$ExternalSyntheticLambda11@7b0c0c2
01-30 10:27:47.950 30183 30251 D RoscaManager: Joining user ID: 105624496574884292174
01-30 10:27:47.950 30183 30251 D com.techducat.ajo.repository.impl.RoscaRepositoryImpl: getMembersByRoscaId: Querying for ROSCA: rosca_1769765098568_108701876
01-30 10:27:47.951 30183 30206 D mali_gralloc: unregister: id=44000022cd7, handle=0xb4000074759d00b0, base=0x0, importpid=30183, clone_count=0
01-30 10:27:47.951 30183 30251 V com.techducat.ajo.data.local.DatabaseConverters: toMultisigInfo: Input JSON: {"address":"56ysxofWMrAAuFCpdhvCg6hyhDgKQBmfzcC8Z88nzTaeZwN8sf9hoxE7uNv6Ptgm7yfPYoykVQjqNFPf3xDib9ipQeS3iHa","viewKey":"","isReady":false,"exchangeState":"MultisigxV2R1SqsxqoGGPEABAcs7K7kxgrPzdFmC8cdCBKVBfdtfoSY8drSDGqtCTJH6AFt8KmdDJcX2VBCyDBzPJSe4AAQEnRirjUoBex3BocMXmLyZ2yRRcwJauWWRSrdEMXaBHv5ZKnU9WgRVCGRz5RjK3b1AajzYMhiJJkXReL2fCNeg11CCVKRW"}
01-30 10:27:47.951 30183 30251 D com.techducat.ajo.data.local.DatabaseConverters: toMultisigInfo: Successfully converted from JSON
01-30 10:27:47.952 30183 30251 D com.techducat.ajo.data.local.DatabaseConverters:   address: 56ysxofWMrAAuFCpdhvC...
01-30 10:27:47.952 30183 30251 D com.techducat.ajo.data.local.DatabaseConverters:   viewKey length: 0
01-30 10:27:47.952 30183 30251 D com.techducat.ajo.data.local.DatabaseConverters:   isReady: false
01-30 10:27:47.952 30183 30251 D com.techducat.ajo.data.local.DatabaseConverters:   exchangeState: MultisigxV2R1SqsxqoGGPEABAcs7K7kxgrPzdFmC8cdCBKVBfdtfoSY8drSDGqtCTJH6AFt8KmdDJcX2VBCyDBzPJSe4AAQEnRirjUoBex3BocMXmLyZ2yRRcwJauWWRSrdEMXaBHv5ZKnU9WgRVCGRz5RjK3b1AajzYMhiJJkXReL2fCNeg11CCVKRW
01-30 10:27:47.952 30183 30251 V com.techducat.ajo.data.local.DatabaseConverters: toMultisigInfo: Input JSON: {"address":"52Eo2e4TtkZaWnQhpqashacEEVUcPLKtaYcPzZKFWjUwNwoKuMhAzyC2z8hkFoRJBN1yktQeqhstZXfpLQk7bnxHB1m34Z9","viewKey":"","isReady":false,"exchangeState":"MultisigxV2R1ZCPVbD5QM4cSqBDhpUkxAP3EQ7WQC3Utwcy6SQ1hRcH4ZUe13M4grA79AF9YuDQNN8axtd1HBduLb4wHMzc4sG4x3o59QYNUskFYPU1oVxL5mniL2Bj9rv37r9Hh8RqwnVd38oHWm7EGTAnVX2iBiYfdHKDzrRsqs77btjiXsbjWUATY"}
01-30 10:27:47.952 30183 30251 D com.techducat.ajo.data.local.DatabaseConverters: toMultisigInfo: Successfully converted from JSON
01-30 10:27:47.952 30183 30251 D com.techducat.ajo.data.local.DatabaseConverters:   address: 52Eo2e4TtkZaWnQhpqas...
01-30 10:27:47.952 30183 30251 D com.techducat.ajo.data.local.DatabaseConverters:   viewKey length: 0
01-30 10:27:47.952 30183 30251 D com.techducat.ajo.data.local.DatabaseConverters:   isReady: false
01-30 10:27:47.952 30183 30206 D HWUI    : endAllActiveAnimators on 0xb400007525a2fd30 (RippleDrawable) with handle 0xb400007375a072e0
01-30 10:27:47.952 30183 30251 D com.techducat.ajo.data.local.DatabaseConverters:   exchangeState: MultisigxV2R1ZCPVbD5QM4cSqBDhpUkxAP3EQ7WQC3Utwcy6SQ1hRcH4ZUe13M4grA79AF9YuDQNN8axtd1HBduLb4wHMzc4sG4x3o59QYNUskFYPU1oVxL5mniL2Bj9rv37r9Hh8RqwnVd38oHWm7EGTAnVX2iBiYfdHKDzrRsqs77btjiXsbjWUATY
01-30 10:27:47.952 30183 30251 D com.techducat.ajo.repository.impl.RoscaRepositoryImpl: getMembersByRoscaId: Retrieved 2 member entities
01-30 10:27:47.952 30183 30251 D com.techducat.ajo.repository.impl.RoscaRepositoryImpl:   Member 0:
01-30 10:27:47.952 30183 30251 D com.techducat.ajo.repository.impl.RoscaRepositoryImpl:     ID: 4b335ba0-ddf8-46c3-aedc-5e3e1fbc26ac
01-30 10:27:47.952 30183 30251 D com.techducat.ajo.repository.impl.RoscaRepositoryImpl:     User ID: 101162925197083414687
01-30 10:27:47.952 30183 30251 D com.techducat.ajo.repository.impl.RoscaRepositoryImpl:     Name: Creator
01-30 10:27:47.952 30183 30251 D com.techducat.ajo.repository.impl.RoscaRepositoryImpl:     MultisigInfo: present
01-30 10:27:47.952 30183 30251 D MemberEntity: toDomain conversion:
01-30 10:27:47.952 30183 30251 D MemberEntity:   ID: 4b335ba0-ddf8-46c3-aedc-5e3e1fbc26ac
01-30 10:27:47.952 30183 30251 D MemberEntity:   UserId: 101162925197083414687
01-30 10:27:47.952 30183 30251 D MemberEntity:   Name: Creator
01-30 10:27:47.953 30183 30251 D MemberEntity:   MultisigInfo before conversion: true
01-30 10:27:47.953 30183 30251 D MemberEntity:   MultisigInfo after conversion: true
01-30 10:27:47.953 30183 30251 D MemberEntity:     Address: 56ysxofWMrAAuFCpdhvC...
01-30 10:27:47.953 30183 30251 D MemberEntity:     IsReady: false
01-30 10:27:47.953 30183 30251 D MemberEntity:   Resolved walletAddress: 56ysxofWMrAAuFCpdhvC...
01-30 10:27:47.953 30183 30251 D com.techducat.ajo.repository.impl.RoscaRepositoryImpl:   Member 1:
01-30 10:27:47.953 30183 30251 D com.techducat.ajo.repository.impl.RoscaRepositoryImpl:     ID: 3f792859-dd64-4f54-b8f2-80742b2da7d4
01-30 10:27:47.953 30183 30251 D com.techducat.ajo.repository.impl.RoscaRepositoryImpl:     User ID: 106565310936244799465
01-30 10:27:47.953 30183 30251 D com.techducat.ajo.repository.impl.RoscaRepositoryImpl:     Name: 
01-30 10:27:47.953 30183 30251 D com.techducat.ajo.repository.impl.RoscaRepositoryImpl:     MultisigInfo: present
01-30 10:27:47.953 30183 30251 D MemberEntity: toDomain conversion:
01-30 10:27:47.953 30183 30251 D MemberEntity:   ID: 3f792859-dd64-4f54-b8f2-80742b2da7d4
01-30 10:27:47.953 30183 30251 D MemberEntity:   UserId: 106565310936244799465
01-30 10:27:47.953 30183 30251 D MemberEntity:   Name: 
01-30 10:27:47.953 30183 30251 D MemberEntity:   MultisigInfo before conversion: true
01-30 10:27:47.953 30183 30251 D MemberEntity:   MultisigInfo after conversion: true
01-30 10:27:47.953 30183 30251 D MemberEntity:     Address: 52Eo2e4TtkZaWnQhpqas...
01-30 10:27:47.953 30183 30251 D MemberEntity:     IsReady: false
01-30 10:27:47.953 30183 30251 D MemberEntity:   Resolved walletAddress: 52Eo2e4TtkZaWnQhpqas...
01-30 10:27:47.953 30183 30251 D com.techducat.ajo.repository.impl.RoscaRepositoryImpl: getMembersByRoscaId: Converted to 2 domain members
01-30 10:27:47.953 30183 30251 D com.techducat.ajo.repository.impl.RoscaRepositoryImpl: getMembersByRoscaId: 2/2 members have multisig info
01-30 10:27:47.953 30183 30251 D RoscaManager: Step 1: Creating fresh ROSCA wallet...
01-30 10:27:47.961 30183 30193 D mali_gralloc: unregister: id=44000022cd6, handle=0xb4000074759dd0d0, base=0x0, importpid=30183, clone_count=0
01-30 10:27:47.964 30183 30251 I com.techducat.ajo.util.WalletSelectionManager: === CREATE FRESH ROSCA WALLET (THREAD-SAFE) ===
01-30 10:27:47.964 30183 30251 I com.techducat.ajo.util.WalletSelectionManager: User: 105624496574884292174, ROSCA: rosca_1769765098568_108701876
01-30 10:27:47.964 30183 30251 I com.techducat.ajo.util.WalletSelectionManager: Target path: /data/user/0/com.techducat.ajo/app_wallets/rosca_rosca_1769765098568_108701876_105624496574884292174
01-30 10:27:47.964 30183 30251 D com.techducat.ajo.util.WalletSelectionManager: Current wallet path: null
01-30 10:27:47.964 30183 30251 D com.techducat.ajo.util.WalletSelectionManager: Saving and closing current wallet file...
01-30 10:27:47.964 30183 30251 D com.techducat.ajo.util.WalletSelectionManager: ✓ Current wallet file closed (WalletSuite synced)
01-30 10:27:47.964 30183 30251 D com.techducat.ajo.util.WalletSelectionManager: Creating fresh ROSCA wallet with new seed...
01-30 10:27:47.972 30183 30193 D mali_gralloc: unregister: id=44000022cd5, handle=0xb4000074759c4dd0, base=0x0, importpid=30183, clone_count=0
01-30 10:27:47.973 30183 30193 D mali_gralloc: unregister: id=44000022cd8, handle=0xb4000074759e4390, base=0x0, importpid=30183, clone_count=0
01-30 10:27:47.977 30183 30251 D WalletNDK: createWalletJ: ENTER
01-30 10:27:47.977 30183 30251 D WalletNDK: JNIStringGuard: Constructor - env: 0xb4000074759ce370, jstr: 0x721e0daefc
01-30 10:27:47.977 30183 30251 D WalletNDK: JNIStringGuard: Got UTF chars: 0xb4000073c59fa8c0, valid: 1
01-30 10:27:47.977 30183 30251 D WalletNDK: JNIStringGuard: Constructor - env: 0xb4000074759ce370, jstr: 0x721e0daf00
01-30 10:27:47.977 30183 30251 D WalletNDK: JNIStringGuard: Got UTF chars: 0xb4000073659def50, valid: 1
01-30 10:27:47.977 30183 30251 D WalletNDK: JNIStringGuard: Constructor - env: 0xb4000074759ce370, jstr: 0x721e0daf04
01-30 10:27:47.977 30183 30251 D WalletNDK: JNIStringGuard: Got UTF chars: 0xb4000073659dfcd0, valid: 1
01-30 10:27:47.977 30183 30251 D WalletNDK: JNIStringGuard: isValid() - 1 (cstr: 0xb4000073c59fa8c0, env: 0xb4000074759ce370)
01-30 10:27:47.977 30183 30251 D WalletNDK: JNIStringGuard: isValid() - 1 (cstr: 0xb4000073659def50, env: 0xb4000074759ce370)
01-30 10:27:47.977 30183 30251 D WalletNDK: JNIStringGuard: isValid() - 1 (cstr: 0xb4000073659dfcd0, env: 0xb4000074759ce370)
01-30 10:27:47.977 30183 30251 D WalletNDK: JNIStringGuard: get() - returning 0xb4000073c59fa8c0
01-30 10:27:47.977 30183 30251 D WalletNDK: JNIStringGuard: get() - returning 0xb4000073659def50
01-30 10:27:47.977 30183 30251 D WalletNDK: JNIStringGuard: get() - returning 0xb4000073659dfcd0
01-30 10:27:47.977 30183 30251 D WalletNDK: createWalletJ: successfully copied strings
01-30 10:27:47.977 30183 30251 D WalletNDK: JNIStringGuard: Destructor - cstr: 0xb4000073659dfcd0, released: 0
01-30 10:27:47.977 30183 30251 D WalletNDK: JNIStringGuard: Released UTF chars
01-30 10:27:47.977 30183 30251 D WalletNDK: JNIStringGuard: Destructor - cstr: 0xb4000073659def50, released: 0
01-30 10:27:47.977 30183 30251 D WalletNDK: JNIStringGuard: Released UTF chars
01-30 10:27:47.977 30183 30251 D WalletNDK: JNIStringGuard: Destructor - cstr: 0xb4000073c59fa8c0, released: 0
01-30 10:27:47.977 30183 30251 D WalletNDK: JNIStringGuard: Released UTF chars
01-30 10:27:47.977 30183 30251 D WalletNDK: createWalletJ: calling Monero::WalletManager::createWallet
01-30 10:27:50.086 30183 30251 D WalletNDK: WALLET_CREATE: 0xb4000074d5a0e790 created by createWalletJ (total wallets: 1)
01-30 10:27:50.086 30183 30251 D WalletNDK: createWalletJ: SUCCESS - wallet: 0xb4000074d5a0e790
01-30 10:27:50.087 30183 30251 D WalletNDK: JNIStringGuard: Constructor - env: 0xb4000074759ce370, jstr: 0x721e0db22c
01-30 10:27:50.087 30183 30251 D WalletNDK: JNIStringGuard: Got UTF chars: 0xb4000073659ebd30, valid: 1
01-30 10:27:50.087 30183 30251 D WalletNDK: JNIStringGuard: Constructor - env: 0xb4000074759ce370, jstr: 0x721e0db238
01-30 10:27:50.087 30183 30251 D WalletNDK: JNIStringGuard: Got UTF chars: 0xb4000073659eb910, valid: 1
01-30 10:27:50.087 30183 30251 D WalletNDK: JNIStringGuard: Constructor - env: 0xb4000074759ce370, jstr: 0x721e0db23c
01-30 10:27:50.087 30183 30251 D WalletNDK: JNIStringGuard: Got UTF chars: 0xb4000073659cfb70, valid: 1
01-30 10:27:50.087 30183 30251 D WalletNDK: JNIStringGuard: isValid() - 1 (cstr: 0xb4000073659ebd30, env: 0xb4000074759ce370)
01-30 10:27:50.087 30183 30251 D WalletNDK: JNIStringGuard: isValid() - 1 (cstr: 0xb4000073659eb910, env: 0xb4000074759ce370)
01-30 10:27:50.087 30183 30251 D WalletNDK: JNIStringGuard: get() - returning 0xb4000073659eb910
01-30 10:27:50.087 30183 30251 D WalletNDK: JNIStringGuard: isValid() - 1 (cstr: 0xb4000073659cfb70, env: 0xb4000074759ce370)
01-30 10:27:50.087 30183 30251 D WalletNDK: JNIStringGuard: get() - returning 0xb4000073659cfb70
01-30 10:27:50.087 30183 30251 D WalletNDK: JNIStringGuard: get() - returning 0xb4000073659ebd30
01-30 10:27:52.450 30183 30251 D WalletNDK: JNIStringGuard: Destructor - cstr: 0xb4000073659cfb70, released: 0
01-30 10:27:52.450 30183 30251 D WalletNDK: JNIStringGuard: Released UTF chars
01-30 10:27:52.450 30183 30251 D WalletNDK: JNIStringGuard: Destructor - cstr: 0xb4000073659eb910, released: 0
01-30 10:27:52.450 30183 30251 D WalletNDK: JNIStringGuard: Released UTF chars
01-30 10:27:52.450 30183 30251 D WalletNDK: JNIStringGuard: Destructor - cstr: 0xb4000073659ebd30, released: 0
01-30 10:27:52.450 30183 30251 D WalletNDK: JNIStringGuard: Released UTF chars
01-30 10:27:52.450 30183 30251 D com.techducat.ajo.util.WalletSelectionManager: ✓ Daemon initialized for ROSCA wallet
01-30 10:27:52.450 30183 30251 D com.techducat.ajo.util.WalletSelectionManager: Saving fresh ROSCA wallet...
01-30 10:27:52.451 30183 30251 D WalletNDK: JNIStringGuard: Constructor - env: 0xb4000074759ce370, jstr: 0x721e0daf4c
01-30 10:27:52.451 30183 30251 D WalletNDK: JNIStringGuard: Got UTF chars: 0xb4000073c5a36ce0, valid: 1
01-30 10:27:52.451 30183 30251 D WalletNDK: JNIStringGuard: isValid() - 1 (cstr: 0xb4000073c5a36ce0, env: 0xb4000074759ce370)
01-30 10:27:52.451 30183 30251 D WalletNDK: JNIStringGuard: get() - returning 0xb4000073c5a36ce0
01-30 10:27:52.460 30183 30251 D WalletNDK: JNIStringGuard: Destructor - cstr: 0xb4000073c5a36ce0, released: 0
01-30 10:27:52.461 30183 30251 D WalletNDK: JNIStringGuard: Released UTF chars
01-30 10:27:52.461 30183 30251 D com.techducat.ajo.util.WalletSelectionManager: ✓ ROSCA wallet saved
01-30 10:27:52.461 30183 30251 D com.techducat.ajo.util.WalletSelectionManager: Closing ROSCA wallet file...
01-30 10:27:52.461 30183 30251 D WalletNDK: closeJ: ENTER - closing wallet
01-30 10:27:52.461 30183 30251 D WalletNDK: closeJ: wallet handle: 0xb4000074d5a0e790
01-30 10:27:52.461 30183 30251 D WalletNDK: closeJ: wallet 0xb4000074d5a0e790 found in tracker (created by: createWalletJ)
01-30 10:27:52.461 30183 30251 D WalletNDK: WALLET_TRACKER: Current wallets (1):
01-30 10:27:52.461 30183 30251 D WalletNDK:   - 0xb4000074d5a0e790 (created by: createWalletJ)
01-30 10:27:52.466 30183 30251 D WalletNDK: WALLET_DELETE: 0xb4000074d5a0e790 deleting (created by: createWalletJ)
01-30 10:27:52.466 30183 30251 D WalletNDK: WALLET_DELETE: remaining wallets: 0
01-30 10:27:52.466 30183 30251 D WalletNDK: closeJ: wallet closed successfully
01-30 10:27:52.466 30183 30251 D com.techducat.ajo.util.WalletSelectionManager: ✓ ROSCA wallet file closed
01-30 10:27:52.466 30183 30251 W com.techducat.ajo.util.WalletSelectionManager: ⚠️ No previous wallet to restore
01-30 10:27:52.466 30183 30251 I com.techducat.ajo.util.WalletSelectionManager: ✅✅✅ FRESH ROSCA WALLET CREATED (THREAD-SAFE) ✅✅✅
01-30 10:27:52.466 30183 30251 I com.techducat.ajo.util.WalletSelectionManager: Path: /data/user/0/com.techducat.ajo/app_wallets/rosca_rosca_1769765098568_108701876_105624496574884292174
01-30 10:27:52.466 30183 30251 I com.techducat.ajo.util.WalletSelectionManager: This wallet has its own independent seed
01-30 10:27:52.466 30183 30251 I com.techducat.ajo.util.WalletSelectionManager: Previous wallet has been restored
01-30 10:27:52.466 30183 30251 D RoscaManager: ✓ Fresh ROSCA wallet created: /data/user/0/com.techducat.ajo/app_wallets/rosca_rosca_1769765098568_108701876_105624496574884292174
01-30 10:27:52.466 30183 30251 D RoscaManager: Step 2: Switching to ROSCA wallet...
01-30 10:27:52.467 30183 30251 I com.techducat.ajo.util.WalletSelectionManager: === SWITCH TO ROSCA WALLET (THREAD-SAFE) ===
01-30 10:27:52.467 30183 30251 I com.techducat.ajo.util.WalletSelectionManager: ROSCA ID: rosca_1769765098568_108701876
01-30 10:27:52.467 30183 30251 I com.techducat.ajo.util.WalletSelectionManager: Path: /data/user/0/com.techducat.ajo/app_wallets/rosca_rosca_1769765098568_108701876_105624496574884292174
01-30 10:27:52.467 30183 30251 I com.techducat.ajo.util.WalletSelectionManager: ⚠️ Allowing incomplete multisig (creation/join phase)
01-30 10:27:52.468 30183 30251 D com.techducat.ajo.util.WalletSelectionManager: Opening ROSCA wallet: /data/user/0/com.techducat.ajo/app_wallets/rosca_rosca_1769765098568_108701876_105624496574884292174
01-30 10:27:52.468 30183 30251 D WalletNDK: openWalletJ: ENTER
01-30 10:27:52.468 30183 30251 D WalletNDK: JNIStringGuard: Constructor - env: 0xb4000074759ce370, jstr: 0x721e0daedc
01-30 10:27:52.468 30183 30251 D WalletNDK: JNIStringGuard: Got UTF chars: 0xb4000073c5a33890, valid: 1
01-30 10:27:52.468 30183 30251 D WalletNDK: JNIStringGuard: Constructor - env: 0xb4000074759ce370, jstr: 0x721e0daee0
01-30 10:27:52.468 30183 30251 D WalletNDK: JNIStringGuard: Got UTF chars: 0xb4000073659e8810, valid: 1
01-30 10:27:52.468 30183 30251 D WalletNDK: JNIStringGuard: isValid() - 1 (cstr: 0xb4000073c5a33890, env: 0xb4000074759ce370)
01-30 10:27:52.468 30183 30251 D WalletNDK: JNIStringGuard: isValid() - 1 (cstr: 0xb4000073659e8810, env: 0xb4000074759ce370)
01-30 10:27:52.468 30183 30251 D WalletNDK: JNIStringGuard: get() - returning 0xb4000073c5a33890
01-30 10:27:52.468 30183 30251 D WalletNDK: JNIStringGuard: get() - returning 0xb4000073659e8810
01-30 10:27:52.468 30183 30251 D WalletNDK: openWalletJ: successfully copied strings
01-30 10:27:52.468 30183 30251 D WalletNDK: JNIStringGuard: Destructor - cstr: 0xb4000073659e8810, released: 0
01-30 10:27:52.468 30183 30251 D WalletNDK: JNIStringGuard: Released UTF chars
01-30 10:27:52.468 30183 30251 D WalletNDK: JNIStringGuard: Destructor - cstr: 0xb4000073c5a33890, released: 0
01-30 10:27:52.468 30183 30251 D WalletNDK: JNIStringGuard: Released UTF chars
01-30 10:27:52.468 30183 30251 D WalletNDK: openWalletJ: calling Monero::WalletManager::openWallet
01-30 10:27:53.400 30183 30251 D WalletNDK: WALLET_CREATE: 0xb4000074d5a0e790 created by openWalletJ (total wallets: 1)
01-30 10:27:53.400 30183 30251 D WalletNDK: openWalletJ: SUCCESS - wallet: 0xb4000074d5a0e790
01-30 10:27:53.404 30183 30251 D WalletNDK: JNIStringGuard: Constructor - env: 0xb4000074759ce370, jstr: 0x721e0db1fc
01-30 10:27:53.404 30183 30251 D WalletNDK: JNIStringGuard: Got UTF chars: 0xb4000073659eb130, valid: 1
01-30 10:27:53.404 30183 30251 D WalletNDK: JNIStringGuard: Constructor - env: 0xb4000074759ce370, jstr: 0x721e0db208
01-30 10:27:53.404 30183 30251 D WalletNDK: JNIStringGuard: Got UTF chars: 0xb4000073659ed0b0, valid: 1
01-30 10:27:53.404 30183 30251 D WalletNDK: JNIStringGuard: Constructor - env: 0xb4000074759ce370, jstr: 0x721e0db20c
01-30 10:27:53.404 30183 30251 D WalletNDK: JNIStringGuard: Got UTF chars: 0xb4000073659ebe50, valid: 1
01-30 10:27:53.404 30183 30251 D WalletNDK: JNIStringGuard: isValid() - 1 (cstr: 0xb4000073659eb130, env: 0xb4000074759ce370)
01-30 10:27:53.404 30183 30251 D WalletNDK: JNIStringGuard: isValid() - 1 (cstr: 0xb4000073659ed0b0, env: 0xb4000074759ce370)
01-30 10:27:53.404 30183 30251 D WalletNDK: JNIStringGuard: get() - returning 0xb4000073659ed0b0
01-30 10:27:53.404 30183 30251 D WalletNDK: JNIStringGuard: isValid() - 1 (cstr: 0xb4000073659ebe50, env: 0xb4000074759ce370)
01-30 10:27:53.404 30183 30251 D WalletNDK: JNIStringGuard: get() - returning 0xb4000073659ebe50
01-30 10:27:53.404 30183 30251 D WalletNDK: JNIStringGuard: get() - returning 0xb4000073659eb130
01-30 10:27:55.108 30183 30251 D WalletNDK: JNIStringGuard: Destructor - cstr: 0xb4000073659ebe50, released: 0
01-30 10:27:55.108 30183 30251 D WalletNDK: JNIStringGuard: Released UTF chars
01-30 10:27:55.108 30183 30251 D WalletNDK: JNIStringGuard: Destructor - cstr: 0xb4000073659ed0b0, released: 0
01-30 10:27:55.108 30183 30251 D WalletNDK: JNIStringGuard: Released UTF chars
01-30 10:27:55.108 30183 30251 D WalletNDK: JNIStringGuard: Destructor - cstr: 0xb4000073659eb130, released: 0
01-30 10:27:55.108 30183 30251 D WalletNDK: JNIStringGuard: Released UTF chars
01-30 10:27:55.108 30183 30251 D com.techducat.ajo.util.WalletSelectionManager: ✓ Daemon initialized
01-30 10:27:55.108 30183 30251 D WalletSuite: Setting user wallet: /data/user/0/com.techducat.ajo/app_wallets/rosca_rosca_1769765098568_108701876_105624496574884292174
01-30 10:27:55.108 30183 30251 D WalletSuite: Cached wallet address: 56vXjTCTn7b1m8G...
01-30 10:27:55.109 30183 30251 D com.techducat.ajo.util.WalletSelectionManager: 📱 Updating LiveData: ROSCA wallet rosca_1769765098568_108701876
01-30 10:27:55.109 30183 30251 I com.techducat.ajo.util.WalletSelectionManager: ✅ Switched to ROSCA wallet (thread-safe)
01-30 10:27:55.109 30183 30251 D RoscaManager: ✓ Switched to ROSCA wallet
01-30 10:27:55.109 30183 30251 D RoscaManager: Step 3: Getting wallet address...
01-30 10:27:55.113 30183 30251 D RoscaManager: ✓ Joiner's ROSCA wallet address: 56vXjTCTn7b1m8G...
01-30 10:27:55.113 30183 30251 D RoscaManager: Step 4: Getting multisig info from wallet...
01-30 10:27:55.114 30183 30350 I WalletSuite: === GET MULTISIG INFO ===
01-30 10:27:55.115 30183 30350 I WalletSuite: ✓ Multisig info retrieved
01-30 10:27:55.116 30183 30251 D RoscaManager: ✓ Got multisig info (length: 189 chars)
01-30 10:27:55.116 30183 30251 D RoscaManager: Step 5: Creating member record (atomic transaction)...
01-30 10:27:55.118 30183 30251 D com.techducat.ajo.repository.impl.RoscaRepositoryImpl: ⚙️ Starting database transaction...
01-30 10:27:55.122 30183 30261 D RoscaManager:   → Inserting member record...
01-30 10:27:55.123 30183 30261 D com.techducat.ajo.repository.impl.RoscaRepositoryImpl: Inserting member: 8bb678f2-8ec3-4e61-a91a-c07ca9307dbb, wallet: 56vXjTCTn7b1m8G...
01-30 10:27:55.123 30183 30261 D com.techducat.ajo.repository.impl.RoscaRepositoryImpl:   ROSCA ID: rosca_1769765098568_108701876
01-30 10:27:55.123 30183 30261 D com.techducat.ajo.repository.impl.RoscaRepositoryImpl:   User ID: 105624496574884292174
01-30 10:27:55.123 30183 30261 D Member  : toEntity conversion:
01-30 10:27:55.123 30183 30261 D Member  :   ID: 8bb678f2-8ec3-4e61-a91a-c07ca9307dbb
01-30 10:27:55.123 30183 30261 D Member  :   UserId: 105624496574884292174
01-30 10:27:55.123 30183 30261 D Member  :   Name: 
01-30 10:27:55.123 30183 30261 D Member  :   MultisigInfo before conversion: true
01-30 10:27:55.123 30183 30261 D Member  :     Address: 56vXjTCTn7b1m8GQmeUS...
01-30 10:27:55.123 30183 30261 D Member  :     IsReady: false
01-30 10:27:55.123 30183 30261 D Member  :   MultisigInfo after conversion: true
01-30 10:27:55.125 30183 30261 D com.techducat.ajo.data.local.DatabaseConverters: fromMultisigInfo: Successfully converted to JSON
01-30 10:27:55.125 30183 30261 D com.techducat.ajo.data.local.DatabaseConverters:   address: 56vXjTCTn7b1m8GQmeUS...
01-30 10:27:55.125 30183 30261 D com.techducat.ajo.data.local.DatabaseConverters:   viewKey length: 0
01-30 10:27:55.125 30183 30261 D com.techducat.ajo.data.local.DatabaseConverters:   isReady: false
01-30 10:27:55.125 30183 30261 D com.techducat.ajo.data.local.DatabaseConverters:   exchangeState: MultisigxV2R1EwZiNgSxuKQb8y9h6fhk1EbUX5ES9Zu41PUhaotKVus7DCgyqMk6kWLVg9hCPVSwvX54bYe7L7YBy24ZeMax844M7YAiyAYnLtZFnhb7v1GnCaYH17JyMBdZrJKdfQ3BVrEqHUijfgc5Ne1eutg8TWwuXBZLCL8ajNU6RSGukSEfYVJd
01-30 10:27:55.125 30183 30261 V com.techducat.ajo.data.local.DatabaseConverters:   JSON output: {"address":"56vXjTCTn7b1m8GQmeUSyX4svzVdDuTV8GiapDhdEkdm6ZLYg2YirrMGHY94rWfwmP84seL9tSVQBjYjqCQkBCc18Vi2ZD7","viewKey":"","isReady":false,"exchangeState":"MultisigxV2R1EwZiNgSxuKQb8y9h6fhk1EbUX5ES9Zu41PUhaotKVus7DCgyqMk6kWLVg9hCPVSwvX54bYe7L7YBy24ZeMax844M7YAiyAYnLtZFnhb7v1GnCaYH17JyMBdZrJKdfQ3BVrEqHUijfgc5Ne1eutg8TWwuXBZLCL8ajNU6RSGukSEfYVJd"}
01-30 10:27:55.126 30183 30261 D com.techducat.ajo.repository.impl.RoscaRepositoryImpl: ✓ Member inserted successfully to database
01-30 10:27:55.128 30183 30261 V com.techducat.ajo.data.local.DatabaseConverters: toMultisigInfo: Input JSON: {"address":"56vXjTCTn7b1m8GQmeUSyX4svzVdDuTV8GiapDhdEkdm6ZLYg2YirrMGHY94rWfwmP84seL9tSVQBjYjqCQkBCc18Vi2ZD7","viewKey":"","isReady":false,"exchangeState":"MultisigxV2R1EwZiNgSxuKQb8y9h6fhk1EbUX5ES9Zu41PUhaotKVus7DCgyqMk6kWLVg9hCPVSwvX54bYe7L7YBy24ZeMax844M7YAiyAYnLtZFnhb7v1GnCaYH17JyMBdZrJKdfQ3BVrEqHUijfgc5Ne1eutg8TWwuXBZLCL8ajNU6RSGukSEfYVJd"}
01-30 10:27:55.128 30183 30261 D com.techducat.ajo.data.local.DatabaseConverters: toMultisigInfo: Successfully converted from JSON
01-30 10:27:55.128 30183 30261 D com.techducat.ajo.data.local.DatabaseConverters:   address: 56vXjTCTn7b1m8GQmeUS...
01-30 10:27:55.128 30183 30261 D com.techducat.ajo.data.local.DatabaseConverters:   viewKey length: 0
01-30 10:27:55.129 30183 30261 D com.techducat.ajo.data.local.DatabaseConverters:   isReady: false
01-30 10:27:55.129 30183 30261 D com.techducat.ajo.data.local.DatabaseConverters:   exchangeState: MultisigxV2R1EwZiNgSxuKQb8y9h6fhk1EbUX5ES9Zu41PUhaotKVus7DCgyqMk6kWLVg9hCPVSwvX54bYe7L7YBy24ZeMax844M7YAiyAYnLtZFnhb7v1GnCaYH17JyMBdZrJKdfQ3BVrEqHUijfgc5Ne1eutg8TWwuXBZLCL8ajNU6RSGukSEfYVJd
01-30 10:27:55.129 30183 30261 D com.techducat.ajo.repository.impl.RoscaRepositoryImpl: ✓ Member verified in database
01-30 10:27:55.129 30183 30261 D com.techducat.ajo.repository.impl.RoscaRepositoryImpl:   Wallet: 56vXjTCTn7b1m8GQmeUSyX4svzVdDuTV8GiapDhdEkdm6ZLYg2YirrMGHY94rWfwmP84seL9tSVQBjYjqCQkBCc18Vi2ZD7
01-30 10:27:55.129 30183 30261 D com.techducat.ajo.repository.impl.RoscaRepositoryImpl:   User ID: 105624496574884292174
01-30 10:27:55.129 30183 30261 D com.techducat.ajo.repository.impl.RoscaRepositoryImpl:   ROSCA ID: rosca_1769765098568_108701876
01-30 10:27:55.129 30183 30261 D RoscaManager:   → Updating ROSCA member count...
01-30 10:27:55.129 30183 30261 D com.techducat.ajo.repository.impl.RoscaRepositoryImpl: Updating ROSCA: rosca_1769765098568_108701876
01-30 10:27:55.131 30183 30261 D com.techducat.ajo.repository.impl.RoscaRepositoryImpl: ✓ ROSCA updated successfully
01-30 10:27:55.131 30183 30261 D RoscaManager:   ✓ Transaction committed
01-30 10:27:55.155 30183 30251 D com.techducat.ajo.repository.impl.RoscaRepositoryImpl: ✅ Transaction completed successfully and committed
01-30 10:27:55.155 30183 30251 I RoscaManager: ✓ Updated ROSCA members: 3/3
01-30 10:27:55.158 30183 30251 D RoscaManager: ⏭️ Skipping finalization check - only creator can trigger finalization
01-30 10:27:55.158 30183 30251 D RoscaManager:   Current user: 105624496574884292174
01-30 10:27:55.158 30183 30251 D RoscaManager:   Creator: 101162925197083414687
01-30 10:27:55.158 30183 30251 I RoscaManager: ✅✅✅ JOINED ROSCA SUCCESSFULLY ✅✅✅
01-30 10:27:55.158 30183 30251 I RoscaManager: Member ID: 8bb678f2-8ec3-4e61-a91a-c07ca9307dbb
01-30 10:27:55.158 30183 30251 I RoscaManager: Position: 2
01-30 10:27:55.158 30183 30251 I RoscaManager: Fresh wallet created with independent seed
01-30 10:27:55.158 30183 30251 I RoscaManager: Multisig info ready for exchange
01-30 10:27:55.158 30183 30251 I RoscaManager: Wallet: /data/user/0/com.techducat.ajo/app_wallets/rosca_rosca_1769765098568_108701876_105624496574884292174
01-30 10:27:55.159 30183 30183 D com.techducat.ajo.ui.dashboard.DashboardFragment: ✓ Successfully joined ROSCA
01-30 10:27:55.159 30183 30183 D com.techducat.ajo.ui.dashboard.DashboardFragment:   Member ID: 8bb678f2-8ec3-4e61-a91a-c07ca9307dbb
01-30 10:27:55.160 30183 30183 D com.techducat.ajo.ui.dashboard.DashboardFragment:   User ID: 105624496574884292174
01-30 10:27:55.160 30183 30183 D com.techducat.ajo.ui.dashboard.DashboardFragment:   Has MultisigInfo: true
01-30 10:27:55.162 30183 30251 D com.techducat.ajo.repository.impl.RoscaRepositoryImpl: Updating invite: f9c03678-d6e3-4baf-8e99-3e62fddc2aca
01-30 10:27:55.166 30183 30251 D com.techducat.ajo.repository.impl.RoscaRepositoryImpl: ✓ Invite updated successfully
01-30 10:27:55.181 30183 30183 D com.techducat.ajo.ui.dashboard.DashboardFragment: Loading ROSCAs for user: 105624496574884292174
01-30 10:27:55.185 30183 30261 V com.techducat.ajo.data.local.DatabaseConverters: toMultisigInfo: Input JSON: {"address":"56ysxofWMrAAuFCpdhvCg6hyhDgKQBmfzcC8Z88nzTaeZwN8sf9hoxE7uNv6Ptgm7yfPYoykVQjqNFPf3xDib9ipQeS3iHa","viewKey":"","isReady":false,"exchangeState":"MultisigxV2R1SqsxqoGGPEABAcs7K7kxgrPzdFmC8cdCBKVBfdtfoSY8drSDGqtCTJH6AFt8KmdDJcX2VBCyDBzPJSe4AAQEnRirjUoBex3BocMXmLyZ2yRRcwJauWWRSrdEMXaBHv5ZKnU9WgRVCGRz5RjK3b1AajzYMhiJJkXReL2fCNeg11CCVKRW"}
01-30 10:27:55.185 30183 30261 D com.techducat.ajo.data.local.DatabaseConverters: toMultisigInfo: Successfully converted from JSON
01-30 10:27:55.185 30183 30261 D com.techducat.ajo.data.local.DatabaseConverters:   address: 56ysxofWMrAAuFCpdhvC...
01-30 10:27:55.185 30183 30261 D com.techducat.ajo.data.local.DatabaseConverters:   viewKey length: 0
01-30 10:27:55.185 30183 30261 D com.techducat.ajo.data.local.DatabaseConverters:   isReady: false
01-30 10:27:55.185 30183 30261 D com.techducat.ajo.data.local.DatabaseConverters:   exchangeState: MultisigxV2R1SqsxqoGGPEABAcs7K7kxgrPzdFmC8cdCBKVBfdtfoSY8drSDGqtCTJH6AFt8KmdDJcX2VBCyDBzPJSe4AAQEnRirjUoBex3BocMXmLyZ2yRRcwJauWWRSrdEMXaBHv5ZKnU9WgRVCGRz5RjK3b1AajzYMhiJJkXReL2fCNeg11CCVKRW
01-30 10:27:55.185 30183 30261 V com.techducat.ajo.data.local.DatabaseConverters: toMultisigInfo: Input JSON: {"address":"52Eo2e4TtkZaWnQhpqashacEEVUcPLKtaYcPzZKFWjUwNwoKuMhAzyC2z8hkFoRJBN1yktQeqhstZXfpLQk7bnxHB1m34Z9","viewKey":"","isReady":false,"exchangeState":"MultisigxV2R1ZCPVbD5QM4cSqBDhpUkxAP3EQ7WQC3Utwcy6SQ1hRcH4ZUe13M4grA79AF9YuDQNN8axtd1HBduLb4wHMzc4sG4x3o59QYNUskFYPU1oVxL5mniL2Bj9rv37r9Hh8RqwnVd38oHWm7EGTAnVX2iBiYfdHKDzrRsqs77btjiXsbjWUATY"}
01-30 10:27:55.185 30183 30261 D com.techducat.ajo.data.local.DatabaseConverters: toMultisigInfo: Successfully converted from JSON
01-30 10:27:55.185 30183 30261 D com.techducat.ajo.data.local.DatabaseConverters:   address: 52Eo2e4TtkZaWnQhpqas...
01-30 10:27:55.185 30183 30261 D com.techducat.ajo.data.local.DatabaseConverters:   viewKey length: 0
01-30 10:27:55.185 30183 30261 D com.techducat.ajo.data.local.DatabaseConverters:   isReady: false
01-30 10:27:55.185 30183 30261 D com.techducat.ajo.data.local.DatabaseConverters:   exchangeState: MultisigxV2R1ZCPVbD5QM4cSqBDhpUkxAP3EQ7WQC3Utwcy6SQ1hRcH4ZUe13M4grA79AF9YuDQNN8axtd1HBduLb4wHMzc4sG4x3o59QYNUskFYPU1oVxL5mniL2Bj9rv37r9Hh8RqwnVd38oHWm7EGTAnVX2iBiYfdHKDzrRsqs77btjiXsbjWUATY
01-30 10:27:55.186 30183 30261 V com.techducat.ajo.data.local.DatabaseConverters: toMultisigInfo: Input JSON: {"address":"56vXjTCTn7b1m8GQmeUSyX4svzVdDuTV8GiapDhdEkdm6ZLYg2YirrMGHY94rWfwmP84seL9tSVQBjYjqCQkBCc18Vi2ZD7","viewKey":"","isReady":false,"exchangeState":"MultisigxV2R1EwZiNgSxuKQb8y9h6fhk1EbUX5ES9Zu41PUhaotKVus7DCgyqMk6kWLVg9hCPVSwvX54bYe7L7YBy24ZeMax844M7YAiyAYnLtZFnhb7v1GnCaYH17JyMBdZrJKdfQ3BVrEqHUijfgc5Ne1eutg8TWwuXBZLCL8ajNU6RSGukSEfYVJd"}
01-30 10:27:55.186 30183 30261 D com.techducat.ajo.data.local.DatabaseConverters: toMultisigInfo: Successfully converted from JSON
01-30 10:27:55.186 30183 30261 D com.techducat.ajo.data.local.DatabaseConverters:   address: 56vXjTCTn7b1m8GQmeUS...
01-30 10:27:55.186 30183 30261 D com.techducat.ajo.data.local.DatabaseConverters:   viewKey length: 0
01-30 10:27:55.186 30183 30261 D com.techducat.ajo.data.local.DatabaseConverters:   isReady: false
01-30 10:27:55.186 30183 30261 D com.techducat.ajo.data.local.DatabaseConverters:   exchangeState: MultisigxV2R1EwZiNgSxuKQb8y9h6fhk1EbUX5ES9Zu41PUhaotKVus7DCgyqMk6kWLVg9hCPVSwvX54bYe7L7YBy24ZeMax844M7YAiyAYnLtZFnhb7v1GnCaYH17JyMBdZrJKdfQ3BVrEqHUijfgc5Ne1eutg8TWwuXBZLCL8ajNU6RSGukSEfYVJd
01-30 10:27:55.187 30183 30251 D com.techducat.ajo.repository.impl.RoscaRepositoryImpl: Retrieved 3 members from database
01-30 10:27:55.187 30183 30251 D MemberEntity: toDomain conversion:
01-30 10:27:55.187 30183 30251 D MemberEntity:   ID: 4b335ba0-ddf8-46c3-aedc-5e3e1fbc26ac
01-30 10:27:55.187 30183 30251 D MemberEntity:   UserId: 101162925197083414687
01-30 10:27:55.187 30183 30251 D MemberEntity:   Name: Creator
01-30 10:27:55.187 30183 30251 D MemberEntity:   MultisigInfo before conversion: true
01-30 10:27:55.187 30183 30251 D MemberEntity:   MultisigInfo after conversion: true
01-30 10:27:55.187 30183 30251 D MemberEntity:     Address: 56ysxofWMrAAuFCpdhvC...
01-30 10:27:55.187 30183 30251 D MemberEntity:     IsReady: false
01-30 10:27:55.187 30183 30251 D MemberEntity:   Resolved walletAddress: 56ysxofWMrAAuFCpdhvC...
01-30 10:27:55.187 30183 30251 D MemberEntity: toDomain conversion:
01-30 10:27:55.188 30183 30251 D MemberEntity:   ID: 3f792859-dd64-4f54-b8f2-80742b2da7d4
01-30 10:27:55.188 30183 30251 D MemberEntity:   UserId: 106565310936244799465
01-30 10:27:55.188 30183 30251 D MemberEntity:   Name: 
01-30 10:27:55.188 30183 30251 D MemberEntity:   MultisigInfo before conversion: true
01-30 10:27:55.188 30183 30251 D MemberEntity:   MultisigInfo after conversion: true
01-30 10:27:55.188 30183 30251 D MemberEntity:     Address: 52Eo2e4TtkZaWnQhpqas...
01-30 10:27:55.188 30183 30251 D MemberEntity:     IsReady: false
01-30 10:27:55.188 30183 30251 D MemberEntity:   Resolved walletAddress: 52Eo2e4TtkZaWnQhpqas...
01-30 10:27:55.188 30183 30251 D MemberEntity: toDomain conversion:
01-30 10:27:55.188 30183 30251 D MemberEntity:   ID: 8bb678f2-8ec3-4e61-a91a-c07ca9307dbb
01-30 10:27:55.188 30183 30251 D MemberEntity:   UserId: 105624496574884292174
01-30 10:27:55.188 30183 30251 D MemberEntity:   Name: 
01-30 10:27:55.188 30183 30251 D MemberEntity:   MultisigInfo before conversion: true
01-30 10:27:55.188 30183 30251 D MemberEntity:   MultisigInfo after conversion: true
01-30 10:27:55.188 30183 30251 D MemberEntity:     Address: 56vXjTCTn7b1m8GQmeUS...
01-30 10:27:55.188 30183 30251 D MemberEntity:     IsReady: false
01-30 10:27:55.189 30183 30251 D MemberEntity:   Resolved walletAddress: 56vXjTCTn7b1m8GQmeUS...
01-30 10:27:55.205 30183 30183 D com.techducat.ajo.ui.dashboard.DashboardFragment: Loaded 1 ROSCAs
01-30 10:27:55.206 30183 30183 D com.techducat.ajo.ui.dashboard.DashboardFragment: === CHECKING CREATOR FINALIZATION TASKS ===
01-30 10:27:55.206 30183 30183 D com.techducat.ajo.ui.dashboard.DashboardFragment: User ID: 105624496574884292174
01-30 10:27:55.206 30183 30183 D com.techducat.ajo.ui.dashboard.DashboardFragment: Found 0 ROSCAs created by this user
01-30 10:27:55.206 30183 30183 D com.techducat.ajo.ui.dashboard.DashboardFragment: === CREATOR FINALIZATION CHECK COMPLETE ===
01-30 10:27:55.207 30183 30251 D com.techducat.ajo.repository.impl.RoscaRepositoryImpl: getMembersByRoscaId: Querying for ROSCA: rosca_1769765098568_108701876
01-30 10:27:55.208 30183 30251 V com.techducat.ajo.data.local.DatabaseConverters: toMultisigInfo: Input JSON: {"address":"56ysxofWMrAAuFCpdhvCg6hyhDgKQBmfzcC8Z88nzTaeZwN8sf9hoxE7uNv6Ptgm7yfPYoykVQjqNFPf3xDib9ipQeS3iHa","viewKey":"","isReady":false,"exchangeState":"MultisigxV2R1SqsxqoGGPEABAcs7K7kxgrPzdFmC8cdCBKVBfdtfoSY8drSDGqtCTJH6AFt8KmdDJcX2VBCyDBzPJSe4AAQEnRirjUoBex3BocMXmLyZ2yRRcwJauWWRSrdEMXaBHv5ZKnU9WgRVCGRz5RjK3b1AajzYMhiJJkXReL2fCNeg11CCVKRW"}
01-30 10:27:55.208 30183 30251 D com.techducat.ajo.data.local.DatabaseConverters: toMultisigInfo: Successfully converted from JSON
01-30 10:27:55.208 30183 30251 D com.techducat.ajo.data.local.DatabaseConverters:   address: 56ysxofWMrAAuFCpdhvC...
01-30 10:27:55.209 30183 30251 D com.techducat.ajo.data.local.DatabaseConverters:   viewKey length: 0
01-30 10:27:55.209 30183 30251 D com.techducat.ajo.data.local.DatabaseConverters:   isReady: false
01-30 10:27:55.209 30183 30251 D com.techducat.ajo.data.local.DatabaseConverters:   exchangeState: MultisigxV2R1SqsxqoGGPEABAcs7K7kxgrPzdFmC8cdCBKVBfdtfoSY8drSDGqtCTJH6AFt8KmdDJcX2VBCyDBzPJSe4AAQEnRirjUoBex3BocMXmLyZ2yRRcwJauWWRSrdEMXaBHv5ZKnU9WgRVCGRz5RjK3b1AajzYMhiJJkXReL2fCNeg11CCVKRW
01-30 10:27:55.209 30183 30251 V com.techducat.ajo.data.local.DatabaseConverters: toMultisigInfo: Input JSON: {"address":"52Eo2e4TtkZaWnQhpqashacEEVUcPLKtaYcPzZKFWjUwNwoKuMhAzyC2z8hkFoRJBN1yktQeqhstZXfpLQk7bnxHB1m34Z9","viewKey":"","isReady":false,"exchangeState":"MultisigxV2R1ZCPVbD5QM4cSqBDhpUkxAP3EQ7WQC3Utwcy6SQ1hRcH4ZUe13M4grA79AF9YuDQNN8axtd1HBduLb4wHMzc4sG4x3o59QYNUskFYPU1oVxL5mniL2Bj9rv37r9Hh8RqwnVd38oHWm7EGTAnVX2iBiYfdHKDzrRsqs77btjiXsbjWUATY"}
01-30 10:27:55.209 30183 30251 D com.techducat.ajo.data.local.DatabaseConverters: toMultisigInfo: Successfully converted from JSON
01-30 10:27:55.209 30183 30251 D com.techducat.ajo.data.local.DatabaseConverters:   address: 52Eo2e4TtkZaWnQhpqas...
01-30 10:27:55.209 30183 30251 D com.techducat.ajo.data.local.DatabaseConverters:   viewKey length: 0
01-30 10:27:55.209 30183 30251 D com.techducat.ajo.data.local.DatabaseConverters:   isReady: false
01-30 10:27:55.209 30183 30251 D com.techducat.ajo.data.local.DatabaseConverters:   exchangeState: MultisigxV2R1ZCPVbD5QM4cSqBDhpUkxAP3EQ7WQC3Utwcy6SQ1hRcH4ZUe13M4grA79AF9YuDQNN8axtd1HBduLb4wHMzc4sG4x3o59QYNUskFYPU1oVxL5mniL2Bj9rv37r9Hh8RqwnVd38oHWm7EGTAnVX2iBiYfdHKDzrRsqs77btjiXsbjWUATY
01-30 10:27:55.212 30183 30251 V com.techducat.ajo.data.local.DatabaseConverters: toMultisigInfo: Input JSON: {"address":"56vXjTCTn7b1m8GQmeUSyX4svzVdDuTV8GiapDhdEkdm6ZLYg2YirrMGHY94rWfwmP84seL9tSVQBjYjqCQkBCc18Vi2ZD7","viewKey":"","isReady":false,"exchangeState":"MultisigxV2R1EwZiNgSxuKQb8y9h6fhk1EbUX5ES9Zu41PUhaotKVus7DCgyqMk6kWLVg9hCPVSwvX54bYe7L7YBy24ZeMax844M7YAiyAYnLtZFnhb7v1GnCaYH17JyMBdZrJKdfQ3BVrEqHUijfgc5Ne1eutg8TWwuXBZLCL8ajNU6RSGukSEfYVJd"}
01-30 10:27:55.212 30183 30251 D com.techducat.ajo.data.local.DatabaseConverters: toMultisigInfo: Successfully converted from JSON
01-30 10:27:55.212 30183 30251 D com.techducat.ajo.data.local.DatabaseConverters:   address: 56vXjTCTn7b1m8GQmeUS...
01-30 10:27:55.213 30183 30251 D com.techducat.ajo.data.local.DatabaseConverters:   viewKey length: 0
01-30 10:27:55.213 30183 30251 D com.techducat.ajo.data.local.DatabaseConverters:   isReady: false
01-30 10:27:55.213 30183 30251 D com.techducat.ajo.data.local.DatabaseConverters:   exchangeState: MultisigxV2R1EwZiNgSxuKQb8y9h6fhk1EbUX5ES9Zu41PUhaotKVus7DCgyqMk6kWLVg9hCPVSwvX54bYe7L7YBy24ZeMax844M7YAiyAYnLtZFnhb7v1GnCaYH17JyMBdZrJKdfQ3BVrEqHUijfgc5Ne1eutg8TWwuXBZLCL8ajNU6RSGukSEfYVJd
01-30 10:27:55.213 30183 30251 D com.techducat.ajo.repository.impl.RoscaRepositoryImpl: getMembersByRoscaId: Retrieved 3 member entities
01-30 10:27:55.213 30183 30251 D com.techducat.ajo.repository.impl.RoscaRepositoryImpl:   Member 0:
01-30 10:27:55.213 30183 30251 D com.techducat.ajo.repository.impl.RoscaRepositoryImpl:     ID: 4b335ba0-ddf8-46c3-aedc-5e3e1fbc26ac
01-30 10:27:55.213 30183 30251 D com.techducat.ajo.repository.impl.RoscaRepositoryImpl:     User ID: 101162925197083414687
01-30 10:27:55.213 30183 30251 D com.techducat.ajo.repository.impl.RoscaRepositoryImpl:     Name: Creator
01-30 10:27:55.213 30183 30251 D com.techducat.ajo.repository.impl.RoscaRepositoryImpl:     MultisigInfo: present
01-30 10:27:55.213 30183 30251 D MemberEntity: toDomain conversion:
01-30 10:27:55.213 30183 30251 D MemberEntity:   ID: 4b335ba0-ddf8-46c3-aedc-5e3e1fbc26ac
01-30 10:27:55.213 30183 30251 D MemberEntity:   UserId: 101162925197083414687
01-30 10:27:55.213 30183 30251 D MemberEntity:   Name: Creator
01-30 10:27:55.213 30183 30251 D MemberEntity:   MultisigInfo before conversion: true
01-30 10:27:55.214 30183 30251 D MemberEntity:   MultisigInfo after conversion: true
01-30 10:27:55.214 30183 30251 D MemberEntity:     Address: 56ysxofWMrAAuFCpdhvC...
01-30 10:27:55.214 30183 30251 D MemberEntity:     IsReady: false
01-30 10:27:55.214 30183 30251 D MemberEntity:   Resolved walletAddress: 56ysxofWMrAAuFCpdhvC...
01-30 10:27:55.214 30183 30251 D com.techducat.ajo.repository.impl.RoscaRepositoryImpl:   Member 1:
01-30 10:27:55.214 30183 30251 D com.techducat.ajo.repository.impl.RoscaRepositoryImpl:     ID: 3f792859-dd64-4f54-b8f2-80742b2da7d4
01-30 10:27:55.214 30183 30251 D com.techducat.ajo.repository.impl.RoscaRepositoryImpl:     User ID: 106565310936244799465
01-30 10:27:55.214 30183 30251 D com.techducat.ajo.repository.impl.RoscaRepositoryImpl:     Name: 
01-30 10:27:55.214 30183 30251 D com.techducat.ajo.repository.impl.RoscaRepositoryImpl:     MultisigInfo: present
01-30 10:27:55.214 30183 30251 D MemberEntity: toDomain conversion:
01-30 10:27:55.214 30183 30251 D MemberEntity:   ID: 3f792859-dd64-4f54-b8f2-80742b2da7d4
01-30 10:27:55.214 30183 30251 D MemberEntity:   UserId: 106565310936244799465
01-30 10:27:55.214 30183 30251 D MemberEntity:   Name: 
01-30 10:27:55.214 30183 30251 D MemberEntity:   MultisigInfo before conversion: true
01-30 10:27:55.214 30183 30251 D MemberEntity:   MultisigInfo after conversion: true
01-30 10:27:55.214 30183 30251 D MemberEntity:     Address: 52Eo2e4TtkZaWnQhpqas...
01-30 10:27:55.214 30183 30251 D MemberEntity:     IsReady: false
01-30 10:27:55.214 30183 30251 D MemberEntity:   Resolved walletAddress: 52Eo2e4TtkZaWnQhpqas...
01-30 10:27:55.214 30183 30251 D com.techducat.ajo.repository.impl.RoscaRepositoryImpl:   Member 2:
01-30 10:27:55.215 30183 30251 D com.techducat.ajo.repository.impl.RoscaRepositoryImpl:     ID: 8bb678f2-8ec3-4e61-a91a-c07ca9307dbb
01-30 10:27:55.215 30183 30251 D com.techducat.ajo.repository.impl.RoscaRepositoryImpl:     User ID: 105624496574884292174
01-30 10:27:55.215 30183 30251 D com.techducat.ajo.repository.impl.RoscaRepositoryImpl:     Name: 
01-30 10:27:55.215 30183 30251 D com.techducat.ajo.repository.impl.RoscaRepositoryImpl:     MultisigInfo: present
01-30 10:27:55.215 30183 30251 D MemberEntity: toDomain conversion:
01-30 10:27:55.215 30183 30251 D MemberEntity:   ID: 8bb678f2-8ec3-4e61-a91a-c07ca9307dbb
01-30 10:27:55.215 30183 30251 D MemberEntity:   UserId: 105624496574884292174
01-30 10:27:55.215 30183 30251 D MemberEntity:   Name: 
01-30 10:27:55.215 30183 30251 D MemberEntity:   MultisigInfo before conversion: true
01-30 10:27:55.215 30183 30251 D MemberEntity:   MultisigInfo after conversion: true
01-30 10:27:55.215 30183 30251 D MemberEntity:     Address: 56vXjTCTn7b1m8GQmeUS...
01-30 10:27:55.215 30183 30251 D MemberEntity:     IsReady: false
01-30 10:27:55.215 30183 30251 D MemberEntity:   Resolved walletAddress: 56vXjTCTn7b1m8GQmeUS...
01-30 10:27:55.215 30183 30251 D com.techducat.ajo.repository.impl.RoscaRepositoryImpl: getMembersByRoscaId: Converted to 3 domain members
01-30 10:27:55.215 30183 30251 D com.techducat.ajo.repository.impl.RoscaRepositoryImpl: getMembersByRoscaId: 3/3 members have multisig info
01-30 10:27:55.278 30183 30183 D CompatChangeReporter: Compat change id reported: 270674727; UID 10340; state: ENABLED
01-30 10:27:57.757 30183 30183 W SystemServiceRegistry: No service published for: HMDEnterpriseService
01-30 10:27:57.771 30183 30183 W WindowOnBackDispatcher: OnBackInvokedCallback is not enabled for the application.
01-30 10:27:57.771 30183 30183 W WindowOnBackDispatcher: Set 'android:enableOnBackInvokedCallback="true"' in the application manifest.
01-30 10:27:57.922 30183 30183 D com.techducat.ajo.util.Logger: com.techducat.ajo.ui.profile.ProfileFragment: User logged in with Google: osun.payroll@gmail.com
01-30 10:27:58.121 30183 30183 I com.techducat.ajo.util.Logger: com.techducat.ajo.ui.profile.ProfileFragment: Secure storage initialized successfully
01-30 10:27:58.123 30183 30183 D com.techducat.ajo.util.Logger: com.techducat.ajo.ui.profile.ProfileFragment: Displaying Google account: osun.payroll@gmail.com
01-30 10:27:58.123 30183 30183 D com.techducat.ajo.util.Logger: com.techducat.ajo.ui.profile.ProfileFragment: Display name: Osun Payroll
01-30 10:27:58.154 30183 30183 I Choreographer: Skipped 32 frames!  The application may be doing too much work on its main thread.
