01-30 10:28:10.742 30183 30350 D WalletSuite:   [0] Length: 350
01-30 10:28:10.742 30183 30350 D WalletSuite:       First 150 chars: {"address":"56ysxofWMrAAuFCpdhvCg6hyhDgKQBmfzcC8Z88nzTaeZwN8sf9hoxE7uNv6Ptgm7yfPYoykVQjqNFPf3xDib9ipQeS3iHa","exchangeState":"MultisigxV2R1SqsxqoGGPEA
01-30 10:28:10.742 30183 30350 D WalletSuite:       Last 50 chars: L2fCNeg11CCVKRW","userId":"101162925197083414687"}
01-30 10:28:10.742 30183 30350 D WalletSuite:   [1] Length: 350
01-30 10:28:10.742 30183 30350 D WalletSuite:       First 150 chars: {"address":"52Eo2e4TtkZaWnQhpqashacEEVUcPLKtaYcPzZKFWjUwNwoKuMhAzyC2z8hkFoRJBN1yktQeqhstZXfpLQk7bnxHB1m34Z9","exchangeState":"MultisigxV2R1ZCPVbD5QM4c
01-30 10:28:10.742 30183 30350 D WalletSuite:       Last 50 chars: 77btjiXsbjWUATY","userId":"106565310936244799465"}
01-30 10:28:10.742 30183 30350 D WalletSuite:   [2] Length: 350
01-30 10:28:10.742 30183 30350 D WalletSuite:       First 150 chars: {"address":"56vXjTCTn7b1m8GQmeUSyX4svzVdDuTV8GiapDhdEkdm6ZLYg2YirrMGHY94rWfwmP84seL9tSVQBjYjqCQkBCc18Vi2ZD7","exchangeState":"MultisigxV2R1EwZiNgSxuKQ
01-30 10:28:10.742 30183 30350 D WalletSuite:       Last 50 chars: NU6RSGukSEfYVJd","userId":"105624496574884292174"}
01-30 10:28:10.742 30183 30350 I WalletSuite: 
01-30 10:28:10.742 30183 30350 I WalletSuite: ═══ STEP 1: CHECKING WALLET STATE ═══
01-30 10:28:10.742 30183 30350 D WalletSuite: Wallet isMultisig: false
01-30 10:28:10.742 30183 30350 I WalletSuite: 
01-30 10:28:10.742 30183 30350 I WalletSuite: ═══ STEP 2: GETTING OUR WALLET INFO ═══
01-30 10:28:10.742 30183 30350 D WalletSuite: ✓ Our wallet address: 56ysxofWMrAAuFCpdhvCg6hyhDgKQBmfzcC8Z88nzTaeZwN8sf9hoxE7uNv6Ptgm7yfPYoykVQjqNFPf3xDib9ipQeS3iHa
01-30 10:28:10.742 30183 30350 D WalletSuite:   Address length: 95
01-30 10:28:10.743 30183 30350 D WalletSuite: ✓ Our current multisig info:
01-30 10:28:10.743 30183 30350 D WalletSuite:   Length: 189 characters
01-30 10:28:10.743 30183 30350 D WalletSuite:   First 100 chars: MultisigxV2R1SqsxqoGGPEABAcs7K7kxgrPzdFmC8cdCBKVBfdtfoSY8drSDGqtCTJH6AFt8KmdDJcX2VBCyDBzPJSe4AAQEnRi
01-30 10:28:10.743 30183 30350 D WalletSuite:   Last 50 chars: ZBSqpVZuNkiCZbUxDj4YpoeovZZx6qQ74JFzmNHeVm5vxjH9mi
01-30 10:28:10.743 30183 30350 I WalletSuite: 
01-30 10:28:10.743 30183 30350 I WalletSuite: ═══ STEP 3: PARSING MULTISIG ENTRIES ═══
01-30 10:28:10.743 30183 30350 D WalletSuite: [0] Parsed as JSON:
01-30 10:28:10.743 30183 30350 D WalletSuite:     Address: 56ysxofWMrAAuFCpdhvCg6hyhDgKQBmfzcC8Z88nzTaeZwN8sf9hoxE7uNv6Ptgm7yfPYoykVQjqNFPf3xDib9ipQeS3iHa
01-30 10:28:10.743 30183 30350 D WalletSuite:     UserId: 101162925197083414687
01-30 10:28:10.743 30183 30350 D WalletSuite:     ExchangeState: present (189 chars)
01-30 10:28:10.744 30183 30350 D WalletSuite: [1] Parsed as JSON:
01-30 10:28:10.744 30183 30350 D WalletSuite:     Address: 52Eo2e4TtkZaWnQhpqashacEEVUcPLKtaYcPzZKFWjUwNwoKuMhAzyC2z8hkFoRJBN1yktQeqhstZXfpLQk7bnxHB1m34Z9
01-30 10:28:10.744 30183 30350 D WalletSuite:     UserId: 106565310936244799465
01-30 10:28:10.744 30183 30350 D WalletSuite:     ExchangeState: present (189 chars)
01-30 10:28:10.744 30183 30350 D WalletSuite: [2] Parsed as JSON:
01-30 10:28:10.744 30183 30350 D WalletSuite:     Address: 56vXjTCTn7b1m8GQmeUSyX4svzVdDuTV8GiapDhdEkdm6ZLYg2YirrMGHY94rWfwmP84seL9tSVQBjYjqCQkBCc18Vi2ZD7
01-30 10:28:10.744 30183 30350 D WalletSuite:     UserId: 105624496574884292174
01-30 10:28:10.744 30183 30350 D WalletSuite:     ExchangeState: present (189 chars)
01-30 10:28:10.744 30183 30350 I WalletSuite: Parsed 3 valid entries out of 3
01-30 10:28:10.744 30183 30350 I WalletSuite: 
01-30 10:28:10.744 30183 30350 I WalletSuite: ═══ STEP 4: IDENTIFYING OUR MULTISIG INFO ═══
01-30 10:28:10.744 30183 30350 D WalletSuite: Strategy 1: Matching by wallet address...
01-30 10:28:10.744 30183 30350 I WalletSuite: ✓ Found our entry by ADDRESS match!
01-30 10:28:10.744 30183 30350 D WalletSuite:   Index: 0
01-30 10:28:10.744 30183 30350 D WalletSuite:   Our address: 56ysxofWMrAAuFCpdhvCg6hyhDgKQBmfzcC8Z88nzTaeZwN8sf9hoxE7uNv6Ptgm7yfPYoykVQjqNFPf3xDib9ipQeS3iHa
01-30 10:28:10.744 30183 30350 D WalletSuite:   Entry address: 56ysxofWMrAAuFCpdhvCg6hyhDgKQBmfzcC8Z88nzTaeZwN8sf9hoxE7uNv6Ptgm7yfPYoykVQjqNFPf3xDib9ipQeS3iHa
01-30 10:28:10.744 30183 30350 I WalletSuite: 
01-30 10:28:10.744 30183 30350 I WalletSuite: ═══ STEP 5: BUILDING OTHER PARTICIPANTS LIST ═══
01-30 10:28:10.744 30183 30350 I WalletSuite: ✓ Successfully identified our entry - filtering it out
01-30 10:28:10.744 30183 30350 D WalletSuite:   Our entry index: 0
01-30 10:28:10.744 30183 30350 D WalletSuite:   [0] → SKIPPED (our entry)
01-30 10:28:10.744 30183 30350 I WalletSuite: Found 2 valid other participants
01-30 10:28:10.744 30183 30350 D WalletSuite:   [1] → ADDED (1/2)
01-30 10:28:10.744 30183 30350 D WalletSuite:       Address: 52Eo2e4TtkZaWnQhpqas...
01-30 10:28:10.744 30183 30350 D WalletSuite:       Info length: 189 chars
01-30 10:28:10.744 30183 30350 D WalletSuite:   [2] → ADDED (2/2)
01-30 10:28:10.744 30183 30350 D WalletSuite:       Address: 56vXjTCTn7b1m8GQmeUS...
01-30 10:28:10.744 30183 30350 D WalletSuite:       Info length: 189 chars
01-30 10:28:10.744 30183 30350 I WalletSuite: 
01-30 10:28:10.744 30183 30350 I WalletSuite: Final count:
01-30 10:28:10.744 30183 30350 I WalletSuite:   Total entries in database: 3
01-30 10:28:10.744 30183 30350 I WalletSuite:   Successfully parsed: 3
01-30 10:28:10.744 30183 30350 I WalletSuite:   Other participants (for makeMultisig): 2
01-30 10:28:10.744 30183 30350 I WalletSuite: 
01-30 10:28:10.744 30183 30350 I WalletSuite: ═══ STEP 6: MAKING MULTISIG WALLET ═══
01-30 10:28:10.745 30183 30350 D WalletSuite: Preparing to call wallet.makeMultisig()...
01-30 10:28:10.745 30183 30350 D WalletSuite: Parameters:
01-30 10:28:10.745 30183 30350 D WalletSuite:   Threshold: 2
01-30 10:28:10.745 30183 30350 D WalletSuite:   Number of other participants: 2
01-30 10:28:10.745 30183 30350 D WalletSuite:   Participant[0] info:
01-30 10:28:10.745 30183 30350 D WalletSuite:     Length: 189 chars
01-30 10:28:10.745 30183 30350 D WalletSuite:     First 60 chars: MultisigxV2R1ZCPVbD5QM4cSqBDhpUkxAP3EQ7WQC3Utwcy6SQ1hRcH4ZUe
01-30 10:28:10.745 30183 30350 D WalletSuite:     Last 40 chars: m7EGTAnVX2iBiYfdHKDzrRsqs77btjiXsbjWUATY
01-30 10:28:10.745 30183 30350 D WalletSuite:   Participant[1] info:
01-30 10:28:10.745 30183 30350 D WalletSuite:     Length: 189 chars
01-30 10:28:10.745 30183 30350 D WalletSuite:     First 60 chars: MultisigxV2R1EwZiNgSxuKQb8y9h6fhk1EbUX5ES9Zu41PUhaotKVus7DCg
01-30 10:28:10.745 30183 30350 D WalletSuite:     Last 40 chars: fgc5Ne1eutg8TWwuXBZLCL8ajNU6RSGukSEfYVJd
01-30 10:28:10.745 30183 30350 I WalletSuite: 
01-30 10:28:10.745 30183 30350 I WalletSuite: >>> Calling wallet.makeMultisig() <<<
01-30 10:28:10.745 30183 30350 D WalletNDK: JNIStringGuard: Constructor - env: 0xb4000074759cb1f0, jstr: 0x7613fffe19
01-30 10:28:10.745 30183 30350 D WalletNDK: JNIStringGuard: Got UTF chars: 0xb400007445ab2590, valid: 1
01-30 10:28:10.745 30183 30350 D WalletNDK: JNIStringGuard: isValid() - 1 (cstr: 0xb400007445ab2590, env: 0xb4000074759cb1f0)
01-30 10:28:10.745 30183 30350 D WalletNDK: JNIStringGuard: get() - returning 0xb400007445ab2590
01-30 10:28:10.745 30183 30350 D WalletNDK: JNIStringGuard: Destructor - cstr: 0xb400007445ab2590, released: 0
01-30 10:28:10.745 30183 30350 D WalletNDK: JNIStringGuard: Released UTF chars
01-30 10:28:10.745 30183 30350 D WalletNDK: JNIStringGuard: Constructor - env: 0xb4000074759cb1f0, jstr: 0x7613fffe1d
01-30 10:28:10.745 30183 30350 D WalletNDK: JNIStringGuard: Got UTF chars: 0xb400007445ab2590, valid: 1
01-30 10:28:10.745 30183 30350 D WalletNDK: JNIStringGuard: isValid() - 1 (cstr: 0xb400007445ab2590, env: 0xb4000074759cb1f0)
01-30 10:28:10.745 30183 30350 D WalletNDK: JNIStringGuard: get() - returning 0xb400007445ab2590
01-30 10:28:10.745 30183 30350 D WalletNDK: JNIStringGuard: Destructor - cstr: 0xb400007445ab2590, released: 0
01-30 10:28:10.745 30183 30350 D WalletNDK: JNIStringGuard: Released UTF chars
01-30 10:28:12.303 30183 30350 I WalletSuite: >>> makeMultisig() completed in 1558ms <<<
01-30 10:28:12.303 30183 30350 I WalletSuite: 
01-30 10:28:12.303 30183 30350 I WalletSuite: ✓ makeMultisig SUCCESS!
01-30 10:28:12.303 30183 30350 D WalletSuite: Result length: 236 chars
01-30 10:28:12.303 30183 30350 D WalletSuite: Result preview: MultisigxV2Rn1LW2vqUPDE4gVzT1FUFsZo9tVr5WybzeHBpVcCJ3FDtXf2VG48Q8Tsg71F1UWp3C8ja...
01-30 10:28:12.303 30183 30350 I WalletSuite: 
01-30 10:28:12.303 30183 30350 I WalletSuite: 
01-30 10:28:12.303 30183 30350 I WalletSuite: ═══ STEP 7: CHECKING FOR ADDITIONAL KEY EXCHANGE ═══
01-30 10:28:12.303 30183 30350 I WalletSuite: ⚠️ Additional key exchange round is required
01-30 10:28:12.303 30183 30350 D WalletSuite: Exchange info length: 236
01-30 10:28:12.303 30183 30350 D WalletSuite: This happens for M-of-N multisig where M < N
01-30 10:28:12.303 30183 30350 D WalletSuite: 
01-30 10:28:12.303 30183 30350 D WalletSuite: Returning exchange info with isReady=false
01-30 10:28:12.303 30183 30350 D WalletSuite: Kotlin side will:
01-30 10:28:12.303 30183 30350 D WalletSuite:   1. Store this exchange info in database
01-30 10:28:12.303 30183 30350 D WalletSuite:   2. Wait for all members to upload their round 2 info
01-30 10:28:12.303 30183 30350 D WalletSuite:   3. Call exchangeMultisigKeys() when all ready
01-30 10:28:12.304 30183 30183 D RoscaManager: ✓ WalletSuite.finalizeRoscaSetup() succeeded
01-30 10:28:12.304 30183 30183 D RoscaManager:   Result length: 236
01-30 10:28:12.304 30183 30183 D RoscaManager:   isReady: false
01-30 10:28:12.304 30183 30251 I RoscaManager: 
01-30 10:28:12.305 30183 30251 I RoscaManager: ═══ MULTI-ROUND EXCHANGE REQUIRED ═══
01-30 10:28:12.305 30183 30251 D RoscaManager: Round 1 complete, but wallet not ready yet
01-30 10:28:12.305 30183 30251 D RoscaManager: Got exchange info for round 2 (length: 236)
01-30 10:28:12.305 30183 30251 D RoscaManager: This is expected for 2-of-3 multisig
01-30 10:28:12.305 30183 30251 D com.techducat.ajo.repository.impl.RoscaRepositoryImpl: getMembersByRoscaId: Querying for ROSCA: rosca_1769765098568_108701876
01-30 10:28:12.306 30183 30251 V com.techducat.ajo.data.local.DatabaseConverters: toMultisigInfo: Input JSON: {"address":"56ysxofWMrAAuFCpdhvCg6hyhDgKQBmfzcC8Z88nzTaeZwN8sf9hoxE7uNv6Ptgm7yfPYoykVQjqNFPf3xDib9ipQeS3iHa","viewKey":"","isReady":false,"exchangeState":"MultisigxV2R1SqsxqoGGPEABAcs7K7kxgrPzdFmC8cdCBKVBfdtfoSY8drSDGqtCTJH6AFt8KmdDJcX2VBCyDBzPJSe4AAQEnRirjUoBex3BocMXmLyZ2yRRcwJauWWRSrdEMXaBHv5ZKnU9WgRVCGRz5RjK3b1AajzYMhiJJkXReL2fCNeg11CCVKRW"}
01-30 10:28:12.306 30183 30251 D com.techducat.ajo.data.local.DatabaseConverters: toMultisigInfo: Successfully converted from JSON
01-30 10:28:12.306 30183 30251 D com.techducat.ajo.data.local.DatabaseConverters:   address: 56ysxofWMrAAuFCpdhvC...
01-30 10:28:12.306 30183 30251 D com.techducat.ajo.data.local.DatabaseConverters:   viewKey length: 0
01-30 10:28:12.306 30183 30251 D com.techducat.ajo.data.local.DatabaseConverters:   isReady: false
01-30 10:28:12.306 30183 30251 D com.techducat.ajo.data.local.DatabaseConverters:   exchangeState: MultisigxV2R1SqsxqoGGPEABAcs7K7kxgrPzdFmC8cdCBKVBfdtfoSY8drSDGqtCTJH6AFt8KmdDJcX2VBCyDBzPJSe4AAQEnRirjUoBex3BocMXmLyZ2yRRcwJauWWRSrdEMXaBHv5ZKnU9WgRVCGRz5RjK3b1AajzYMhiJJkXReL2fCNeg11CCVKRW
01-30 10:28:12.306 30183 30251 V com.techducat.ajo.data.local.DatabaseConverters: toMultisigInfo: Input JSON: {"address":"52Eo2e4TtkZaWnQhpqashacEEVUcPLKtaYcPzZKFWjUwNwoKuMhAzyC2z8hkFoRJBN1yktQeqhstZXfpLQk7bnxHB1m34Z9","viewKey":"","isReady":false,"exchangeState":"MultisigxV2R1ZCPVbD5QM4cSqBDhpUkxAP3EQ7WQC3Utwcy6SQ1hRcH4ZUe13M4grA79AF9YuDQNN8axtd1HBduLb4wHMzc4sG4x3o59QYNUskFYPU1oVxL5mniL2Bj9rv37r9Hh8RqwnVd38oHWm7EGTAnVX2iBiYfdHKDzrRsqs77btjiXsbjWUATY"}
01-30 10:28:12.306 30183 30251 D com.techducat.ajo.data.local.DatabaseConverters: toMultisigInfo: Successfully converted from JSON
01-30 10:28:12.306 30183 30251 D com.techducat.ajo.data.local.DatabaseConverters:   address: 52Eo2e4TtkZaWnQhpqas...
01-30 10:28:12.306 30183 30251 D com.techducat.ajo.data.local.DatabaseConverters:   viewKey length: 0
01-30 10:28:12.306 30183 30251 D com.techducat.ajo.data.local.DatabaseConverters:   isReady: false
01-30 10:28:12.306 30183 30251 D com.techducat.ajo.data.local.DatabaseConverters:   exchangeState: MultisigxV2R1ZCPVbD5QM4cSqBDhpUkxAP3EQ7WQC3Utwcy6SQ1hRcH4ZUe13M4grA79AF9YuDQNN8axtd1HBduLb4wHMzc4sG4x3o59QYNUskFYPU1oVxL5mniL2Bj9rv37r9Hh8RqwnVd38oHWm7EGTAnVX2iBiYfdHKDzrRsqs77btjiXsbjWUATY
01-30 10:28:12.306 30183 30251 V com.techducat.ajo.data.local.DatabaseConverters: toMultisigInfo: Input JSON: {"address":"56vXjTCTn7b1m8GQmeUSyX4svzVdDuTV8GiapDhdEkdm6ZLYg2YirrMGHY94rWfwmP84seL9tSVQBjYjqCQkBCc18Vi2ZD7","viewKey":"","isReady":false,"exchangeState":"MultisigxV2R1EwZiNgSxuKQb8y9h6fhk1EbUX5ES9Zu41PUhaotKVus7DCgyqMk6kWLVg9hCPVSwvX54bYe7L7YBy24ZeMax844M7YAiyAYnLtZFnhb7v1GnCaYH17JyMBdZrJKdfQ3BVrEqHUijfgc5Ne1eutg8TWwuXBZLCL8ajNU6RSGukSEfYVJd"}
01-30 10:28:12.306 30183 30251 D com.techducat.ajo.data.local.DatabaseConverters: toMultisigInfo: Successfully converted from JSON
01-30 10:28:12.306 30183 30251 D com.techducat.ajo.data.local.DatabaseConverters:   address: 56vXjTCTn7b1m8GQmeUS...
01-30 10:28:12.306 30183 30251 D com.techducat.ajo.data.local.DatabaseConverters:   viewKey length: 0
01-30 10:28:12.306 30183 30251 D com.techducat.ajo.data.local.DatabaseConverters:   isReady: false
01-30 10:28:12.306 30183 30251 D com.techducat.ajo.data.local.DatabaseConverters:   exchangeState: MultisigxV2R1EwZiNgSxuKQb8y9h6fhk1EbUX5ES9Zu41PUhaotKVus7DCgyqMk6kWLVg9hCPVSwvX54bYe7L7YBy24ZeMax844M7YAiyAYnLtZFnhb7v1GnCaYH17JyMBdZrJKdfQ3BVrEqHUijfgc5Ne1eutg8TWwuXBZLCL8ajNU6RSGukSEfYVJd
01-30 10:28:12.306 30183 30251 D com.techducat.ajo.repository.impl.RoscaRepositoryImpl: getMembersByRoscaId: Retrieved 3 member entities
01-30 10:28:12.307 30183 30251 D com.techducat.ajo.repository.impl.RoscaRepositoryImpl:   Member 0:
01-30 10:28:12.307 30183 30251 D com.techducat.ajo.repository.impl.RoscaRepositoryImpl:     ID: 4b335ba0-ddf8-46c3-aedc-5e3e1fbc26ac
01-30 10:28:12.307 30183 30251 D com.techducat.ajo.repository.impl.RoscaRepositoryImpl:     User ID: 101162925197083414687
01-30 10:28:12.307 30183 30251 D com.techducat.ajo.repository.impl.RoscaRepositoryImpl:     Name: Creator
01-30 10:28:12.307 30183 30251 D com.techducat.ajo.repository.impl.RoscaRepositoryImpl:     MultisigInfo: present
01-30 10:28:12.307 30183 30251 D MemberEntity: toDomain conversion:
01-30 10:28:12.307 30183 30251 D MemberEntity:   ID: 4b335ba0-ddf8-46c3-aedc-5e3e1fbc26ac
01-30 10:28:12.307 30183 30251 D MemberEntity:   UserId: 101162925197083414687
01-30 10:28:12.307 30183 30251 D MemberEntity:   Name: Creator
01-30 10:28:12.307 30183 30251 D MemberEntity:   MultisigInfo before conversion: true
01-30 10:28:12.307 30183 30251 D MemberEntity:   MultisigInfo after conversion: true
01-30 10:28:12.307 30183 30251 D MemberEntity:     Address: 56ysxofWMrAAuFCpdhvC...
01-30 10:28:12.307 30183 30251 D MemberEntity:     IsReady: false
01-30 10:28:12.307 30183 30251 D MemberEntity:   Resolved walletAddress: 56ysxofWMrAAuFCpdhvC...
01-30 10:28:12.307 30183 30251 D com.techducat.ajo.repository.impl.RoscaRepositoryImpl:   Member 1:
01-30 10:28:12.307 30183 30251 D com.techducat.ajo.repository.impl.RoscaRepositoryImpl:     ID: 3f792859-dd64-4f54-b8f2-80742b2da7d4
01-30 10:28:12.307 30183 30251 D com.techducat.ajo.repository.impl.RoscaRepositoryImpl:     User ID: 106565310936244799465
01-30 10:28:12.307 30183 30251 D com.techducat.ajo.repository.impl.RoscaRepositoryImpl:     Name: 
01-30 10:28:12.307 30183 30251 D com.techducat.ajo.repository.impl.RoscaRepositoryImpl:     MultisigInfo: present
01-30 10:28:12.307 30183 30251 D MemberEntity: toDomain conversion:
01-30 10:28:12.307 30183 30251 D MemberEntity:   ID: 3f792859-dd64-4f54-b8f2-80742b2da7d4
01-30 10:28:12.307 30183 30251 D MemberEntity:   UserId: 106565310936244799465
01-30 10:28:12.307 30183 30251 D MemberEntity:   Name: 
01-30 10:28:12.307 30183 30251 D MemberEntity:   MultisigInfo before conversion: true
01-30 10:28:12.307 30183 30251 D MemberEntity:   MultisigInfo after conversion: true
01-30 10:28:12.307 30183 30251 D MemberEntity:     Address: 52Eo2e4TtkZaWnQhpqas...
01-30 10:28:12.307 30183 30251 D MemberEntity:     IsReady: false
01-30 10:28:12.307 30183 30251 D MemberEntity:   Resolved walletAddress: 52Eo2e4TtkZaWnQhpqas...
01-30 10:28:12.307 30183 30251 D com.techducat.ajo.repository.impl.RoscaRepositoryImpl:   Member 2:
01-30 10:28:12.307 30183 30251 D com.techducat.ajo.repository.impl.RoscaRepositoryImpl:     ID: 8bb678f2-8ec3-4e61-a91a-c07ca9307dbb
01-30 10:28:12.307 30183 30251 D com.techducat.ajo.repository.impl.RoscaRepositoryImpl:     User ID: 105624496574884292174
01-30 10:28:12.307 30183 30251 D com.techducat.ajo.repository.impl.RoscaRepositoryImpl:     Name: 
01-30 10:28:12.307 30183 30251 D com.techducat.ajo.repository.impl.RoscaRepositoryImpl:     MultisigInfo: present
01-30 10:28:12.307 30183 30251 D MemberEntity: toDomain conversion:
01-30 10:28:12.307 30183 30251 D MemberEntity:   ID: 8bb678f2-8ec3-4e61-a91a-c07ca9307dbb
01-30 10:28:12.307 30183 30251 D MemberEntity:   UserId: 105624496574884292174
01-30 10:28:12.307 30183 30251 D MemberEntity:   Name: 
01-30 10:28:12.307 30183 30251 D MemberEntity:   MultisigInfo before conversion: true
01-30 10:28:12.307 30183 30251 D MemberEntity:   MultisigInfo after conversion: true
01-30 10:28:12.307 30183 30251 D MemberEntity:     Address: 56vXjTCTn7b1m8GQmeUS...
01-30 10:28:12.307 30183 30251 D MemberEntity:     IsReady: false
01-30 10:28:12.307 30183 30251 D MemberEntity:   Resolved walletAddress: 56vXjTCTn7b1m8GQmeUS...
01-30 10:28:12.307 30183 30251 D com.techducat.ajo.repository.impl.RoscaRepositoryImpl: getMembersByRoscaId: Converted to 3 domain members
01-30 10:28:12.307 30183 30251 D com.techducat.ajo.repository.impl.RoscaRepositoryImpl: getMembersByRoscaId: 3/3 members have multisig info
01-30 10:28:12.307 30183 30251 D RoscaManager: Storing our round 2 exchange info in database...
01-30 10:28:12.307 30183 30251 D com.techducat.ajo.repository.impl.RoscaRepositoryImpl: ⚙️ Starting database transaction...
01-30 10:28:12.309 30183 30261 D Member  : toEntity conversion:
01-30 10:28:12.309 30183 30261 D Member  :   ID: 4b335ba0-ddf8-46c3-aedc-5e3e1fbc26ac
01-30 10:28:12.309 30183 30261 D Member  :   UserId: 101162925197083414687
01-30 10:28:12.309 30183 30261 D Member  :   Name: Creator
01-30 10:28:12.309 30183 30261 D Member  :   MultisigInfo before conversion: true
01-30 10:28:12.309 30183 30261 D Member  :     Address: 56ysxofWMrAAuFCpdhvC...
01-30 10:28:12.309 30183 30261 D Member  :     IsReady: false
01-30 10:28:12.309 30183 30261 D Member  :   MultisigInfo after conversion: true
01-30 10:28:12.310 30183 30261 D com.techducat.ajo.data.local.DatabaseConverters: fromMultisigInfo: Successfully converted to JSON
01-30 10:28:12.310 30183 30261 D com.techducat.ajo.data.local.DatabaseConverters:   address: 56ysxofWMrAAuFCpdhvC...
01-30 10:28:12.310 30183 30261 D com.techducat.ajo.data.local.DatabaseConverters:   viewKey length: 0
01-30 10:28:12.310 30183 30261 D com.techducat.ajo.data.local.DatabaseConverters:   isReady: false
01-30 10:28:12.310 30183 30261 D com.techducat.ajo.data.local.DatabaseConverters:   exchangeState: MultisigxV2Rn1LW2vqUPDE4gVzT1FUFsZo9tVr5WybzeHBpVcCJ3FDtXf2VG48Q8Tsg71F1UWp3C8ja77hG7RjJks8ApBH2JmC9nMMhutrAUMBQ13CkERGE3RUUByRQC9Q7Zj8DRmnehGGXpXv4K4qJPA3NXEjtawywqv7K4wEMcjk68v2LNZbMYuZnwE4CEVPpy4ea6TRH91cv72yCLAvojM8ptgAgySCt4f5zmGc2
01-30 10:28:12.310 30183 30261 V com.techducat.ajo.data.local.DatabaseConverters:   JSON output: {"address":"56ysxofWMrAAuFCpdhvCg6hyhDgKQBmfzcC8Z88nzTaeZwN8sf9hoxE7uNv6Ptgm7yfPYoykVQjqNFPf3xDib9ipQeS3iHa","viewKey":"","isReady":false,"exchangeState":"MultisigxV2Rn1LW2vqUPDE4gVzT1FUFsZo9tVr5WybzeHBpVcCJ3FDtXf2VG48Q8Tsg71F1UWp3C8ja77hG7RjJks8ApBH2JmC9nMMhutrAUMBQ13CkERGE3RUUByRQC9Q7Zj8DRmnehGGXpXv4K4qJPA3NXEjtawywqv7K4wEMcjk68v2LNZbMYuZnwE4CEVPpy4ea6TRH91cv72yCLAvojM8ptgAgySCt4f5zmGc2"}
01-30 10:28:12.310 30183 30261 D RoscaManager: ✓ Stored round 2 exchange info in database
01-30 10:28:12.312 30183 30251 D com.techducat.ajo.repository.impl.RoscaRepositoryImpl: ✅ Transaction completed successfully and committed
01-30 10:28:12.312 30183 30251 I RoscaManager: 
01-30 10:28:12.312 30183 30251 I RoscaManager: ⚠️ WAITING FOR OTHER MEMBERS TO UPLOAD ROUND 2 INFO
01-30 10:28:12.312 30183 30251 I RoscaManager: Current status: 1/3 members ready for round 2
01-30 10:28:12.312 30183 30251 I RoscaManager: Once all members upload their round 2 info, key exchange will auto-trigger
01-30 10:28:12.313 30183 30251 I RoscaManager: 
01-30 10:28:12.313 30183 30251 I RoscaManager: ╔══════════════════════════════════════════════════════════════╗
01-30 10:28:12.313 30183 30251 I RoscaManager: ║        ✓ ROUND 1 COMPLETE - AWAITING ROUND 2 INFO           ║
01-30 10:28:12.313 30183 30251 I RoscaManager: ╚══════════════════════════════════════════════════════════════╝
01-30 10:28:12.313 30183 30251 D RoscaManager: 📡 Starting periodic exchange check (every 5 seconds, max 300s)
01-30 10:28:12.313 30183 30183 I com.techducat.ajo.ui.dashboard.DashboardFragment:     🎉 Successfully finalized rosca!
01-30 10:28:12.823 30183 30183 D com.techducat.ajo.ui.dashboard.DashboardFragment: Loading ROSCAs for user: 101162925197083414687
01-30 10:28:12.823 30183 30183 D com.techducat.ajo.ui.dashboard.DashboardFragment: === CREATOR FINALIZATION CHECK COMPLETE ===
01-30 10:28:12.828 30183 30255 V com.techducat.ajo.data.local.DatabaseConverters: toMultisigInfo: Input JSON: {"address":"56ysxofWMrAAuFCpdhvCg6hyhDgKQBmfzcC8Z88nzTaeZwN8sf9hoxE7uNv6Ptgm7yfPYoykVQjqNFPf3xDib9ipQeS3iHa","viewKey":"","isReady":false,"exchangeState":"MultisigxV2Rn1LW2vqUPDE4gVzT1FUFsZo9tVr5WybzeHBpVcCJ3FDtXf2VG48Q8Tsg71F1UWp3C8ja77hG7RjJks8ApBH2JmC9nMMhutrAUMBQ13CkERGE3RUUByRQC9Q7Zj8DRmnehGGXpXv4K4qJPA3NXEjtawywqv7K4wEMcjk68v2LNZbMYuZnwE4CEVPpy4ea6TRH91cv72yCLAvojM8ptgAgySCt4f5zmGc2"}
01-30 10:28:12.829 30183 30255 D com.techducat.ajo.data.local.DatabaseConverters: toMultisigInfo: Successfully converted from JSON
01-30 10:28:12.829 30183 30255 D com.techducat.ajo.data.local.DatabaseConverters:   address: 56ysxofWMrAAuFCpdhvC...
01-30 10:28:12.829 30183 30255 D com.techducat.ajo.data.local.DatabaseConverters:   viewKey length: 0
01-30 10:28:12.829 30183 30255 D com.techducat.ajo.data.local.DatabaseConverters:   isReady: false
01-30 10:28:12.829 30183 30255 D com.techducat.ajo.data.local.DatabaseConverters:   exchangeState: MultisigxV2Rn1LW2vqUPDE4gVzT1FUFsZo9tVr5WybzeHBpVcCJ3FDtXf2VG48Q8Tsg71F1UWp3C8ja77hG7RjJks8ApBH2JmC9nMMhutrAUMBQ13CkERGE3RUUByRQC9Q7Zj8DRmnehGGXpXv4K4qJPA3NXEjtawywqv7K4wEMcjk68v2LNZbMYuZnwE4CEVPpy4ea6TRH91cv72yCLAvojM8ptgAgySCt4f5zmGc2
01-30 10:28:12.830 30183 30255 V com.techducat.ajo.data.local.DatabaseConverters: toMultisigInfo: Input JSON: {"address":"52Eo2e4TtkZaWnQhpqashacEEVUcPLKtaYcPzZKFWjUwNwoKuMhAzyC2z8hkFoRJBN1yktQeqhstZXfpLQk7bnxHB1m34Z9","viewKey":"","isReady":false,"exchangeState":"MultisigxV2R1ZCPVbD5QM4cSqBDhpUkxAP3EQ7WQC3Utwcy6SQ1hRcH4ZUe13M4grA79AF9YuDQNN8axtd1HBduLb4wHMzc4sG4x3o59QYNUskFYPU1oVxL5mniL2Bj9rv37r9Hh8RqwnVd38oHWm7EGTAnVX2iBiYfdHKDzrRsqs77btjiXsbjWUATY"}
01-30 10:28:12.830 30183 30255 D com.techducat.ajo.data.local.DatabaseConverters: toMultisigInfo: Successfully converted from JSON
01-30 10:28:12.831 30183 30255 D com.techducat.ajo.data.local.DatabaseConverters:   address: 52Eo2e4TtkZaWnQhpqas...
01-30 10:28:12.831 30183 30255 D com.techducat.ajo.data.local.DatabaseConverters:   viewKey length: 0
01-30 10:28:12.831 30183 30255 D com.techducat.ajo.data.local.DatabaseConverters:   isReady: false
01-30 10:28:12.831 30183 30255 D com.techducat.ajo.data.local.DatabaseConverters:   exchangeState: MultisigxV2R1ZCPVbD5QM4cSqBDhpUkxAP3EQ7WQC3Utwcy6SQ1hRcH4ZUe13M4grA79AF9YuDQNN8axtd1HBduLb4wHMzc4sG4x3o59QYNUskFYPU1oVxL5mniL2Bj9rv37r9Hh8RqwnVd38oHWm7EGTAnVX2iBiYfdHKDzrRsqs77btjiXsbjWUATY
01-30 10:28:12.831 30183 30255 V com.techducat.ajo.data.local.DatabaseConverters: toMultisigInfo: Input JSON: {"address":"56vXjTCTn7b1m8GQmeUSyX4svzVdDuTV8GiapDhdEkdm6ZLYg2YirrMGHY94rWfwmP84seL9tSVQBjYjqCQkBCc18Vi2ZD7","viewKey":"","isReady":false,"exchangeState":"MultisigxV2R1EwZiNgSxuKQb8y9h6fhk1EbUX5ES9Zu41PUhaotKVus7DCgyqMk6kWLVg9hCPVSwvX54bYe7L7YBy24ZeMax844M7YAiyAYnLtZFnhb7v1GnCaYH17JyMBdZrJKdfQ3BVrEqHUijfgc5Ne1eutg8TWwuXBZLCL8ajNU6RSGukSEfYVJd"}
01-30 10:28:12.832 30183 30255 D com.techducat.ajo.data.local.DatabaseConverters: toMultisigInfo: Successfully converted from JSON
01-30 10:28:12.832 30183 30255 D com.techducat.ajo.data.local.DatabaseConverters:   address: 56vXjTCTn7b1m8GQmeUS...
01-30 10:28:12.832 30183 30255 D com.techducat.ajo.data.local.DatabaseConverters:   viewKey length: 0
01-30 10:28:12.832 30183 30255 D com.techducat.ajo.data.local.DatabaseConverters:   isReady: false
01-30 10:28:12.832 30183 30255 D com.techducat.ajo.data.local.DatabaseConverters:   exchangeState: MultisigxV2R1EwZiNgSxuKQb8y9h6fhk1EbUX5ES9Zu41PUhaotKVus7DCgyqMk6kWLVg9hCPVSwvX54bYe7L7YBy24ZeMax844M7YAiyAYnLtZFnhb7v1GnCaYH17JyMBdZrJKdfQ3BVrEqHUijfgc5Ne1eutg8TWwuXBZLCL8ajNU6RSGukSEfYVJd
01-30 10:28:12.833 30183 30252 D com.techducat.ajo.repository.impl.RoscaRepositoryImpl: Retrieved 3 members from database
01-30 10:28:12.834 30183 30252 D MemberEntity: toDomain conversion:
01-30 10:28:12.834 30183 30252 D MemberEntity:   ID: 4b335ba0-ddf8-46c3-aedc-5e3e1fbc26ac
01-30 10:28:12.834 30183 30252 D MemberEntity:   UserId: 101162925197083414687
01-30 10:28:12.834 30183 30252 D MemberEntity:   Name: Creator
01-30 10:28:12.834 30183 30252 D MemberEntity:   MultisigInfo before conversion: true
01-30 10:28:12.834 30183 30252 D MemberEntity:   MultisigInfo after conversion: true
01-30 10:28:12.834 30183 30252 D MemberEntity:     Address: 56ysxofWMrAAuFCpdhvC...
01-30 10:28:12.834 30183 30252 D MemberEntity:     IsReady: false
01-30 10:28:12.834 30183 30252 D MemberEntity:   Resolved walletAddress: 56ysxofWMrAAuFCpdhvC...
01-30 10:28:12.834 30183 30252 D MemberEntity: toDomain conversion:
01-30 10:28:12.834 30183 30252 D MemberEntity:   ID: 3f792859-dd64-4f54-b8f2-80742b2da7d4
01-30 10:28:12.834 30183 30252 D MemberEntity:   UserId: 106565310936244799465
01-30 10:28:12.834 30183 30252 D MemberEntity:   Name: 
01-30 10:28:12.835 30183 30252 D MemberEntity:   MultisigInfo before conversion: true
01-30 10:28:12.835 30183 30252 D MemberEntity:   MultisigInfo after conversion: true
01-30 10:28:12.835 30183 30252 D MemberEntity:     Address: 52Eo2e4TtkZaWnQhpqas...
01-30 10:28:12.835 30183 30252 D MemberEntity:     IsReady: false
01-30 10:28:12.835 30183 30252 D MemberEntity:   Resolved walletAddress: 52Eo2e4TtkZaWnQhpqas...
01-30 10:28:12.835 30183 30252 D MemberEntity: toDomain conversion:
01-30 10:28:12.835 30183 30252 D MemberEntity:   ID: 8bb678f2-8ec3-4e61-a91a-c07ca9307dbb
01-30 10:28:12.835 30183 30252 D MemberEntity:   UserId: 105624496574884292174
01-30 10:28:12.835 30183 30252 D MemberEntity:   Name: 
01-30 10:28:12.835 30183 30252 D MemberEntity:   MultisigInfo before conversion: true
01-30 10:28:12.835 30183 30252 D MemberEntity:   MultisigInfo after conversion: true
01-30 10:28:12.835 30183 30252 D MemberEntity:     Address: 56vXjTCTn7b1m8GQmeUS...
01-30 10:28:12.835 30183 30252 D MemberEntity:     IsReady: false
01-30 10:28:12.835 30183 30252 D MemberEntity:   Resolved walletAddress: 56vXjTCTn7b1m8GQmeUS...
01-30 10:28:12.842 30183 30183 D com.techducat.ajo.ui.dashboard.DashboardFragment: Loaded 1 ROSCAs
01-30 10:28:12.845 30183 30183 D com.techducat.ajo.ui.dashboard.DashboardFragment: === CHECKING CREATOR FINALIZATION TASKS ===
01-30 10:28:12.845 30183 30183 D com.techducat.ajo.ui.dashboard.DashboardFragment: User ID: 101162925197083414687
01-30 10:28:12.845 30183 30183 D com.techducat.ajo.ui.dashboard.DashboardFragment: Found 1 ROSCAs created by this user
01-30 10:28:12.845 30183 30183 I com.techducat.ajo.ui.dashboard.DashboardFragment:   rosca: Full and ready - checking if can finalize...
01-30 10:28:12.846 30183 30252 D com.techducat.ajo.repository.impl.RoscaRepositoryImpl: getMembersByRoscaId: Querying for ROSCA: rosca_1769765098568_108701876
01-30 10:28:12.847 30183 30251 D com.techducat.ajo.repository.impl.RoscaRepositoryImpl: getMembersByRoscaId: Querying for ROSCA: rosca_1769765098568_108701876
01-30 10:28:12.848 30183 30251 V com.techducat.ajo.data.local.DatabaseConverters: toMultisigInfo: Input JSON: {"address":"56ysxofWMrAAuFCpdhvCg6hyhDgKQBmfzcC8Z88nzTaeZwN8sf9hoxE7uNv6Ptgm7yfPYoykVQjqNFPf3xDib9ipQeS3iHa","viewKey":"","isReady":false,"exchangeState":"MultisigxV2Rn1LW2vqUPDE4gVzT1FUFsZo9tVr5WybzeHBpVcCJ3FDtXf2VG48Q8Tsg71F1UWp3C8ja77hG7RjJks8ApBH2JmC9nMMhutrAUMBQ13CkERGE3RUUByRQC9Q7Zj8DRmnehGGXpXv4K4qJPA3NXEjtawywqv7K4wEMcjk68v2LNZbMYuZnwE4CEVPpy4ea6TRH91cv72yCLAvojM8ptgAgySCt4f5zmGc2"}
01-30 10:28:12.848 30183 30252 V com.techducat.ajo.data.local.DatabaseConverters: toMultisigInfo: Input JSON: {"address":"56ysxofWMrAAuFCpdhvCg6hyhDgKQBmfzcC8Z88nzTaeZwN8sf9hoxE7uNv6Ptgm7yfPYoykVQjqNFPf3xDib9ipQeS3iHa","viewKey":"","isReady":false,"exchangeState":"MultisigxV2Rn1LW2vqUPDE4gVzT1FUFsZo9tVr5WybzeHBpVcCJ3FDtXf2VG48Q8Tsg71F1UWp3C8ja77hG7RjJks8ApBH2JmC9nMMhutrAUMBQ13CkERGE3RUUByRQC9Q7Zj8DRmnehGGXpXv4K4qJPA3NXEjtawywqv7K4wEMcjk68v2LNZbMYuZnwE4CEVPpy4ea6TRH91cv72yCLAvojM8ptgAgySCt4f5zmGc2"}
01-30 10:28:12.848 30183 30251 D com.techducat.ajo.data.local.DatabaseConverters: toMultisigInfo: Successfully converted from JSON
01-30 10:28:12.848 30183 30251 D com.techducat.ajo.data.local.DatabaseConverters:   address: 56ysxofWMrAAuFCpdhvC...
01-30 10:28:12.848 30183 30251 D com.techducat.ajo.data.local.DatabaseConverters:   viewKey length: 0
01-30 10:28:12.848 30183 30251 D com.techducat.ajo.data.local.DatabaseConverters:   isReady: false
01-30 10:28:12.848 30183 30251 D com.techducat.ajo.data.local.DatabaseConverters:   exchangeState: MultisigxV2Rn1LW2vqUPDE4gVzT1FUFsZo9tVr5WybzeHBpVcCJ3FDtXf2VG48Q8Tsg71F1UWp3C8ja77hG7RjJks8ApBH2JmC9nMMhutrAUMBQ13CkERGE3RUUByRQC9Q7Zj8DRmnehGGXpXv4K4qJPA3NXEjtawywqv7K4wEMcjk68v2LNZbMYuZnwE4CEVPpy4ea6TRH91cv72yCLAvojM8ptgAgySCt4f5zmGc2
01-30 10:28:12.848 30183 30252 D com.techducat.ajo.data.local.DatabaseConverters: toMultisigInfo: Successfully converted from JSON
01-30 10:28:12.848 30183 30251 V com.techducat.ajo.data.local.DatabaseConverters: toMultisigInfo: Input JSON: {"address":"52Eo2e4TtkZaWnQhpqashacEEVUcPLKtaYcPzZKFWjUwNwoKuMhAzyC2z8hkFoRJBN1yktQeqhstZXfpLQk7bnxHB1m34Z9","viewKey":"","isReady":false,"exchangeState":"MultisigxV2R1ZCPVbD5QM4cSqBDhpUkxAP3EQ7WQC3Utwcy6SQ1hRcH4ZUe13M4grA79AF9YuDQNN8axtd1HBduLb4wHMzc4sG4x3o59QYNUskFYPU1oVxL5mniL2Bj9rv37r9Hh8RqwnVd38oHWm7EGTAnVX2iBiYfdHKDzrRsqs77btjiXsbjWUATY"}
01-30 10:28:12.849 30183 30252 D com.techducat.ajo.data.local.DatabaseConverters:   address: 56ysxofWMrAAuFCpdhvC...
01-30 10:28:12.849 30183 30251 D com.techducat.ajo.data.local.DatabaseConverters: toMultisigInfo: Successfully converted from JSON
01-30 10:28:12.849 30183 30252 D com.techducat.ajo.data.local.DatabaseConverters:   viewKey length: 0
01-30 10:28:12.849 30183 30251 D com.techducat.ajo.data.local.DatabaseConverters:   address: 52Eo2e4TtkZaWnQhpqas...
01-30 10:28:12.849 30183 30251 D com.techducat.ajo.data.local.DatabaseConverters:   viewKey length: 0
01-30 10:28:12.849 30183 30252 D com.techducat.ajo.data.local.DatabaseConverters:   isReady: false
01-30 10:28:12.849 30183 30251 D com.techducat.ajo.data.local.DatabaseConverters:   isReady: false
01-30 10:28:12.849 30183 30252 D com.techducat.ajo.data.local.DatabaseConverters:   exchangeState: MultisigxV2Rn1LW2vqUPDE4gVzT1FUFsZo9tVr5WybzeHBpVcCJ3FDtXf2VG48Q8Tsg71F1UWp3C8ja77hG7RjJks8ApBH2JmC9nMMhutrAUMBQ13CkERGE3RUUByRQC9Q7Zj8DRmnehGGXpXv4K4qJPA3NXEjtawywqv7K4wEMcjk68v2LNZbMYuZnwE4CEVPpy4ea6TRH91cv72yCLAvojM8ptgAgySCt4f5zmGc2
01-30 10:28:12.849 30183 30251 D com.techducat.ajo.data.local.DatabaseConverters:   exchangeState: MultisigxV2R1ZCPVbD5QM4cSqBDhpUkxAP3EQ7WQC3Utwcy6SQ1hRcH4ZUe13M4grA79AF9YuDQNN8axtd1HBduLb4wHMzc4sG4x3o59QYNUskFYPU1oVxL5mniL2Bj9rv37r9Hh8RqwnVd38oHWm7EGTAnVX2iBiYfdHKDzrRsqs77btjiXsbjWUATY
01-30 10:28:12.849 30183 30251 V com.techducat.ajo.data.local.DatabaseConverters: toMultisigInfo: Input JSON: {"address":"56vXjTCTn7b1m8GQmeUSyX4svzVdDuTV8GiapDhdEkdm6ZLYg2YirrMGHY94rWfwmP84seL9tSVQBjYjqCQkBCc18Vi2ZD7","viewKey":"","isReady":false,"exchangeState":"MultisigxV2R1EwZiNgSxuKQb8y9h6fhk1EbUX5ES9Zu41PUhaotKVus7DCgyqMk6kWLVg9hCPVSwvX54bYe7L7YBy24ZeMax844M7YAiyAYnLtZFnhb7v1GnCaYH17JyMBdZrJKdfQ3BVrEqHUijfgc5Ne1eutg8TWwuXBZLCL8ajNU6RSGukSEfYVJd"}
01-30 10:28:12.849 30183 30251 D com.techducat.ajo.data.local.DatabaseConverters: toMultisigInfo: Successfully converted from JSON
01-30 10:28:12.849 30183 30251 D com.techducat.ajo.data.local.DatabaseConverters:   address: 56vXjTCTn7b1m8GQmeUS...
01-30 10:28:12.849 30183 30251 D com.techducat.ajo.data.local.DatabaseConverters:   viewKey length: 0
01-30 10:28:12.849 30183 30251 D com.techducat.ajo.data.local.DatabaseConverters:   isReady: false
01-30 10:28:12.849 30183 30251 D com.techducat.ajo.data.local.DatabaseConverters:   exchangeState: MultisigxV2R1EwZiNgSxuKQb8y9h6fhk1EbUX5ES9Zu41PUhaotKVus7DCgyqMk6kWLVg9hCPVSwvX54bYe7L7YBy24ZeMax844M7YAiyAYnLtZFnhb7v1GnCaYH17JyMBdZrJKdfQ3BVrEqHUijfgc5Ne1eutg8TWwuXBZLCL8ajNU6RSGukSEfYVJd
01-30 10:28:12.849 30183 30252 V com.techducat.ajo.data.local.DatabaseConverters: toMultisigInfo: Input JSON: {"address":"52Eo2e4TtkZaWnQhpqashacEEVUcPLKtaYcPzZKFWjUwNwoKuMhAzyC2z8hkFoRJBN1yktQeqhstZXfpLQk7bnxHB1m34Z9","viewKey":"","isReady":false,"exchangeState":"MultisigxV2R1ZCPVbD5QM4cSqBDhpUkxAP3EQ7WQC3Utwcy6SQ1hRcH4ZUe13M4grA79AF9YuDQNN8axtd1HBduLb4wHMzc4sG4x3o59QYNUskFYPU1oVxL5mniL2Bj9rv37r9Hh8RqwnVd38oHWm7EGTAnVX2iBiYfdHKDzrRsqs77btjiXsbjWUATY"}
01-30 10:28:12.849 30183 30252 D com.techducat.ajo.data.local.DatabaseConverters: toMultisigInfo: Successfully converted from JSON
01-30 10:28:12.849 30183 30252 D com.techducat.ajo.data.local.DatabaseConverters:   address: 52Eo2e4TtkZaWnQhpqas...
01-30 10:28:12.849 30183 30252 D com.techducat.ajo.data.local.DatabaseConverters:   viewKey length: 0
01-30 10:28:12.849 30183 30252 D com.techducat.ajo.data.local.DatabaseConverters:   isReady: false
01-30 10:28:12.849 30183 30252 D com.techducat.ajo.data.local.DatabaseConverters:   exchangeState: MultisigxV2R1ZCPVbD5QM4cSqBDhpUkxAP3EQ7WQC3Utwcy6SQ1hRcH4ZUe13M4grA79AF9YuDQNN8axtd1HBduLb4wHMzc4sG4x3o59QYNUskFYPU1oVxL5mniL2Bj9rv37r9Hh8RqwnVd38oHWm7EGTAnVX2iBiYfdHKDzrRsqs77btjiXsbjWUATY
01-30 10:28:12.849 30183 30252 V com.techducat.ajo.data.local.DatabaseConverters: toMultisigInfo: Input JSON: {"address":"56vXjTCTn7b1m8GQmeUSyX4svzVdDuTV8GiapDhdEkdm6ZLYg2YirrMGHY94rWfwmP84seL9tSVQBjYjqCQkBCc18Vi2ZD7","viewKey":"","isReady":false,"exchangeState":"MultisigxV2R1EwZiNgSxuKQb8y9h6fhk1EbUX5ES9Zu41PUhaotKVus7DCgyqMk6kWLVg9hCPVSwvX54bYe7L7YBy24ZeMax844M7YAiyAYnLtZFnhb7v1GnCaYH17JyMBdZrJKdfQ3BVrEqHUijfgc5Ne1eutg8TWwuXBZLCL8ajNU6RSGukSEfYVJd"}
01-30 10:28:12.850 30183 30251 D com.techducat.ajo.repository.impl.RoscaRepositoryImpl: getMembersByRoscaId: Retrieved 3 member entities
01-30 10:28:12.850 30183 30252 D com.techducat.ajo.data.local.DatabaseConverters: toMultisigInfo: Successfully converted from JSON
01-30 10:28:12.850 30183 30251 D com.techducat.ajo.repository.impl.RoscaRepositoryImpl:   Member 0:
01-30 10:28:12.850 30183 30252 D com.techducat.ajo.data.local.DatabaseConverters:   address: 56vXjTCTn7b1m8GQmeUS...
01-30 10:28:12.850 30183 30251 D com.techducat.ajo.repository.impl.RoscaRepositoryImpl:     ID: 4b335ba0-ddf8-46c3-aedc-5e3e1fbc26ac
01-30 10:28:12.850 30183 30251 D com.techducat.ajo.repository.impl.RoscaRepositoryImpl:     User ID: 101162925197083414687
01-30 10:28:12.850 30183 30251 D com.techducat.ajo.repository.impl.RoscaRepositoryImpl:     Name: Creator
01-30 10:28:12.850 30183 30252 D com.techducat.ajo.data.local.DatabaseConverters:   viewKey length: 0
01-30 10:28:12.850 30183 30251 D com.techducat.ajo.repository.impl.RoscaRepositoryImpl:     MultisigInfo: present
01-30 10:28:12.850 30183 30252 D com.techducat.ajo.data.local.DatabaseConverters:   isReady: false
01-30 10:28:12.850 30183 30251 D MemberEntity: toDomain conversion:
01-30 10:28:12.850 30183 30252 D com.techducat.ajo.data.local.DatabaseConverters:   exchangeState: MultisigxV2R1EwZiNgSxuKQb8y9h6fhk1EbUX5ES9Zu41PUhaotKVus7DCgyqMk6kWLVg9hCPVSwvX54bYe7L7YBy24ZeMax844M7YAiyAYnLtZFnhb7v1GnCaYH17JyMBdZrJKdfQ3BVrEqHUijfgc5Ne1eutg8TWwuXBZLCL8ajNU6RSGukSEfYVJd
01-30 10:28:12.850 30183 30251 D MemberEntity:   ID: 4b335ba0-ddf8-46c3-aedc-5e3e1fbc26ac
01-30 10:28:12.850 30183 30251 D MemberEntity:   UserId: 101162925197083414687
01-30 10:28:12.850 30183 30251 D MemberEntity:   Name: Creator
01-30 10:28:12.850 30183 30251 D MemberEntity:   MultisigInfo before conversion: true
01-30 10:28:12.850 30183 30252 D com.techducat.ajo.repository.impl.RoscaRepositoryImpl: getMembersByRoscaId: Retrieved 3 member entities
01-30 10:28:12.850 30183 30251 D MemberEntity:   MultisigInfo after conversion: true
01-30 10:28:12.850 30183 30252 D com.techducat.ajo.repository.impl.RoscaRepositoryImpl:   Member 0:
01-30 10:28:12.850 30183 30251 D MemberEntity:     Address: 56ysxofWMrAAuFCpdhvC...
01-30 10:28:12.850 30183 30252 D com.techducat.ajo.repository.impl.RoscaRepositoryImpl:     ID: 4b335ba0-ddf8-46c3-aedc-5e3e1fbc26ac
01-30 10:28:12.850 30183 30251 D MemberEntity:     IsReady: false
01-30 10:28:12.850 30183 30252 D com.techducat.ajo.repository.impl.RoscaRepositoryImpl:     User ID: 101162925197083414687
01-30 10:28:12.850 30183 30251 D MemberEntity:   Resolved walletAddress: 56ysxofWMrAAuFCpdhvC...
01-30 10:28:12.850 30183 30252 D com.techducat.ajo.repository.impl.RoscaRepositoryImpl:     Name: Creator
01-30 10:28:12.850 30183 30251 D com.techducat.ajo.repository.impl.RoscaRepositoryImpl:   Member 1:
01-30 10:28:12.850 30183 30252 D com.techducat.ajo.repository.impl.RoscaRepositoryImpl:     MultisigInfo: present
01-30 10:28:12.850 30183 30251 D com.techducat.ajo.repository.impl.RoscaRepositoryImpl:     ID: 3f792859-dd64-4f54-b8f2-80742b2da7d4
01-30 10:28:12.850 30183 30252 D MemberEntity: toDomain conversion:
01-30 10:28:12.850 30183 30251 D com.techducat.ajo.repository.impl.RoscaRepositoryImpl:     User ID: 106565310936244799465
01-30 10:28:12.850 30183 30252 D MemberEntity:   ID: 4b335ba0-ddf8-46c3-aedc-5e3e1fbc26ac
01-30 10:28:12.850 30183 30251 D com.techducat.ajo.repository.impl.RoscaRepositoryImpl:     Name: 
01-30 10:28:12.850 30183 30252 D MemberEntity:   UserId: 101162925197083414687
01-30 10:28:12.850 30183 30251 D com.techducat.ajo.repository.impl.RoscaRepositoryImpl:     MultisigInfo: present
01-30 10:28:12.850 30183 30252 D MemberEntity:   Name: Creator
01-30 10:28:12.850 30183 30251 D MemberEntity: toDomain conversion:
01-30 10:28:12.850 30183 30252 D MemberEntity:   MultisigInfo before conversion: true
01-30 10:28:12.850 30183 30251 D MemberEntity:   ID: 3f792859-dd64-4f54-b8f2-80742b2da7d4
01-30 10:28:12.850 30183 30251 D MemberEntity:   UserId: 106565310936244799465
01-30 10:28:12.850 30183 30251 D MemberEntity:   Name: 
01-30 10:28:12.850 30183 30251 D MemberEntity:   MultisigInfo before conversion: true
01-30 10:28:12.850 30183 30252 D MemberEntity:   MultisigInfo after conversion: true
01-30 10:28:12.850 30183 30251 D MemberEntity:   MultisigInfo after conversion: true
01-30 10:28:12.850 30183 30251 D MemberEntity:     Address: 52Eo2e4TtkZaWnQhpqas...
01-30 10:28:12.850 30183 30252 D MemberEntity:     Address: 56ysxofWMrAAuFCpdhvC...
01-30 10:28:12.850 30183 30251 D MemberEntity:     IsReady: false
01-30 10:28:12.850 30183 30252 D MemberEntity:     IsReady: false
01-30 10:28:12.850 30183 30251 D MemberEntity:   Resolved walletAddress: 52Eo2e4TtkZaWnQhpqas...
01-30 10:28:12.851 30183 30251 D com.techducat.ajo.repository.impl.RoscaRepositoryImpl:   Member 2:
01-30 10:28:12.851 30183 30252 D MemberEntity:   Resolved walletAddress: 56ysxofWMrAAuFCpdhvC...
01-30 10:28:12.851 30183 30251 D com.techducat.ajo.repository.impl.RoscaRepositoryImpl:     ID: 8bb678f2-8ec3-4e61-a91a-c07ca9307dbb
01-30 10:28:12.851 30183 30252 D com.techducat.ajo.repository.impl.RoscaRepositoryImpl:   Member 1:
01-30 10:28:12.851 30183 30251 D com.techducat.ajo.repository.impl.RoscaRepositoryImpl:     User ID: 105624496574884292174
01-30 10:28:12.851 30183 30251 D com.techducat.ajo.repository.impl.RoscaRepositoryImpl:     Name: 
01-30 10:28:12.851 30183 30252 D com.techducat.ajo.repository.impl.RoscaRepositoryImpl:     ID: 3f792859-dd64-4f54-b8f2-80742b2da7d4
01-30 10:28:12.851 30183 30251 D com.techducat.ajo.repository.impl.RoscaRepositoryImpl:     MultisigInfo: present
01-30 10:28:12.851 30183 30251 D MemberEntity: toDomain conversion:
01-30 10:28:12.851 30183 30252 D com.techducat.ajo.repository.impl.RoscaRepositoryImpl:     User ID: 106565310936244799465
01-30 10:28:12.851 30183 30251 D MemberEntity:   ID: 8bb678f2-8ec3-4e61-a91a-c07ca9307dbb
01-30 10:28:12.851 30183 30251 D MemberEntity:   UserId: 105624496574884292174
01-30 10:28:12.851 30183 30252 D com.techducat.ajo.repository.impl.RoscaRepositoryImpl:     Name: 
01-30 10:28:12.851 30183 30251 D MemberEntity:   Name: 
01-30 10:28:12.851 30183 30252 D com.techducat.ajo.repository.impl.RoscaRepositoryImpl:     MultisigInfo: present
01-30 10:28:12.851 30183 30251 D MemberEntity:   MultisigInfo before conversion: true
01-30 10:28:12.851 30183 30252 D MemberEntity: toDomain conversion:
01-30 10:28:12.851 30183 30251 D MemberEntity:   MultisigInfo after conversion: true
01-30 10:28:12.851 30183 30251 D MemberEntity:     Address: 56vXjTCTn7b1m8GQmeUS...
01-30 10:28:12.851 30183 30251 D MemberEntity:     IsReady: false
01-30 10:28:12.851 30183 30252 D MemberEntity:   ID: 3f792859-dd64-4f54-b8f2-80742b2da7d4
01-30 10:28:12.851 30183 30251 D MemberEntity:   Resolved walletAddress: 56vXjTCTn7b1m8GQmeUS...
01-30 10:28:12.851 30183 30252 D MemberEntity:   UserId: 106565310936244799465
01-30 10:28:12.851 30183 30251 D com.techducat.ajo.repository.impl.RoscaRepositoryImpl: getMembersByRoscaId: Converted to 3 domain members
01-30 10:28:12.851 30183 30252 D MemberEntity:   Name: 
01-30 10:28:12.851 30183 30251 D com.techducat.ajo.repository.impl.RoscaRepositoryImpl: getMembersByRoscaId: 3/3 members have multisig info
01-30 10:28:12.851 30183 30252 D MemberEntity:   MultisigInfo before conversion: true
01-30 10:28:12.851 30183 30252 D MemberEntity:   MultisigInfo after conversion: true
01-30 10:28:12.851 30183 30252 D MemberEntity:     Address: 52Eo2e4TtkZaWnQhpqas...
01-30 10:28:12.851 30183 30252 D MemberEntity:     IsReady: false
01-30 10:28:12.852 30183 30252 D MemberEntity:   Resolved walletAddress: 52Eo2e4TtkZaWnQhpqas...
01-30 10:28:12.852 30183 30252 D com.techducat.ajo.repository.impl.RoscaRepositoryImpl:   Member 2:
01-30 10:28:12.852 30183 30252 D com.techducat.ajo.repository.impl.RoscaRepositoryImpl:     ID: 8bb678f2-8ec3-4e61-a91a-c07ca9307dbb
01-30 10:28:12.852 30183 30252 D com.techducat.ajo.repository.impl.RoscaRepositoryImpl:     User ID: 105624496574884292174
01-30 10:28:12.852 30183 30252 D com.techducat.ajo.repository.impl.RoscaRepositoryImpl:     Name: 
01-30 10:28:12.852 30183 30252 D com.techducat.ajo.repository.impl.RoscaRepositoryImpl:     MultisigInfo: present
01-30 10:28:12.852 30183 30252 D MemberEntity: toDomain conversion:
01-30 10:28:12.852 30183 30252 D MemberEntity:   ID: 8bb678f2-8ec3-4e61-a91a-c07ca9307dbb
01-30 10:28:12.852 30183 30252 D MemberEntity:   UserId: 105624496574884292174
01-30 10:28:12.852 30183 30252 D MemberEntity:   Name: 
01-30 10:28:12.852 30183 30252 D MemberEntity:   MultisigInfo before conversion: true
01-30 10:28:12.852 30183 30252 D MemberEntity:   MultisigInfo after conversion: true
01-30 10:28:12.852 30183 30252 D MemberEntity:     Address: 56vXjTCTn7b1m8GQmeUS...
01-30 10:28:12.852 30183 30252 D MemberEntity:     IsReady: false
01-30 10:28:12.852 30183 30252 D MemberEntity:   Resolved walletAddress: 56vXjTCTn7b1m8GQmeUS...
01-30 10:28:12.852 30183 30252 D com.techducat.ajo.repository.impl.RoscaRepositoryImpl: getMembersByRoscaId: Converted to 3 domain members
01-30 10:28:12.852 30183 30252 D com.techducat.ajo.repository.impl.RoscaRepositoryImpl: getMembersByRoscaId: 3/3 members have multisig info
01-30 10:28:12.866 30183 30183 D com.techducat.ajo.ui.dashboard.DashboardFragment:     Members with multisig info: 3/3
01-30 10:28:12.866 30183 30183 I com.techducat.ajo.ui.dashboard.DashboardFragment:     ✅ All members ready! Attempting finalization...
01-30 10:28:12.866 30183 30183 D com.techducat.ajo.ui.dashboard.DashboardFragment:     Collected 3 member multisig infos (including creator)
01-30 10:28:12.866 30183 30183 D com.techducat.ajo.ui.dashboard.DashboardFragment:     ✓ All 3 members have multisig info, proceeding with finalization
01-30 10:28:12.867 30183 30252 I RoscaManager: ╔══════════════════════════════════════════════════════════════╗
01-30 10:28:12.867 30183 30252 I RoscaManager: ║           FINALIZING ROSCA SETUP (MULTI-ROUND)               ║
01-30 10:28:12.867 30183 30252 I RoscaManager: ╚══════════════════════════════════════════════════════════════╝
01-30 10:28:12.867 30183 30252 I RoscaManager: ROSCA ID: rosca_1769765098568_108701876
01-30 10:28:12.867 30183 30252 I RoscaManager: User ID: 101162925197083414687
01-30 10:28:12.867 30183 30252 I RoscaManager: Received 3 multisig info entries
01-30 10:28:12.870 30183 30252 D RoscaManager: ROSCA State:
01-30 10:28:12.871 30183 30252 D RoscaManager:   Name: rosca
01-30 10:28:12.871 30183 30252 D RoscaManager:   Status: SETUP
01-30 10:28:12.871 30183 30252 D RoscaManager:   Total Members: 3
01-30 10:28:12.871 30183 30252 D RoscaManager:   Current Members: 3
01-30 10:28:12.871 30183 30252 D RoscaManager: ✓ Member count validation passed
01-30 10:28:12.871 30183 30252 D RoscaManager: Validating multisig info format...
01-30 10:28:12.871 30183 30252 D RoscaManager:   Entry 0: address=56ysxofWMrAAuFC..., exchangeState length=236
01-30 10:28:12.871 30183 30252 D RoscaManager:   Entry 1: address=52Eo2e4TtkZaWnQ..., exchangeState length=189
01-30 10:28:12.872 30183 30252 D RoscaManager:   Entry 2: address=56vXjTCTn7b1m8G..., exchangeState length=189
01-30 10:28:12.872 30183 30252 D RoscaManager: ✓ Format validation passed - all entries are valid JSON with required fields
01-30 10:28:12.872 30183 30252 D RoscaManager: Switching to ROSCA wallet...
01-30 10:28:12.873 30183 30252 D com.techducat.ajo.util.WalletSelectionManager: Already on ROSCA wallet, no switch needed
01-30 10:28:12.873 30183 30252 D RoscaManager: ✓ Switched to ROSCA wallet
01-30 10:28:12.873 30183 30252 I RoscaManager: 
01-30 10:28:12.873 30183 30252 I RoscaManager: ═══ CALLING makeMultisig (ROUND 1) ═══
01-30 10:28:12.873 30183 30252 I RoscaManager: Calling WalletSuite.finalizeRoscaSetup()...
01-30 10:28:12.873 30183 30252 D RoscaManager:   Multisig scheme: 2-of-3
01-30 10:28:12.873 30183 30252 D RoscaManager:   Total info entries: 3
01-30 10:28:12.873 30183 30252 D RoscaManager:   WalletSuite will filter out our own entry by address
01-30 10:28:12.874 30183 30350 I WalletSuite: ╔════════════════════════════════════════════════════════════════╗
01-30 10:28:12.874 30183 30350 I WalletSuite: ║           FINALIZE ROSCA SETUP - COMPREHENSIVE DEBUG          ║
01-30 10:28:12.874 30183 30350 I WalletSuite: ╚════════════════════════════════════════════════════════════════╝
01-30 10:28:12.874 30183 30350 I WalletSuite: ROSCA ID: rosca_1769765098568_108701876
01-30 10:28:12.874 30183 30350 I WalletSuite: Received 3 multisig entries from database
01-30 10:28:12.874 30183 30350 I WalletSuite: Expected threshold: 2
01-30 10:28:12.874 30183 30350 I WalletSuite: 
01-30 10:28:12.874 30183 30350 I WalletSuite: ═══ STEP 0: ANALYZING DATABASE DATA ═══
01-30 10:28:12.874 30183 30350 D WalletSuite: First entry analysis:
01-30 10:28:12.874 30183 30350 D WalletSuite:   - Length: 397 characters
01-30 10:28:12.874 30183 30350 D WalletSuite:   - Starts with '{': true
01-30 10:28:12.874 30183 30350 D WalletSuite:   - Starts with 'Multisig': false
01-30 10:28:12.874 30183 30350 D WalletSuite:   - First 100 chars: {"address":"56ysxofWMrAAuFCpdhvCg6hyhDgKQBmfzcC8Z88nzTaeZwN8sf9hoxE7uNv6Ptgm7yfPYoykVQjqNFPf3xDib9ip
01-30 10:28:12.874 30183 30350 I WalletSuite: 
01-30 10:28:12.874 30183 30350 I WalletSuite: Complete database entries dump:
01-30 10:28:12.874 30183 30350 D WalletSuite:   [0] Length: 397
01-30 10:28:12.874 30183 30350 D WalletSuite:       First 150 chars: {"address":"56ysxofWMrAAuFCpdhvCg6hyhDgKQBmfzcC8Z88nzTaeZwN8sf9hoxE7uNv6Ptgm7yfPYoykVQjqNFPf3xDib9ipQeS3iHa","exchangeState":"MultisigxV2Rn1LW2vqUPDE4
01-30 10:28:12.874 30183 30350 D WalletSuite:       Last 50 chars: gAgySCt4f5zmGc2","userId":"101162925197083414687"}
01-30 10:28:12.874 30183 30350 D WalletSuite:   [1] Length: 350
01-30 10:28:12.874 30183 30350 D WalletSuite:       First 150 chars: {"address":"52Eo2e4TtkZaWnQhpqashacEEVUcPLKtaYcPzZKFWjUwNwoKuMhAzyC2z8hkFoRJBN1yktQeqhstZXfpLQk7bnxHB1m34Z9","exchangeState":"MultisigxV2R1ZCPVbD5QM4c
01-30 10:28:12.874 30183 30350 D WalletSuite:       Last 50 chars: 77btjiXsbjWUATY","userId":"106565310936244799465"}
01-30 10:28:12.874 30183 30350 D WalletSuite:   [2] Length: 350
01-30 10:28:12.874 30183 30350 D WalletSuite:       First 150 chars: {"address":"56vXjTCTn7b1m8GQmeUSyX4svzVdDuTV8GiapDhdEkdm6ZLYg2YirrMGHY94rWfwmP84seL9tSVQBjYjqCQkBCc18Vi2ZD7","exchangeState":"MultisigxV2R1EwZiNgSxuKQ
01-30 10:28:12.874 30183 30350 D WalletSuite:       Last 50 chars: NU6RSGukSEfYVJd","userId":"105624496574884292174"}
01-30 10:28:12.874 30183 30350 I WalletSuite: 
01-30 10:28:12.874 30183 30350 I WalletSuite: ═══ STEP 1: CHECKING WALLET STATE ═══
01-30 10:28:12.874 30183 30350 D WalletSuite: Wallet isMultisig: true
01-30 10:28:12.874 30183 30350 I WalletSuite: ✓ Wallet already configured for multisig
