01-30 10:27:58.244 30183 30183 D com.techducat.ajo.util.Logger: com.techducat.ajo.ui.profile.ProfileFragment: Wallet balance loaded: ɱ0.000000
01-30 10:27:58.844 30183 30183 D com.techducat.ajo.util.Logger: com.techducat.ajo.ui.profile.ProfileFragment: Profile photo loaded successfully
01-30 10:27:59.141 30183 30183 D com.techducat.ajo.util.Logger: com.techducat.ajo.ui.profile.ProfileFragment: Profile photo loaded successfully
01-30 10:27:59.845 30183 30183 W SystemServiceRegistry: No service published for: HMDEnterpriseService
01-30 10:27:59.923 30183 30382 D mali_gralloc: register: id=44000022cdd, handle=0xb4000074759fe730, importpid=30183
01-30 10:27:59.924 30183 30382 D mali_gralloc: register: id=44000022cde, handle=0xb400007475a00fb0, importpid=30183
01-30 10:27:59.925 30183 30382 D mali_gralloc: register: id=44000022cdf, handle=0xb4000074759fef10, importpid=30183
01-30 10:27:59.926 30183 30382 D mali_gralloc: register: id=44000022ce0, handle=0xb400007475a05450, importpid=30183
01-30 10:27:59.944 30183 30183 W TextView: onProvideContentCaptureStructure(): calling assumeLayout()
01-30 10:28:00.835 30183 30183 W SystemServiceRegistry: No service published for: HMDEnterpriseService
01-30 10:28:00.873 30183 30183 D com.techducat.ajo.util.Logger: com.techducat.ajo.ui.profile.ProfileFragment: Cleared app_prefs
01-30 10:28:00.873 30183 30183 D com.techducat.ajo.util.Logger: com.techducat.ajo.ui.profile.ProfileFragment: Cleared user_prefs
01-30 10:28:00.873 30183 30183 D com.techducat.ajo.util.Logger: com.techducat.ajo.ui.profile.ProfileFragment: Cleared wallet_prefs
01-30 10:28:00.873 30183 30183 D com.techducat.ajo.util.Logger: com.techducat.ajo.ui.profile.ProfileFragment: Cleared rosca_stats
01-30 10:28:00.876 30183 30183 D com.techducat.ajo.util.Logger: com.techducat.ajo.ui.profile.ProfileFragment: Cleared referral_prefs
01-30 10:28:00.876 30183 30350 I WalletSuite: === PAUSING WALLET ===
01-30 10:28:00.876 30183 30350 D WalletSuite: ✓ Periodic sync stopped
01-30 10:28:00.876 30183 30183 D com.techducat.ajo.util.AuthStateManager: User logged out
01-30 10:28:00.876 30183 30350 D WalletSuite: ✓ Background refresh paused
01-30 10:28:00.876 30183 30350 I WalletSuite: ✓ Wallet paused successfully
01-30 10:28:00.878 30183 30183 W WindowOnBackDispatcher: sendCancelIfRunning: isInProgress=false callback=android.view.ViewRootImpl$$ExternalSyntheticLambda11@4ad1fa5
01-30 10:28:00.884 30183 30206 D mali_gralloc: unregister: id=44000022ce0, handle=0xb400007475a05450, base=0x0, importpid=30183, clone_count=0
01-30 10:28:00.885 30183 30206 D HWUI    : endAllActiveAnimators on 0xb400007525a90ca0 (RippleDrawable) with handle 0xb400007375a48260
01-30 10:28:00.887 30183 30194 D mali_gralloc: unregister: id=44000022cdf, handle=0xb4000074759fef10, base=0x0, importpid=30183, clone_count=0
01-30 10:28:00.898 30183 30194 D mali_gralloc: unregister: id=44000022cde, handle=0xb400007475a00fb0, base=0x0, importpid=30183, clone_count=0
01-30 10:28:00.899 30183 30194 D mali_gralloc: unregister: id=44000022cdd, handle=0xb4000074759fe730, base=0x0, importpid=30183, clone_count=0
01-30 10:28:00.983 30183 30183 W Choreographer: Already have a pending vsync event.  There should only be one at a time.
01-30 10:28:00.984 30183 30183 D com.techducat.ajo.util.Logger: com.techducat.ajo.ui.profile.ProfileFragment: Google sign out successful
01-30 10:28:01.144 30183 30183 D com.techducat.ajo.ui.dashboard.DashboardFragment: === USER IDENTITY DEBUG ===
01-30 10:28:01.144 30183 30183 D com.techducat.ajo.ui.dashboard.DashboardFragment: SharedPrefs user_id: null
01-30 10:28:01.144 30183 30183 D com.techducat.ajo.ui.dashboard.DashboardFragment: Wallet address: 56vXjTCTn7b1m8GQmeUSyX4svzVdDuTV8GiapDhdEkdm6ZLYg2YirrMGHY94rWfwmP84seL9tSVQBjYjqCQkBCc18Vi2ZD7
01-30 10:28:01.144 30183 30183 D com.techducat.ajo.ui.dashboard.DashboardFragment: Match: false
01-30 10:28:01.144 30183 30183 D com.techducat.ajo.ui.dashboard.DashboardFragment: User not logged in, showing login prompt
01-30 10:28:01.145 30183 30183 D com.techducat.ajo.ui.dashboard.DashboardFragment: Auth state changed: User logged out
01-30 10:28:01.147 30183 30251 D com.techducat.ajo.repository.impl.RoscaRepositoryImpl: Retrieved 1 ROSCAs from database
01-30 10:28:01.151 30183 30183 I ContentCaptureHelper: Setting logging level to OFF
01-30 10:28:01.154 30183 30183 D com.techducat.ajo.ui.dashboard.DashboardFragment: onResume: User not logged in
01-30 10:28:01.213 30183 30389 D mali_gralloc: register: id=44000022cea, handle=0xb4000074759f8310, importpid=30183
01-30 10:28:01.215 30183 30389 D mali_gralloc: register: id=44000022ceb, handle=0xb400007475a05690, importpid=30183
01-30 10:28:01.217 30183 30389 D mali_gralloc: register: id=44000022cec, handle=0xb400007475a02510, importpid=30183
01-30 10:28:01.218 30183 30389 D mali_gralloc: register: id=44000022ced, handle=0xb400007475a02750, importpid=30183
01-30 10:28:01.248 30183 30183 W Choreographer: Already have a pending vsync event.  There should only be one at a time.
01-30 10:28:01.250 30183 30183 D com.techducat.ajo.ui.dashboard.DashboardFragment: Total ROSCAs in database: 1
01-30 10:28:01.250 30183 30183 D com.techducat.ajo.ui.dashboard.DashboardFragment:   ROSCA: rosca (ID: rosca_1769765098568_108701876)
01-30 10:28:01.253 30183 30255 V com.techducat.ajo.data.local.DatabaseConverters: toMultisigInfo: Input JSON: {"address":"56ysxofWMrAAuFCpdhvCg6hyhDgKQBmfzcC8Z88nzTaeZwN8sf9hoxE7uNv6Ptgm7yfPYoykVQjqNFPf3xDib9ipQeS3iHa","viewKey":"","isReady":false,"exchangeState":"MultisigxV2R1SqsxqoGGPEABAcs7K7kxgrPzdFmC8cdCBKVBfdtfoSY8drSDGqtCTJH6AFt8KmdDJcX2VBCyDBzPJSe4AAQEnRirjUoBex3BocMXmLyZ2yRRcwJauWWRSrdEMXaBHv5ZKnU9WgRVCGRz5RjK3b1AajzYMhiJJkXReL2fCNeg11CCVKRW"}
01-30 10:28:01.253 30183 30255 D com.techducat.ajo.data.local.DatabaseConverters: toMultisigInfo: Successfully converted from JSON
01-30 10:28:01.253 30183 30255 D com.techducat.ajo.data.local.DatabaseConverters:   address: 56ysxofWMrAAuFCpdhvC...
01-30 10:28:01.253 30183 30255 D com.techducat.ajo.data.local.DatabaseConverters:   viewKey length: 0
01-30 10:28:01.253 30183 30255 D com.techducat.ajo.data.local.DatabaseConverters:   isReady: false
01-30 10:28:01.253 30183 30255 D com.techducat.ajo.data.local.DatabaseConverters:   exchangeState: MultisigxV2R1SqsxqoGGPEABAcs7K7kxgrPzdFmC8cdCBKVBfdtfoSY8drSDGqtCTJH6AFt8KmdDJcX2VBCyDBzPJSe4AAQEnRirjUoBex3BocMXmLyZ2yRRcwJauWWRSrdEMXaBHv5ZKnU9WgRVCGRz5RjK3b1AajzYMhiJJkXReL2fCNeg11CCVKRW
01-30 10:28:01.253 30183 30255 V com.techducat.ajo.data.local.DatabaseConverters: toMultisigInfo: Input JSON: {"address":"52Eo2e4TtkZaWnQhpqashacEEVUcPLKtaYcPzZKFWjUwNwoKuMhAzyC2z8hkFoRJBN1yktQeqhstZXfpLQk7bnxHB1m34Z9","viewKey":"","isReady":false,"exchangeState":"MultisigxV2R1ZCPVbD5QM4cSqBDhpUkxAP3EQ7WQC3Utwcy6SQ1hRcH4ZUe13M4grA79AF9YuDQNN8axtd1HBduLb4wHMzc4sG4x3o59QYNUskFYPU1oVxL5mniL2Bj9rv37r9Hh8RqwnVd38oHWm7EGTAnVX2iBiYfdHKDzrRsqs77btjiXsbjWUATY"}
01-30 10:28:01.253 30183 30255 D com.techducat.ajo.data.local.DatabaseConverters: toMultisigInfo: Successfully converted from JSON
01-30 10:28:01.253 30183 30255 D com.techducat.ajo.data.local.DatabaseConverters:   address: 52Eo2e4TtkZaWnQhpqas...
01-30 10:28:01.253 30183 30255 D com.techducat.ajo.data.local.DatabaseConverters:   viewKey length: 0
01-30 10:28:01.253 30183 30255 D com.techducat.ajo.data.local.DatabaseConverters:   isReady: false
01-30 10:28:01.253 30183 30255 D com.techducat.ajo.data.local.DatabaseConverters:   exchangeState: MultisigxV2R1ZCPVbD5QM4cSqBDhpUkxAP3EQ7WQC3Utwcy6SQ1hRcH4ZUe13M4grA79AF9YuDQNN8axtd1HBduLb4wHMzc4sG4x3o59QYNUskFYPU1oVxL5mniL2Bj9rv37r9Hh8RqwnVd38oHWm7EGTAnVX2iBiYfdHKDzrRsqs77btjiXsbjWUATY
01-30 10:28:01.253 30183 30255 V com.techducat.ajo.data.local.DatabaseConverters: toMultisigInfo: Input JSON: {"address":"56vXjTCTn7b1m8GQmeUSyX4svzVdDuTV8GiapDhdEkdm6ZLYg2YirrMGHY94rWfwmP84seL9tSVQBjYjqCQkBCc18Vi2ZD7","viewKey":"","isReady":false,"exchangeState":"MultisigxV2R1EwZiNgSxuKQb8y9h6fhk1EbUX5ES9Zu41PUhaotKVus7DCgyqMk6kWLVg9hCPVSwvX54bYe7L7YBy24ZeMax844M7YAiyAYnLtZFnhb7v1GnCaYH17JyMBdZrJKdfQ3BVrEqHUijfgc5Ne1eutg8TWwuXBZLCL8ajNU6RSGukSEfYVJd"}
01-30 10:28:01.253 30183 30255 D com.techducat.ajo.data.local.DatabaseConverters: toMultisigInfo: Successfully converted from JSON
01-30 10:28:01.253 30183 30255 D com.techducat.ajo.data.local.DatabaseConverters:   address: 56vXjTCTn7b1m8GQmeUS...
01-30 10:28:01.253 30183 30255 D com.techducat.ajo.data.local.DatabaseConverters:   viewKey length: 0
01-30 10:28:01.253 30183 30255 D com.techducat.ajo.data.local.DatabaseConverters:   isReady: false
01-30 10:28:01.253 30183 30255 D com.techducat.ajo.data.local.DatabaseConverters:   exchangeState: MultisigxV2R1EwZiNgSxuKQb8y9h6fhk1EbUX5ES9Zu41PUhaotKVus7DCgyqMk6kWLVg9hCPVSwvX54bYe7L7YBy24ZeMax844M7YAiyAYnLtZFnhb7v1GnCaYH17JyMBdZrJKdfQ3BVrEqHUijfgc5Ne1eutg8TWwuXBZLCL8ajNU6RSGukSEfYVJd
01-30 10:28:01.254 30183 30251 D com.techducat.ajo.repository.impl.RoscaRepositoryImpl: Retrieved 3 members from database
01-30 10:28:01.254 30183 30251 D MemberEntity: toDomain conversion:
01-30 10:28:01.254 30183 30251 D MemberEntity:   ID: 4b335ba0-ddf8-46c3-aedc-5e3e1fbc26ac
01-30 10:28:01.254 30183 30251 D MemberEntity:   UserId: 101162925197083414687
01-30 10:28:01.254 30183 30251 D MemberEntity:   Name: Creator
01-30 10:28:01.254 30183 30251 D MemberEntity:   MultisigInfo before conversion: true
01-30 10:28:01.254 30183 30251 D MemberEntity:   MultisigInfo after conversion: true
01-30 10:28:01.254 30183 30251 D MemberEntity:     Address: 56ysxofWMrAAuFCpdhvC...
01-30 10:28:01.254 30183 30251 D MemberEntity:     IsReady: false
01-30 10:28:01.254 30183 30251 D MemberEntity:   Resolved walletAddress: 56ysxofWMrAAuFCpdhvC...
01-30 10:28:01.254 30183 30251 D MemberEntity: toDomain conversion:
01-30 10:28:01.254 30183 30251 D MemberEntity:   ID: 3f792859-dd64-4f54-b8f2-80742b2da7d4
01-30 10:28:01.254 30183 30251 D MemberEntity:   UserId: 106565310936244799465
01-30 10:28:01.254 30183 30251 D MemberEntity:   Name: 
01-30 10:28:01.254 30183 30251 D MemberEntity:   MultisigInfo before conversion: true
01-30 10:28:01.254 30183 30251 D MemberEntity:   MultisigInfo after conversion: true
01-30 10:28:01.254 30183 30251 D MemberEntity:     Address: 52Eo2e4TtkZaWnQhpqas...
01-30 10:28:01.254 30183 30251 D MemberEntity:     IsReady: false
01-30 10:28:01.254 30183 30251 D MemberEntity:   Resolved walletAddress: 52Eo2e4TtkZaWnQhpqas...
01-30 10:28:01.254 30183 30251 D MemberEntity: toDomain conversion:
01-30 10:28:01.254 30183 30251 D MemberEntity:   ID: 8bb678f2-8ec3-4e61-a91a-c07ca9307dbb
01-30 10:28:01.254 30183 30251 D MemberEntity:   UserId: 105624496574884292174
01-30 10:28:01.254 30183 30251 D MemberEntity:   Name: 
01-30 10:28:01.254 30183 30251 D MemberEntity:   MultisigInfo before conversion: true
01-30 10:28:01.254 30183 30251 D MemberEntity:   MultisigInfo after conversion: true
01-30 10:28:01.254 30183 30251 D MemberEntity:     Address: 56vXjTCTn7b1m8GQmeUS...
01-30 10:28:01.254 30183 30251 D MemberEntity:     IsReady: false
01-30 10:28:01.254 30183 30251 D MemberEntity:   Resolved walletAddress: 56vXjTCTn7b1m8GQmeUS...
01-30 10:28:01.257 30183 30183 D com.techducat.ajo.ui.dashboard.DashboardFragment: All members (3):
01-30 10:28:01.257 30183 30183 D com.techducat.ajo.ui.dashboard.DashboardFragment:   - Member ID: 4b335ba0-ddf8-46c3-aedc-5e3e1fbc26ac
01-30 10:28:01.257 30183 30183 D com.techducat.ajo.ui.dashboard.DashboardFragment:     userId: 101162925197083414687
01-30 10:28:01.257 30183 30183 D com.techducat.ajo.ui.dashboard.DashboardFragment:     walletAddress: 56ysxofWMrAAuFCpdhvCg6hyhDgKQBmfzcC8Z88nzTaeZwN8sf9hoxE7uNv6Ptgm7yfPYoykVQjqNFPf3xDib9ipQeS3iHa
01-30 10:28:01.257 30183 30183 D com.techducat.ajo.ui.dashboard.DashboardFragment:     roscaId: rosca_1769765098568_108701876
01-30 10:28:01.257 30183 30183 D com.techducat.ajo.ui.dashboard.DashboardFragment:     name: Creator
01-30 10:28:01.257 30183 30183 D com.techducat.ajo.ui.dashboard.DashboardFragment:   - Member ID: 3f792859-dd64-4f54-b8f2-80742b2da7d4
01-30 10:28:01.257 30183 30183 D com.techducat.ajo.ui.dashboard.DashboardFragment:     userId: 106565310936244799465
01-30 10:28:01.257 30183 30183 D com.techducat.ajo.ui.dashboard.DashboardFragment:     walletAddress: 52Eo2e4TtkZaWnQhpqashacEEVUcPLKtaYcPzZKFWjUwNwoKuMhAzyC2z8hkFoRJBN1yktQeqhstZXfpLQk7bnxHB1m34Z9
01-30 10:28:01.257 30183 30183 D com.techducat.ajo.ui.dashboard.DashboardFragment:     roscaId: rosca_1769765098568_108701876
01-30 10:28:01.257 30183 30183 D com.techducat.ajo.ui.dashboard.DashboardFragment:     name: 
01-30 10:28:01.257 30183 30183 D com.techducat.ajo.ui.dashboard.DashboardFragment:   - Member ID: 8bb678f2-8ec3-4e61-a91a-c07ca9307dbb
01-30 10:28:01.257 30183 30183 D com.techducat.ajo.ui.dashboard.DashboardFragment:     userId: 105624496574884292174
01-30 10:28:01.257 30183 30183 D com.techducat.ajo.ui.dashboard.DashboardFragment:     walletAddress: 56vXjTCTn7b1m8GQmeUSyX4svzVdDuTV8GiapDhdEkdm6ZLYg2YirrMGHY94rWfwmP84seL9tSVQBjYjqCQkBCc18Vi2ZD7
01-30 10:28:01.257 30183 30183 D com.techducat.ajo.ui.dashboard.DashboardFragment:     roscaId: rosca_1769765098568_108701876
01-30 10:28:01.257 30183 30183 D com.techducat.ajo.ui.dashboard.DashboardFragment:     name: 
01-30 10:28:01.257 30183 30183 D com.techducat.ajo.ui.dashboard.DashboardFragment: =========================
01-30 10:28:01.286 30183 30183 D VRI[MainActivity]: visibilityChanged oldVisibility=true newVisibility=false
01-30 10:28:01.299 30183 30206 D mali_gralloc: unregister: id=44000022cc2, handle=0xb4000074759d7fd0, base=0x0, importpid=30183, clone_count=0
01-30 10:28:01.299 30183 30206 D mali_gralloc: unregister: id=44000022cc4, handle=0xb4000074759d8b10, base=0x0, importpid=30183, clone_count=0
01-30 10:28:01.299 30183 30206 D mali_gralloc: unregister: id=44000022cc5, handle=0xb4000074759d7eb0, base=0x0, importpid=30183, clone_count=0
01-30 10:28:01.306 30183 30183 D mali_gralloc: unregister: id=44000022cc3, handle=0xb4000074759d4c10, base=0x0, importpid=30183, clone_count=0
01-30 10:28:01.324 30183 30183 W WindowOnBackDispatcher: sendCancelIfRunning: isInProgress=false callback=android.view.ViewRootImpl$$ExternalSyntheticLambda11@a77153
01-30 10:28:02.500 30183 30183 W SystemServiceRegistry: No service published for: HMDEnterpriseService
01-30 10:28:02.566 30183 30183 I ContentCaptureHelper: Setting logging level to OFF
01-30 10:28:02.591 30183 30392 D mali_gralloc: register: id=44000022cee, handle=0xb4000074759dc6b0, importpid=30183
01-30 10:28:02.594 30183 30392 D mali_gralloc: register: id=44000022cef, handle=0xb400007475a021b0, importpid=30183
01-30 10:28:02.595 30183 30183 W Choreographer: Already have a pending vsync event.  There should only be one at a time.
01-30 10:28:02.595 30183 30392 D mali_gralloc: register: id=44000022cf0, handle=0xb400007475a08270, importpid=30183
01-30 10:28:02.596 30183 30392 D mali_gralloc: register: id=44000022cf1, handle=0xb400007475a05b10, importpid=30183
01-30 10:28:06.700 30183 30183 W Choreographer: Already have a pending vsync event.  There should only be one at a time.
01-30 10:28:06.739 30183 30183 D com.techducat.ajo.util.AuthStateManager: User logged out
01-30 10:28:06.739 30183 30183 D com.techducat.ajo.ui.dashboard.DashboardFragment: onResume: User not logged in
01-30 10:28:06.757 30183 30183 W Choreographer: Already have a pending vsync event.  There should only be one at a time.
01-30 10:28:06.761 30183 30183 D VRI[SignInHubActivity]: visibilityChanged oldVisibility=true newVisibility=false
01-30 10:28:06.769 30183 30206 D mali_gralloc: unregister: id=44000022cf1, handle=0xb400007475a05b10, base=0x0, importpid=30183, clone_count=0
01-30 10:28:06.770 30183 30206 D mali_gralloc: unregister: id=44000022cf0, handle=0xb400007475a08270, base=0x0, importpid=30183, clone_count=0
01-30 10:28:06.771 30183 30206 D mali_gralloc: unregister: id=44000022cef, handle=0xb400007475a021b0, base=0x0, importpid=30183, clone_count=0
01-30 10:28:06.777 30183 30183 D mali_gralloc: unregister: id=44000022cee, handle=0xb4000074759dc6b0, base=0x0, importpid=30183, clone_count=0
01-30 10:28:06.805 30183 30183 W WindowOnBackDispatcher: sendCancelIfRunning: isInProgress=false callback=android.view.ViewRootImpl$$ExternalSyntheticLambda11@1a4f06e
01-30 10:28:06.834 30183 30183 D com.techducat.ajo.util.Logger: Saved user ID to SharedPreferences: 101162925197083414687
01-30 10:28:06.835 30183 30183 D com.techducat.ajo.util.Logger: User signed in successfully: neeyeed@gmail.com (ID: 101162925197083414687)
01-30 10:28:06.835 30183 30183 D com.techducat.ajo.util.Logger: Sign in successful: neeyeed@gmail.com
01-30 10:28:06.835 30183 30183 D com.techducat.ajo.util.AuthStateManager: User logged in: 101162925197083414687
01-30 10:28:06.836 30183 30183 D com.techducat.ajo.util.Logger: No pending referral to process
01-30 10:28:06.838 30183 30183 D com.techducat.ajo.ui.dashboard.DashboardFragment: Loading ROSCAs for user: 101162925197083414687
01-30 10:28:06.841 30183 30260 V com.techducat.ajo.data.local.DatabaseConverters: toMultisigInfo: Input JSON: {"address":"56ysxofWMrAAuFCpdhvCg6hyhDgKQBmfzcC8Z88nzTaeZwN8sf9hoxE7uNv6Ptgm7yfPYoykVQjqNFPf3xDib9ipQeS3iHa","viewKey":"","isReady":false,"exchangeState":"MultisigxV2R1SqsxqoGGPEABAcs7K7kxgrPzdFmC8cdCBKVBfdtfoSY8drSDGqtCTJH6AFt8KmdDJcX2VBCyDBzPJSe4AAQEnRirjUoBex3BocMXmLyZ2yRRcwJauWWRSrdEMXaBHv5ZKnU9WgRVCGRz5RjK3b1AajzYMhiJJkXReL2fCNeg11CCVKRW"}
01-30 10:28:06.842 30183 30260 D com.techducat.ajo.data.local.DatabaseConverters: toMultisigInfo: Successfully converted from JSON
01-30 10:28:06.842 30183 30260 D com.techducat.ajo.data.local.DatabaseConverters:   address: 56ysxofWMrAAuFCpdhvC...
01-30 10:28:06.842 30183 30260 D com.techducat.ajo.data.local.DatabaseConverters:   viewKey length: 0
01-30 10:28:06.842 30183 30260 D com.techducat.ajo.data.local.DatabaseConverters:   isReady: false
01-30 10:28:06.842 30183 30260 D com.techducat.ajo.data.local.DatabaseConverters:   exchangeState: MultisigxV2R1SqsxqoGGPEABAcs7K7kxgrPzdFmC8cdCBKVBfdtfoSY8drSDGqtCTJH6AFt8KmdDJcX2VBCyDBzPJSe4AAQEnRirjUoBex3BocMXmLyZ2yRRcwJauWWRSrdEMXaBHv5ZKnU9WgRVCGRz5RjK3b1AajzYMhiJJkXReL2fCNeg11CCVKRW
01-30 10:28:06.842 30183 30260 V com.techducat.ajo.data.local.DatabaseConverters: toMultisigInfo: Input JSON: {"address":"52Eo2e4TtkZaWnQhpqashacEEVUcPLKtaYcPzZKFWjUwNwoKuMhAzyC2z8hkFoRJBN1yktQeqhstZXfpLQk7bnxHB1m34Z9","viewKey":"","isReady":false,"exchangeState":"MultisigxV2R1ZCPVbD5QM4cSqBDhpUkxAP3EQ7WQC3Utwcy6SQ1hRcH4ZUe13M4grA79AF9YuDQNN8axtd1HBduLb4wHMzc4sG4x3o59QYNUskFYPU1oVxL5mniL2Bj9rv37r9Hh8RqwnVd38oHWm7EGTAnVX2iBiYfdHKDzrRsqs77btjiXsbjWUATY"}
01-30 10:28:06.842 30183 30260 D com.techducat.ajo.data.local.DatabaseConverters: toMultisigInfo: Successfully converted from JSON
01-30 10:28:06.842 30183 30260 D com.techducat.ajo.data.local.DatabaseConverters:   address: 52Eo2e4TtkZaWnQhpqas...
01-30 10:28:06.842 30183 30260 D com.techducat.ajo.data.local.DatabaseConverters:   viewKey length: 0
01-30 10:28:06.842 30183 30260 D com.techducat.ajo.data.local.DatabaseConverters:   isReady: false
01-30 10:28:06.842 30183 30260 D com.techducat.ajo.data.local.DatabaseConverters:   exchangeState: MultisigxV2R1ZCPVbD5QM4cSqBDhpUkxAP3EQ7WQC3Utwcy6SQ1hRcH4ZUe13M4grA79AF9YuDQNN8axtd1HBduLb4wHMzc4sG4x3o59QYNUskFYPU1oVxL5mniL2Bj9rv37r9Hh8RqwnVd38oHWm7EGTAnVX2iBiYfdHKDzrRsqs77btjiXsbjWUATY
01-30 10:28:06.843 30183 30260 V com.techducat.ajo.data.local.DatabaseConverters: toMultisigInfo: Input JSON: {"address":"56vXjTCTn7b1m8GQmeUSyX4svzVdDuTV8GiapDhdEkdm6ZLYg2YirrMGHY94rWfwmP84seL9tSVQBjYjqCQkBCc18Vi2ZD7","viewKey":"","isReady":false,"exchangeState":"MultisigxV2R1EwZiNgSxuKQb8y9h6fhk1EbUX5ES9Zu41PUhaotKVus7DCgyqMk6kWLVg9hCPVSwvX54bYe7L7YBy24ZeMax844M7YAiyAYnLtZFnhb7v1GnCaYH17JyMBdZrJKdfQ3BVrEqHUijfgc5Ne1eutg8TWwuXBZLCL8ajNU6RSGukSEfYVJd"}
01-30 10:28:06.843 30183 30260 D com.techducat.ajo.data.local.DatabaseConverters: toMultisigInfo: Successfully converted from JSON
01-30 10:28:06.843 30183 30260 D com.techducat.ajo.data.local.DatabaseConverters:   address: 56vXjTCTn7b1m8GQmeUS...
01-30 10:28:06.843 30183 30260 D com.techducat.ajo.data.local.DatabaseConverters:   viewKey length: 0
01-30 10:28:06.843 30183 30260 D com.techducat.ajo.data.local.DatabaseConverters:   isReady: false
01-30 10:28:06.843 30183 30260 D com.techducat.ajo.data.local.DatabaseConverters:   exchangeState: MultisigxV2R1EwZiNgSxuKQb8y9h6fhk1EbUX5ES9Zu41PUhaotKVus7DCgyqMk6kWLVg9hCPVSwvX54bYe7L7YBy24ZeMax844M7YAiyAYnLtZFnhb7v1GnCaYH17JyMBdZrJKdfQ3BVrEqHUijfgc5Ne1eutg8TWwuXBZLCL8ajNU6RSGukSEfYVJd
01-30 10:28:06.844 30183 30251 D com.techducat.ajo.repository.impl.RoscaRepositoryImpl: Retrieved 3 members from database
01-30 10:28:06.844 30183 30251 D MemberEntity: toDomain conversion:
01-30 10:28:06.844 30183 30251 D MemberEntity:   ID: 4b335ba0-ddf8-46c3-aedc-5e3e1fbc26ac
01-30 10:28:06.844 30183 30251 D MemberEntity:   UserId: 101162925197083414687
01-30 10:28:06.844 30183 30251 D MemberEntity:   Name: Creator
01-30 10:28:06.844 30183 30251 D MemberEntity:   MultisigInfo before conversion: true
01-30 10:28:06.844 30183 30251 D MemberEntity:   MultisigInfo after conversion: true
01-30 10:28:06.844 30183 30251 D MemberEntity:     Address: 56ysxofWMrAAuFCpdhvC...
01-30 10:28:06.844 30183 30251 D MemberEntity:     IsReady: false
01-30 10:28:06.844 30183 30251 D MemberEntity:   Resolved walletAddress: 56ysxofWMrAAuFCpdhvC...
01-30 10:28:06.844 30183 30251 D MemberEntity: toDomain conversion:
01-30 10:28:06.844 30183 30251 D MemberEntity:   ID: 3f792859-dd64-4f54-b8f2-80742b2da7d4
01-30 10:28:06.844 30183 30251 D MemberEntity:   UserId: 106565310936244799465
01-30 10:28:06.844 30183 30251 D MemberEntity:   Name: 
01-30 10:28:06.844 30183 30251 D MemberEntity:   MultisigInfo before conversion: true
01-30 10:28:06.844 30183 30251 D MemberEntity:   MultisigInfo after conversion: true
01-30 10:28:06.844 30183 30251 D MemberEntity:     Address: 52Eo2e4TtkZaWnQhpqas...
01-30 10:28:06.844 30183 30251 D MemberEntity:     IsReady: false
01-30 10:28:06.845 30183 30251 D MemberEntity:   Resolved walletAddress: 52Eo2e4TtkZaWnQhpqas...
01-30 10:28:06.845 30183 30251 D MemberEntity: toDomain conversion:
01-30 10:28:06.845 30183 30251 D MemberEntity:   ID: 8bb678f2-8ec3-4e61-a91a-c07ca9307dbb
01-30 10:28:06.845 30183 30251 D MemberEntity:   UserId: 105624496574884292174
01-30 10:28:06.845 30183 30251 D MemberEntity:   Name: 
01-30 10:28:06.845 30183 30251 D MemberEntity:   MultisigInfo before conversion: true
01-30 10:28:06.845 30183 30251 D MemberEntity:   MultisigInfo after conversion: true
01-30 10:28:06.845 30183 30251 D MemberEntity:     Address: 56vXjTCTn7b1m8GQmeUS...
01-30 10:28:06.845 30183 30251 D MemberEntity:     IsReady: false
01-30 10:28:06.845 30183 30251 D MemberEntity:   Resolved walletAddress: 56vXjTCTn7b1m8GQmeUS...
01-30 10:28:06.880 30183 30183 D com.techducat.ajo.ui.dashboard.DashboardFragment: Loaded 1 ROSCAs
01-30 10:28:06.882 30183 30183 D com.techducat.ajo.ui.dashboard.DashboardFragment: === CHECKING CREATOR FINALIZATION TASKS ===
01-30 10:28:06.882 30183 30183 D com.techducat.ajo.ui.dashboard.DashboardFragment: User ID: 101162925197083414687
01-30 10:28:06.882 30183 30183 D com.techducat.ajo.ui.dashboard.DashboardFragment: Found 1 ROSCAs created by this user
01-30 10:28:06.882 30183 30183 I com.techducat.ajo.ui.dashboard.DashboardFragment:   rosca: Full and ready - checking if can finalize...
01-30 10:28:06.883 30183 30251 D com.techducat.ajo.repository.impl.RoscaRepositoryImpl: getMembersByRoscaId: Querying for ROSCA: rosca_1769765098568_108701876
01-30 10:28:06.883 30183 30248 D com.techducat.ajo.repository.impl.RoscaRepositoryImpl: getMembersByRoscaId: Querying for ROSCA: rosca_1769765098568_108701876
01-30 10:28:06.885 30183 30251 V com.techducat.ajo.data.local.DatabaseConverters: toMultisigInfo: Input JSON: {"address":"56ysxofWMrAAuFCpdhvCg6hyhDgKQBmfzcC8Z88nzTaeZwN8sf9hoxE7uNv6Ptgm7yfPYoykVQjqNFPf3xDib9ipQeS3iHa","viewKey":"","isReady":false,"exchangeState":"MultisigxV2R1SqsxqoGGPEABAcs7K7kxgrPzdFmC8cdCBKVBfdtfoSY8drSDGqtCTJH6AFt8KmdDJcX2VBCyDBzPJSe4AAQEnRirjUoBex3BocMXmLyZ2yRRcwJauWWRSrdEMXaBHv5ZKnU9WgRVCGRz5RjK3b1AajzYMhiJJkXReL2fCNeg11CCVKRW"}
01-30 10:28:06.885 30183 30251 D com.techducat.ajo.data.local.DatabaseConverters: toMultisigInfo: Successfully converted from JSON
01-30 10:28:06.885 30183 30251 D com.techducat.ajo.data.local.DatabaseConverters:   address: 56ysxofWMrAAuFCpdhvC...
01-30 10:28:06.885 30183 30251 D com.techducat.ajo.data.local.DatabaseConverters:   viewKey length: 0
01-30 10:28:06.885 30183 30251 D com.techducat.ajo.data.local.DatabaseConverters:   isReady: false
01-30 10:28:06.885 30183 30251 D com.techducat.ajo.data.local.DatabaseConverters:   exchangeState: MultisigxV2R1SqsxqoGGPEABAcs7K7kxgrPzdFmC8cdCBKVBfdtfoSY8drSDGqtCTJH6AFt8KmdDJcX2VBCyDBzPJSe4AAQEnRirjUoBex3BocMXmLyZ2yRRcwJauWWRSrdEMXaBHv5ZKnU9WgRVCGRz5RjK3b1AajzYMhiJJkXReL2fCNeg11CCVKRW
01-30 10:28:06.885 30183 30248 V com.techducat.ajo.data.local.DatabaseConverters: toMultisigInfo: Input JSON: {"address":"56ysxofWMrAAuFCpdhvCg6hyhDgKQBmfzcC8Z88nzTaeZwN8sf9hoxE7uNv6Ptgm7yfPYoykVQjqNFPf3xDib9ipQeS3iHa","viewKey":"","isReady":false,"exchangeState":"MultisigxV2R1SqsxqoGGPEABAcs7K7kxgrPzdFmC8cdCBKVBfdtfoSY8drSDGqtCTJH6AFt8KmdDJcX2VBCyDBzPJSe4AAQEnRirjUoBex3BocMXmLyZ2yRRcwJauWWRSrdEMXaBHv5ZKnU9WgRVCGRz5RjK3b1AajzYMhiJJkXReL2fCNeg11CCVKRW"}
01-30 10:28:06.885 30183 30251 V com.techducat.ajo.data.local.DatabaseConverters: toMultisigInfo: Input JSON: {"address":"52Eo2e4TtkZaWnQhpqashacEEVUcPLKtaYcPzZKFWjUwNwoKuMhAzyC2z8hkFoRJBN1yktQeqhstZXfpLQk7bnxHB1m34Z9","viewKey":"","isReady":false,"exchangeState":"MultisigxV2R1ZCPVbD5QM4cSqBDhpUkxAP3EQ7WQC3Utwcy6SQ1hRcH4ZUe13M4grA79AF9YuDQNN8axtd1HBduLb4wHMzc4sG4x3o59QYNUskFYPU1oVxL5mniL2Bj9rv37r9Hh8RqwnVd38oHWm7EGTAnVX2iBiYfdHKDzrRsqs77btjiXsbjWUATY"}
01-30 10:28:06.885 30183 30248 D com.techducat.ajo.data.local.DatabaseConverters: toMultisigInfo: Successfully converted from JSON
01-30 10:28:06.885 30183 30248 D com.techducat.ajo.data.local.DatabaseConverters:   address: 56ysxofWMrAAuFCpdhvC...
01-30 10:28:06.885 30183 30248 D com.techducat.ajo.data.local.DatabaseConverters:   viewKey length: 0
01-30 10:28:06.886 30183 30248 D com.techducat.ajo.data.local.DatabaseConverters:   isReady: false
01-30 10:28:06.886 30183 30248 D com.techducat.ajo.data.local.DatabaseConverters:   exchangeState: MultisigxV2R1SqsxqoGGPEABAcs7K7kxgrPzdFmC8cdCBKVBfdtfoSY8drSDGqtCTJH6AFt8KmdDJcX2VBCyDBzPJSe4AAQEnRirjUoBex3BocMXmLyZ2yRRcwJauWWRSrdEMXaBHv5ZKnU9WgRVCGRz5RjK3b1AajzYMhiJJkXReL2fCNeg11CCVKRW
01-30 10:28:06.886 30183 30248 V com.techducat.ajo.data.local.DatabaseConverters: toMultisigInfo: Input JSON: {"address":"52Eo2e4TtkZaWnQhpqashacEEVUcPLKtaYcPzZKFWjUwNwoKuMhAzyC2z8hkFoRJBN1yktQeqhstZXfpLQk7bnxHB1m34Z9","viewKey":"","isReady":false,"exchangeState":"MultisigxV2R1ZCPVbD5QM4cSqBDhpUkxAP3EQ7WQC3Utwcy6SQ1hRcH4ZUe13M4grA79AF9YuDQNN8axtd1HBduLb4wHMzc4sG4x3o59QYNUskFYPU1oVxL5mniL2Bj9rv37r9Hh8RqwnVd38oHWm7EGTAnVX2iBiYfdHKDzrRsqs77btjiXsbjWUATY"}
01-30 10:28:06.886 30183 30248 D com.techducat.ajo.data.local.DatabaseConverters: toMultisigInfo: Successfully converted from JSON
01-30 10:28:06.886 30183 30248 D com.techducat.ajo.data.local.DatabaseConverters:   address: 52Eo2e4TtkZaWnQhpqas...
01-30 10:28:06.886 30183 30251 D com.techducat.ajo.data.local.DatabaseConverters: toMultisigInfo: Successfully converted from JSON
01-30 10:28:06.886 30183 30248 D com.techducat.ajo.data.local.DatabaseConverters:   viewKey length: 0
01-30 10:28:06.886 30183 30248 D com.techducat.ajo.data.local.DatabaseConverters:   isReady: false
01-30 10:28:06.886 30183 30251 D com.techducat.ajo.data.local.DatabaseConverters:   address: 52Eo2e4TtkZaWnQhpqas...
01-30 10:28:06.886 30183 30248 D com.techducat.ajo.data.local.DatabaseConverters:   exchangeState: MultisigxV2R1ZCPVbD5QM4cSqBDhpUkxAP3EQ7WQC3Utwcy6SQ1hRcH4ZUe13M4grA79AF9YuDQNN8axtd1HBduLb4wHMzc4sG4x3o59QYNUskFYPU1oVxL5mniL2Bj9rv37r9Hh8RqwnVd38oHWm7EGTAnVX2iBiYfdHKDzrRsqs77btjiXsbjWUATY
01-30 10:28:06.886 30183 30251 D com.techducat.ajo.data.local.DatabaseConverters:   viewKey length: 0
01-30 10:28:06.886 30183 30251 D com.techducat.ajo.data.local.DatabaseConverters:   isReady: false
01-30 10:28:06.886 30183 30251 D com.techducat.ajo.data.local.DatabaseConverters:   exchangeState: MultisigxV2R1ZCPVbD5QM4cSqBDhpUkxAP3EQ7WQC3Utwcy6SQ1hRcH4ZUe13M4grA79AF9YuDQNN8axtd1HBduLb4wHMzc4sG4x3o59QYNUskFYPU1oVxL5mniL2Bj9rv37r9Hh8RqwnVd38oHWm7EGTAnVX2iBiYfdHKDzrRsqs77btjiXsbjWUATY
01-30 10:28:06.886 30183 30248 V com.techducat.ajo.data.local.DatabaseConverters: toMultisigInfo: Input JSON: {"address":"56vXjTCTn7b1m8GQmeUSyX4svzVdDuTV8GiapDhdEkdm6ZLYg2YirrMGHY94rWfwmP84seL9tSVQBjYjqCQkBCc18Vi2ZD7","viewKey":"","isReady":false,"exchangeState":"MultisigxV2R1EwZiNgSxuKQb8y9h6fhk1EbUX5ES9Zu41PUhaotKVus7DCgyqMk6kWLVg9hCPVSwvX54bYe7L7YBy24ZeMax844M7YAiyAYnLtZFnhb7v1GnCaYH17JyMBdZrJKdfQ3BVrEqHUijfgc5Ne1eutg8TWwuXBZLCL8ajNU6RSGukSEfYVJd"}
01-30 10:28:06.887 30183 30251 V com.techducat.ajo.data.local.DatabaseConverters: toMultisigInfo: Input JSON: {"address":"56vXjTCTn7b1m8GQmeUSyX4svzVdDuTV8GiapDhdEkdm6ZLYg2YirrMGHY94rWfwmP84seL9tSVQBjYjqCQkBCc18Vi2ZD7","viewKey":"","isReady":false,"exchangeState":"MultisigxV2R1EwZiNgSxuKQb8y9h6fhk1EbUX5ES9Zu41PUhaotKVus7DCgyqMk6kWLVg9hCPVSwvX54bYe7L7YBy24ZeMax844M7YAiyAYnLtZFnhb7v1GnCaYH17JyMBdZrJKdfQ3BVrEqHUijfgc5Ne1eutg8TWwuXBZLCL8ajNU6RSGukSEfYVJd"}
01-30 10:28:06.887 30183 30251 D com.techducat.ajo.data.local.DatabaseConverters: toMultisigInfo: Successfully converted from JSON
01-30 10:28:06.887 30183 30251 D com.techducat.ajo.data.local.DatabaseConverters:   address: 56vXjTCTn7b1m8GQmeUS...
01-30 10:28:06.887 30183 30251 D com.techducat.ajo.data.local.DatabaseConverters:   viewKey length: 0
01-30 10:28:06.887 30183 30251 D com.techducat.ajo.data.local.DatabaseConverters:   isReady: false
01-30 10:28:06.887 30183 30248 D com.techducat.ajo.data.local.DatabaseConverters: toMultisigInfo: Successfully converted from JSON
01-30 10:28:06.887 30183 30251 D com.techducat.ajo.data.local.DatabaseConverters:   exchangeState: MultisigxV2R1EwZiNgSxuKQb8y9h6fhk1EbUX5ES9Zu41PUhaotKVus7DCgyqMk6kWLVg9hCPVSwvX54bYe7L7YBy24ZeMax844M7YAiyAYnLtZFnhb7v1GnCaYH17JyMBdZrJKdfQ3BVrEqHUijfgc5Ne1eutg8TWwuXBZLCL8ajNU6RSGukSEfYVJd
01-30 10:28:06.887 30183 30248 D com.techducat.ajo.data.local.DatabaseConverters:   address: 56vXjTCTn7b1m8GQmeUS...
01-30 10:28:06.887 30183 30248 D com.techducat.ajo.data.local.DatabaseConverters:   viewKey length: 0
01-30 10:28:06.887 30183 30248 D com.techducat.ajo.data.local.DatabaseConverters:   isReady: false
01-30 10:28:06.887 30183 30248 D com.techducat.ajo.data.local.DatabaseConverters:   exchangeState: MultisigxV2R1EwZiNgSxuKQb8y9h6fhk1EbUX5ES9Zu41PUhaotKVus7DCgyqMk6kWLVg9hCPVSwvX54bYe7L7YBy24ZeMax844M7YAiyAYnLtZFnhb7v1GnCaYH17JyMBdZrJKdfQ3BVrEqHUijfgc5Ne1eutg8TWwuXBZLCL8ajNU6RSGukSEfYVJd
01-30 10:28:06.887 30183 30251 D com.techducat.ajo.repository.impl.RoscaRepositoryImpl: getMembersByRoscaId: Retrieved 3 member entities
01-30 10:28:06.887 30183 30251 D com.techducat.ajo.repository.impl.RoscaRepositoryImpl:   Member 0:
01-30 10:28:06.887 30183 30248 D com.techducat.ajo.repository.impl.RoscaRepositoryImpl: getMembersByRoscaId: Retrieved 3 member entities
01-30 10:28:06.887 30183 30251 D com.techducat.ajo.repository.impl.RoscaRepositoryImpl:     ID: 4b335ba0-ddf8-46c3-aedc-5e3e1fbc26ac
01-30 10:28:06.887 30183 30248 D com.techducat.ajo.repository.impl.RoscaRepositoryImpl:   Member 0:
01-30 10:28:06.887 30183 30248 D com.techducat.ajo.repository.impl.RoscaRepositoryImpl:     ID: 4b335ba0-ddf8-46c3-aedc-5e3e1fbc26ac
01-30 10:28:06.887 30183 30251 D com.techducat.ajo.repository.impl.RoscaRepositoryImpl:     User ID: 101162925197083414687
01-30 10:28:06.887 30183 30248 D com.techducat.ajo.repository.impl.RoscaRepositoryImpl:     User ID: 101162925197083414687
01-30 10:28:06.887 30183 30248 D com.techducat.ajo.repository.impl.RoscaRepositoryImpl:     Name: Creator
01-30 10:28:06.887 30183 30248 D com.techducat.ajo.repository.impl.RoscaRepositoryImpl:     MultisigInfo: present
01-30 10:28:06.887 30183 30248 D MemberEntity: toDomain conversion:
01-30 10:28:06.887 30183 30248 D MemberEntity:   ID: 4b335ba0-ddf8-46c3-aedc-5e3e1fbc26ac
01-30 10:28:06.888 30183 30248 D MemberEntity:   UserId: 101162925197083414687
01-30 10:28:06.888 30183 30248 D MemberEntity:   Name: Creator
01-30 10:28:06.888 30183 30248 D MemberEntity:   MultisigInfo before conversion: true
01-30 10:28:06.888 30183 30248 D MemberEntity:   MultisigInfo after conversion: true
01-30 10:28:06.888 30183 30251 D com.techducat.ajo.repository.impl.RoscaRepositoryImpl:     Name: Creator
01-30 10:28:06.888 30183 30251 D com.techducat.ajo.repository.impl.RoscaRepositoryImpl:     MultisigInfo: present
01-30 10:28:06.888 30183 30251 D MemberEntity: toDomain conversion:
01-30 10:28:06.888 30183 30251 D MemberEntity:   ID: 4b335ba0-ddf8-46c3-aedc-5e3e1fbc26ac
01-30 10:28:06.888 30183 30251 D MemberEntity:   UserId: 101162925197083414687
01-30 10:28:06.888 30183 30251 D MemberEntity:   Name: Creator
01-30 10:28:06.888 30183 30248 D MemberEntity:     Address: 56ysxofWMrAAuFCpdhvC...
01-30 10:28:06.888 30183 30248 D MemberEntity:     IsReady: false
01-30 10:28:06.888 30183 30248 D MemberEntity:   Resolved walletAddress: 56ysxofWMrAAuFCpdhvC...
01-30 10:28:06.888 30183 30251 D MemberEntity:   MultisigInfo before conversion: true
01-30 10:28:06.889 30183 30248 D com.techducat.ajo.repository.impl.RoscaRepositoryImpl:   Member 1:
01-30 10:28:06.889 30183 30248 D com.techducat.ajo.repository.impl.RoscaRepositoryImpl:     ID: 3f792859-dd64-4f54-b8f2-80742b2da7d4
01-30 10:28:06.889 30183 30251 D MemberEntity:   MultisigInfo after conversion: true
01-30 10:28:06.889 30183 30251 D MemberEntity:     Address: 56ysxofWMrAAuFCpdhvC...
01-30 10:28:06.889 30183 30251 D MemberEntity:     IsReady: false
01-30 10:28:06.889 30183 30251 D MemberEntity:   Resolved walletAddress: 56ysxofWMrAAuFCpdhvC...
01-30 10:28:06.889 30183 30251 D com.techducat.ajo.repository.impl.RoscaRepositoryImpl:   Member 1:
01-30 10:28:06.889 30183 30251 D com.techducat.ajo.repository.impl.RoscaRepositoryImpl:     ID: 3f792859-dd64-4f54-b8f2-80742b2da7d4
01-30 10:28:06.889 30183 30251 D com.techducat.ajo.repository.impl.RoscaRepositoryImpl:     User ID: 106565310936244799465
01-30 10:28:06.889 30183 30248 D com.techducat.ajo.repository.impl.RoscaRepositoryImpl:     User ID: 106565310936244799465
01-30 10:28:06.889 30183 30251 D com.techducat.ajo.repository.impl.RoscaRepositoryImpl:     Name: 
01-30 10:28:06.889 30183 30251 D com.techducat.ajo.repository.impl.RoscaRepositoryImpl:     MultisigInfo: present
01-30 10:28:06.889 30183 30251 D MemberEntity: toDomain conversion:
01-30 10:28:06.889 30183 30248 D com.techducat.ajo.repository.impl.RoscaRepositoryImpl:     Name: 
01-30 10:28:06.889 30183 30251 D MemberEntity:   ID: 3f792859-dd64-4f54-b8f2-80742b2da7d4
01-30 10:28:06.889 30183 30248 D com.techducat.ajo.repository.impl.RoscaRepositoryImpl:     MultisigInfo: present
01-30 10:28:06.889 30183 30251 D MemberEntity:   UserId: 106565310936244799465
01-30 10:28:06.889 30183 30251 D MemberEntity:   Name: 
01-30 10:28:06.889 30183 30251 D MemberEntity:   MultisigInfo before conversion: true
01-30 10:28:06.889 30183 30248 D MemberEntity: toDomain conversion:
01-30 10:28:06.889 30183 30251 D MemberEntity:   MultisigInfo after conversion: true
01-30 10:28:06.889 30183 30248 D MemberEntity:   ID: 3f792859-dd64-4f54-b8f2-80742b2da7d4
01-30 10:28:06.889 30183 30251 D MemberEntity:     Address: 52Eo2e4TtkZaWnQhpqas...
01-30 10:28:06.889 30183 30248 D MemberEntity:   UserId: 106565310936244799465
01-30 10:28:06.889 30183 30251 D MemberEntity:     IsReady: false
01-30 10:28:06.889 30183 30248 D MemberEntity:   Name: 
01-30 10:28:06.889 30183 30251 D MemberEntity:   Resolved walletAddress: 52Eo2e4TtkZaWnQhpqas...
01-30 10:28:06.889 30183 30248 D MemberEntity:   MultisigInfo before conversion: true
01-30 10:28:06.889 30183 30251 D com.techducat.ajo.repository.impl.RoscaRepositoryImpl:   Member 2:
01-30 10:28:06.889 30183 30251 D com.techducat.ajo.repository.impl.RoscaRepositoryImpl:     ID: 8bb678f2-8ec3-4e61-a91a-c07ca9307dbb
01-30 10:28:06.890 30183 30251 D com.techducat.ajo.repository.impl.RoscaRepositoryImpl:     User ID: 105624496574884292174
01-30 10:28:06.890 30183 30248 D MemberEntity:   MultisigInfo after conversion: true
01-30 10:28:06.890 30183 30251 D com.techducat.ajo.repository.impl.RoscaRepositoryImpl:     Name: 
01-30 10:28:06.890 30183 30248 D MemberEntity:     Address: 52Eo2e4TtkZaWnQhpqas...
01-30 10:28:06.890 30183 30251 D com.techducat.ajo.repository.impl.RoscaRepositoryImpl:     MultisigInfo: present
01-30 10:28:06.890 30183 30248 D MemberEntity:     IsReady: false
01-30 10:28:06.890 30183 30251 D MemberEntity: toDomain conversion:
01-30 10:28:06.890 30183 30248 D MemberEntity:   Resolved walletAddress: 52Eo2e4TtkZaWnQhpqas...
01-30 10:28:06.890 30183 30251 D MemberEntity:   ID: 8bb678f2-8ec3-4e61-a91a-c07ca9307dbb
01-30 10:28:06.890 30183 30248 D com.techducat.ajo.repository.impl.RoscaRepositoryImpl:   Member 2:
01-30 10:28:06.890 30183 30251 D MemberEntity:   UserId: 105624496574884292174
01-30 10:28:06.890 30183 30248 D com.techducat.ajo.repository.impl.RoscaRepositoryImpl:     ID: 8bb678f2-8ec3-4e61-a91a-c07ca9307dbb
01-30 10:28:06.890 30183 30251 D MemberEntity:   Name: 
01-30 10:28:06.890 30183 30248 D com.techducat.ajo.repository.impl.RoscaRepositoryImpl:     User ID: 105624496574884292174
01-30 10:28:06.890 30183 30251 D MemberEntity:   MultisigInfo before conversion: true
01-30 10:28:06.890 30183 30248 D com.techducat.ajo.repository.impl.RoscaRepositoryImpl:     Name: 
01-30 10:28:06.890 30183 30248 D com.techducat.ajo.repository.impl.RoscaRepositoryImpl:     MultisigInfo: present
01-30 10:28:06.890 30183 30248 D MemberEntity: toDomain conversion:
01-30 10:28:06.890 30183 30248 D MemberEntity:   ID: 8bb678f2-8ec3-4e61-a91a-c07ca9307dbb
01-30 10:28:06.890 30183 30248 D MemberEntity:   UserId: 105624496574884292174
01-30 10:28:06.890 30183 30248 D MemberEntity:   Name: 
01-30 10:28:06.890 30183 30248 D MemberEntity:   MultisigInfo before conversion: true
01-30 10:28:06.891 30183 30248 D MemberEntity:   MultisigInfo after conversion: true
01-30 10:28:06.891 30183 30248 D MemberEntity:     Address: 56vXjTCTn7b1m8GQmeUS...
01-30 10:28:06.891 30183 30251 D MemberEntity:   MultisigInfo after conversion: true
01-30 10:28:06.891 30183 30248 D MemberEntity:     IsReady: false
01-30 10:28:06.891 30183 30248 D MemberEntity:   Resolved walletAddress: 56vXjTCTn7b1m8GQmeUS...
01-30 10:28:06.891 30183 30248 D com.techducat.ajo.repository.impl.RoscaRepositoryImpl: getMembersByRoscaId: Converted to 3 domain members
01-30 10:28:06.891 30183 30251 D MemberEntity:     Address: 56vXjTCTn7b1m8GQmeUS...
01-30 10:28:06.891 30183 30251 D MemberEntity:     IsReady: false
01-30 10:28:06.891 30183 30248 D com.techducat.ajo.repository.impl.RoscaRepositoryImpl: getMembersByRoscaId: 3/3 members have multisig info
01-30 10:28:06.891 30183 30251 D MemberEntity:   Resolved walletAddress: 56vXjTCTn7b1m8GQmeUS...
01-30 10:28:06.891 30183 30251 D com.techducat.ajo.repository.impl.RoscaRepositoryImpl: getMembersByRoscaId: Converted to 3 domain members
01-30 10:28:06.892 30183 30251 D com.techducat.ajo.repository.impl.RoscaRepositoryImpl: getMembersByRoscaId: 3/3 members have multisig info
01-30 10:28:06.970 30183 30183 D com.techducat.ajo.ui.dashboard.DashboardFragment:     Members with multisig info: 3/3
01-30 10:28:06.970 30183 30183 I com.techducat.ajo.ui.dashboard.DashboardFragment:     ✅ All members ready! Attempting finalization...
01-30 10:28:06.971 30183 30183 D com.techducat.ajo.ui.dashboard.DashboardFragment:     Collected 3 member multisig infos (including creator)
01-30 10:28:06.971 30183 30183 D com.techducat.ajo.ui.dashboard.DashboardFragment:     ✓ All 3 members have multisig info, proceeding with finalization
01-30 10:28:06.976 30183 30251 I RoscaManager: ╔══════════════════════════════════════════════════════════════╗
01-30 10:28:06.976 30183 30251 I RoscaManager: ║           FINALIZING ROSCA SETUP (MULTI-ROUND)               ║
01-30 10:28:06.976 30183 30251 I RoscaManager: ╚══════════════════════════════════════════════════════════════╝
01-30 10:28:06.977 30183 30251 I RoscaManager: ROSCA ID: rosca_1769765098568_108701876
01-30 10:28:06.977 30183 30251 I RoscaManager: User ID: 101162925197083414687
01-30 10:28:06.977 30183 30251 I RoscaManager: Received 3 multisig info entries
01-30 10:28:06.981 30183 30251 D RoscaManager: ROSCA State:
01-30 10:28:06.981 30183 30251 D RoscaManager:   Name: rosca
01-30 10:28:06.981 30183 30251 D RoscaManager:   Status: SETUP
01-30 10:28:06.981 30183 30251 D RoscaManager:   Total Members: 3
01-30 10:28:06.981 30183 30251 D RoscaManager:   Current Members: 3
01-30 10:28:06.981 30183 30251 D RoscaManager: ✓ Member count validation passed
01-30 10:28:06.981 30183 30251 D RoscaManager: Validating multisig info format...
01-30 10:28:06.981 30183 30251 D RoscaManager:   Entry 0: address=56ysxofWMrAAuFC..., exchangeState length=189
01-30 10:28:06.981 30183 30251 D RoscaManager:   Entry 1: address=52Eo2e4TtkZaWnQ..., exchangeState length=189
01-30 10:28:06.981 30183 30251 D RoscaManager:   Entry 2: address=56vXjTCTn7b1m8G..., exchangeState length=189
01-30 10:28:06.981 30183 30251 D RoscaManager: ✓ Format validation passed - all entries are valid JSON with required fields
01-30 10:28:06.981 30183 30251 D RoscaManager: Switching to ROSCA wallet...
01-30 10:28:06.983 30183 30251 I com.techducat.ajo.util.WalletSelectionManager: === SWITCH TO ROSCA WALLET (THREAD-SAFE) ===
01-30 10:28:06.983 30183 30251 I com.techducat.ajo.util.WalletSelectionManager: ROSCA ID: rosca_1769765098568_108701876
01-30 10:28:06.983 30183 30251 I com.techducat.ajo.util.WalletSelectionManager: Path: /data/user/0/com.techducat.ajo/app_wallets/rosca_rosca_1769765098568_108701876_101162925197083414687
01-30 10:28:06.983 30183 30251 I com.techducat.ajo.util.WalletSelectionManager: ⚠️ Allowing incomplete multisig (creation/join phase)
01-30 10:28:06.983 30183 30251 D WalletSuite: Closing wallet file: /data/user/0/com.techducat.ajo/app_wallets/rosca_rosca_1769765098568_108701876_105624496574884292174
01-30 10:28:06.983 30183 30251 D WalletNDK: JNIStringGuard: Constructor - env: 0xb4000074759ce370, jstr: 0x721e0dab3c
01-30 10:28:06.983 30183 30251 D WalletNDK: JNIStringGuard: Got UTF chars: 0xb4000073c5a52040, valid: 1
01-30 10:28:06.983 30183 30251 D WalletNDK: JNIStringGuard: isValid() - 1 (cstr: 0xb4000073c5a52040, env: 0xb4000074759ce370)
01-30 10:28:06.983 30183 30251 D WalletNDK: JNIStringGuard: get() - returning 0xb4000073c5a52040
01-30 10:28:06.998 30183 30251 D WalletNDK: JNIStringGuard: Destructor - cstr: 0xb4000073c5a52040, released: 0
01-30 10:28:06.998 30183 30251 D WalletNDK: JNIStringGuard: Released UTF chars
01-30 10:28:06.999 30183 30251 D WalletNDK: closeJ: ENTER - closing wallet
01-30 10:28:06.999 30183 30251 D WalletNDK: closeJ: wallet handle: 0xb4000074d5a0e790
01-30 10:28:06.999 30183 30251 D WalletNDK: closeJ: wallet 0xb4000074d5a0e790 found in tracker (created by: openWalletJ)
01-30 10:28:06.999 30183 30251 D WalletNDK: WALLET_TRACKER: Current wallets (1):
01-30 10:28:06.999 30183 30251 D WalletNDK:   - 0xb4000074d5a0e790 (created by: openWalletJ)
01-30 10:28:07.003 30183 30251 D WalletNDK: WALLET_DELETE: 0xb4000074d5a0e790 deleting (created by: openWalletJ)
01-30 10:28:07.003 30183 30251 D WalletNDK: WALLET_DELETE: remaining wallets: 0
01-30 10:28:07.003 30183 30251 D WalletNDK: closeJ: wallet closed successfully
01-30 10:28:07.004 30183 30251 D com.techducat.ajo.util.WalletSelectionManager: Opening ROSCA wallet: /data/user/0/com.techducat.ajo/app_wallets/rosca_rosca_1769765098568_108701876_101162925197083414687
01-30 10:28:07.004 30183 30251 D WalletNDK: openWalletJ: ENTER
01-30 10:28:07.004 30183 30251 D WalletNDK: JNIStringGuard: Constructor - env: 0xb4000074759ce370, jstr: 0x721e0daebc
01-30 10:28:07.004 30183 30251 D WalletNDK: JNIStringGuard: Got UTF chars: 0xb4000073c5a35ed0, valid: 1
01-30 10:28:07.004 30183 30251 D WalletNDK: JNIStringGuard: Constructor - env: 0xb4000074759ce370, jstr: 0x721e0daec0
01-30 10:28:07.004 30183 30251 D WalletNDK: JNIStringGuard: Got UTF chars: 0xb4000073659ed5d0, valid: 1
01-30 10:28:07.004 30183 30251 D WalletNDK: JNIStringGuard: isValid() - 1 (cstr: 0xb4000073c5a35ed0, env: 0xb4000074759ce370)
01-30 10:28:07.004 30183 30251 D WalletNDK: JNIStringGuard: isValid() - 1 (cstr: 0xb4000073659ed5d0, env: 0xb4000074759ce370)
01-30 10:28:07.004 30183 30251 D WalletNDK: JNIStringGuard: get() - returning 0xb4000073c5a35ed0
01-30 10:28:07.004 30183 30251 D WalletNDK: JNIStringGuard: get() - returning 0xb4000073659ed5d0
01-30 10:28:07.004 30183 30251 D WalletNDK: openWalletJ: successfully copied strings
01-30 10:28:07.004 30183 30251 D WalletNDK: JNIStringGuard: Destructor - cstr: 0xb4000073659ed5d0, released: 0
01-30 10:28:07.004 30183 30251 D WalletNDK: JNIStringGuard: Released UTF chars
01-30 10:28:07.004 30183 30251 D WalletNDK: JNIStringGuard: Destructor - cstr: 0xb4000073c5a35ed0, released: 0
01-30 10:28:07.004 30183 30251 D WalletNDK: JNIStringGuard: Released UTF chars
01-30 10:28:07.004 30183 30251 D WalletNDK: openWalletJ: calling Monero::WalletManager::openWallet
01-30 10:28:07.734 30183 30251 D WalletNDK: WALLET_CREATE: 0xb4000074d5a0e790 created by openWalletJ (total wallets: 1)
01-30 10:28:07.734 30183 30251 D WalletNDK: openWalletJ: SUCCESS - wallet: 0xb4000074d5a0e790
01-30 10:28:07.739 30183 30251 D WalletNDK: JNIStringGuard: Constructor - env: 0xb4000074759ce370, jstr: 0x721e0db1dc
01-30 10:28:07.739 30183 30251 D WalletNDK: JNIStringGuard: Got UTF chars: 0xb4000073659ed1f0, valid: 1
01-30 10:28:07.739 30183 30251 D WalletNDK: JNIStringGuard: Constructor - env: 0xb4000074759ce370, jstr: 0x721e0db1e8
01-30 10:28:07.739 30183 30251 D WalletNDK: JNIStringGuard: Got UTF chars: 0xb400007365a04a50, valid: 1
01-30 10:28:07.739 30183 30251 D WalletNDK: JNIStringGuard: Constructor - env: 0xb4000074759ce370, jstr: 0x721e0db1ec
01-30 10:28:07.739 30183 30251 D WalletNDK: JNIStringGuard: Got UTF chars: 0xb400007365a04910, valid: 1
01-30 10:28:07.739 30183 30251 D WalletNDK: JNIStringGuard: isValid() - 1 (cstr: 0xb4000073659ed1f0, env: 0xb4000074759ce370)
01-30 10:28:07.739 30183 30251 D WalletNDK: JNIStringGuard: isValid() - 1 (cstr: 0xb400007365a04a50, env: 0xb4000074759ce370)
01-30 10:28:07.739 30183 30251 D WalletNDK: JNIStringGuard: get() - returning 0xb400007365a04a50
01-30 10:28:07.739 30183 30251 D WalletNDK: JNIStringGuard: isValid() - 1 (cstr: 0xb400007365a04910, env: 0xb4000074759ce370)
01-30 10:28:07.739 30183 30251 D WalletNDK: JNIStringGuard: get() - returning 0xb400007365a04910
01-30 10:28:07.739 30183 30251 D WalletNDK: JNIStringGuard: get() - returning 0xb4000073659ed1f0
01-30 10:28:10.740 30183 30251 D WalletNDK: JNIStringGuard: Destructor - cstr: 0xb400007365a04910, released: 0
01-30 10:28:10.740 30183 30251 D WalletNDK: JNIStringGuard: Released UTF chars
01-30 10:28:10.740 30183 30251 D WalletNDK: JNIStringGuard: Destructor - cstr: 0xb400007365a04a50, released: 0
01-30 10:28:10.740 30183 30251 D WalletNDK: JNIStringGuard: Released UTF chars
01-30 10:28:10.740 30183 30251 D WalletNDK: JNIStringGuard: Destructor - cstr: 0xb4000073659ed1f0, released: 0
01-30 10:28:10.740 30183 30251 D WalletNDK: JNIStringGuard: Released UTF chars
01-30 10:28:10.740 30183 30251 D com.techducat.ajo.util.WalletSelectionManager: ✓ Daemon initialized
01-30 10:28:10.740 30183 30251 D WalletSuite: Setting user wallet: /data/user/0/com.techducat.ajo/app_wallets/rosca_rosca_1769765098568_108701876_101162925197083414687
01-30 10:28:10.740 30183 30251 D WalletSuite: Cached wallet address: 56ysxofWMrAAuFC...
01-30 10:28:10.741 30183 30251 D com.techducat.ajo.util.WalletSelectionManager: 📱 Updating LiveData: ROSCA wallet rosca_1769765098568_108701876
01-30 10:28:10.741 30183 30251 I com.techducat.ajo.util.WalletSelectionManager: ✅ Switched to ROSCA wallet (thread-safe)
01-30 10:28:10.741 30183 30251 D RoscaManager: ✓ Switched to ROSCA wallet
01-30 10:28:10.741 30183 30251 I RoscaManager: 
01-30 10:28:10.741 30183 30251 I RoscaManager: ═══ CALLING makeMultisig (ROUND 1) ═══
01-30 10:28:10.741 30183 30251 I RoscaManager: Calling WalletSuite.finalizeRoscaSetup()...
01-30 10:28:10.741 30183 30251 D RoscaManager:   Multisig scheme: 2-of-3
01-30 10:28:10.741 30183 30251 D RoscaManager:   Total info entries: 3
01-30 10:28:10.741 30183 30251 D RoscaManager:   WalletSuite will filter out our own entry by address
01-30 10:28:10.741 30183 30350 I WalletSuite: ╔════════════════════════════════════════════════════════════════╗
01-30 10:28:10.741 30183 30350 I WalletSuite: ║           FINALIZE ROSCA SETUP - COMPREHENSIVE DEBUG          ║
01-30 10:28:10.741 30183 30350 I WalletSuite: ╚════════════════════════════════════════════════════════════════╝
01-30 10:28:10.741 30183 30350 I WalletSuite: ROSCA ID: rosca_1769765098568_108701876
01-30 10:28:10.741 30183 30350 I WalletSuite: Received 3 multisig entries from database
01-30 10:28:10.742 30183 30350 I WalletSuite: Expected threshold: 2
01-30 10:28:10.742 30183 30350 I WalletSuite: 
01-30 10:28:10.742 30183 30350 I WalletSuite: ═══ STEP 0: ANALYZING DATABASE DATA ═══
01-30 10:28:10.742 30183 30350 D WalletSuite: First entry analysis:
01-30 10:28:10.742 30183 30350 D WalletSuite:   - Length: 350 characters
01-30 10:28:10.742 30183 30350 D WalletSuite:   - Starts with '{': true
01-30 10:28:10.742 30183 30350 D WalletSuite:   - Starts with 'Multisig': false
01-30 10:28:10.742 30183 30350 D WalletSuite:   - First 100 chars: {"address":"56ysxofWMrAAuFCpdhvCg6hyhDgKQBmfzcC8Z88nzTaeZwN8sf9hoxE7uNv6Ptgm7yfPYoykVQjqNFPf3xDib9ip
01-30 10:28:10.742 30183 30350 I WalletSuite: 
01-30 10:28:10.742 30183 30350 I WalletSuite: Complete database entries dump:
